09-23 23:41:22.886 25904 25904 I MSHandlerLifeCycle: isMultiSplitHandlerRequested: ignored. pkg=com.samsung.android.mtp callers=com.android.internal.policy.DecorView.hasMultiSplitHandlerInNonFreeformMode:890 com.android.internal.policy.DecorView.dispatchTouchEvent:935 android.view.View.dispatchPointerEvent:15335 android.view.ViewRootImpl$ViewPostImeInputStage.processPointerEvent:7794 android.view.ViewRootImpl$ViewPostImeInputStage.onProcess:7567
09-23 23:41:22.949  5240  5382 D InputReader: Btn_touch(5): value=0 when=207051.117130
09-23 23:41:22.949  5240  5382 I InputReader: Touch event's action is 0x1 (id=2, t=0) [pCnt=1, s=] when=207051.117130
09-23 23:41:22.950  5240  5381 I InputDispatcher: Delivering touch to (25904): action: 0x1, f=0x0, d=0, '88d50ea', t=1 +(0,-1643)
09-23 23:41:22.950 25904 25904 I ViewRootImpl@bd9ff74[MtpPopupActivity]: ViewPostIme pointer 1
09-23 23:41:22.951  5240  5264 I GestureDetector: obtain mCurrentMotionEventRaw. action: 1 id: 955164151
09-23 23:41:22.951 25904 25904 I MSHandlerLifeCycle: isMultiSplitHandlerRequested: ignored. pkg=com.samsung.android.mtp isActivity=false callers=com.android.internal.policy.DecorView.hasMultiSplitHandlerInNonFreeformMode:890 com.android.internal.policy.DecorView.dispatchTouchEvent:930 android.view.View.dispatchPointerEvent:15335 android.view.ViewRootImpl$ViewPostImeInputStage.processPointerEvent:7794 android.view.ViewRootImpl$ViewPostImeInputStage.onProcess:7567
09-23 23:41:22.951 25904 25904 I MSHandlerLifeCycle: isMultiSplitHandlerRequested: windowingMode=1 isFullscreen=false isPopOver=false isHidden=false skipActivityType=false isHandlerType=true this: DecorView@2e3bec8[MtpPopupActivity]
09-23 23:41:22.951  5240  5264 I GestureDetector: obtain mCurrentMotionEventRaw. action: 1 id: 955164151
09-23 23:41:22.952 25904 25904 I MSHandlerLifeCycle: isMultiSplitHandlerRequested: ignored. pkg=com.samsung.android.mtp callers=com.android.internal.policy.DecorView.hasMultiSplitHandlerInNonFreeformMode:890 com.android.internal.policy.DecorView.dispatchTouchEvent:935 android.view.View.dispatchPointerEvent:15335 android.view.ViewRootImpl$ViewPostImeInputStage.processPointerEvent:7794 android.view.ViewRootImpl$ViewPostImeInputStage.onProcess:7567
09-23 23:41:22.963 25904 25904 I MtpPopupActivity: select mtp mode
09-23 23:41:22.969 25904 25904 I MSHandlerLifeCycle: removeMultiSplitHandler: no exist. decor=DecorView@5e2b877[MtpPopupActivity]
09-23 23:41:22.974 25904 13961 D OpenGLRenderer: setSurface called with nullptr
09-23 23:41:22.974 25904 13961 D OpenGLRenderer: setSurface() destroyed EGLSurface
09-23 23:41:22.974 25904 13961 D OpenGLRenderer: destroyEglSurface
09-23 23:41:22.976 25904 13961 D OpenGLRenderer: endAllActiveAnimators on 0x7d18f08200 (InsetDrawable) with handle 0x7d25188b00
09-23 23:41:22.976 25904 25904 I ViewRootImpl@bd9ff74[MtpPopupActivity]: dispatchDetachedFromWindow
09-23 23:41:22.978  5240  8170 D InputTransport: Input channel destroyed: '88d50ea', fd=824
09-23 23:41:22.978  5240  8170 W InputManager-JNI: Input channel object '88d50ea com.samsung.android.mtp/com.samsung.android.mtp.MtpPopupActivity (client)' was disposed without first being removed with the input manager!
09-23 23:41:22.978  5240  8170 D InputTransport: Input channel destroyed: '88d50ea', fd=977
09-23 23:41:22.981  5240  8170 I WindowManager: Reparenting to leash, surface=Surface(name=88d50ea com.samsung.android.mtp/com.samsung.android.mtp.MtpPopupActivity)/@0x59f3d89, leashParent=Surface(name=ActivityRecord{d4c5b06 u0 com.samsung.android.mtp/.MtpPopupActivity t1131})/@0xa83218e
09-23 23:41:22.983  4917  5734 I SurfaceFlinger: id=29818 createSurf (0x0),-1 flag=24000, Surface(name=88d50ea com.samsung.android.mtp/com.samsung.android.mtp.MtpPopupActivity)/@0x59f3d89 - animation-leash of window_animation#0
09-23 23:41:22.984  5240  8170 D WindowManager: makeSurface duration=2 leash=Surface(name=Surface(name=88d50ea com.samsung.android.mtp/com.samsung.android.mtp.MtpPopupActivity)/@0x59f3d89 - animation-leash of window_animation)/@0x4a524d8
09-23 23:41:22.985  5240  8170 V WindowManager: removeIfPossible 2, Window{88d50ea u0 com.samsung.android.mtp/com.samsung.android.mtp.MtpPopupActivity}: mAnimatingExit=true caller=com.android.server.wm.WindowState.removeIfPossible:2984 com.android.server.wm.WindowManagerService.removeWindow:2243 com.android.server.wm.Session.remove:225 android.view.IWindowSession$Stub.onTransact:746 com.android.server.wm.Session.onTransact:176
09-23 23:41:22.987  5240  8170 V WindowManager: Changing focus from Window{88d50ea u0 com.samsung.android.mtp/com.samsung.android.mtp.MtpPopupActivity EXITING} to Window{742aeb7 u0 com.samsung.android.mtp/com.samsung.android.mtp.MtpPopupActivity} displayId=0 Callers=com.android.server.wm.RootWindowContainer.updateFocusedWindowLocked:583 com.android.server.wm.WindowManagerService.updateFocusedWindowLocked:6453 com.android.server.wm.WindowState.setupWindowForRemoveOnExit:3175 com.android.server.wm.WindowState.removeIfPossible:3143
09-23 23:41:22.987  5240  8170 D MARsPolicyManager: onPackageResumedFG pkgName = com.samsung.android.mtp, userId = 0
09-23 23:41:22.989  5240  8170 I WindowManager: Cancelling animation restarting=true, leash=Surface(name=Surface(name=ba4ce9 NavigationBar0)/@0xc829161 - animation-leash of insets_animation)/@0xc9c3551
09-23 23:41:22.989  5240  8170 I WindowManager: Reparenting to original parent: Surface(name=WindowToken{cf2e170 android.os.BinderProxy@e88e122})/@0xde9a486, destroy=false, surface=Surface(name=ba4ce9 NavigationBar0)/@0xc829161
09-23 23:41:22.989  5240  8170 I WindowManager: Reparenting to leash, surface=Surface(name=ba4ce9 NavigationBar0)/@0xc829161, leashParent=Surface(name=WindowToken{cf2e170 android.os.BinderProxy@e88e122})/@0xde9a486
09-23 23:41:22.990  4917  7128 I SurfaceFlinger: id=29819 createSurf (0x0),-1 flag=24000, Surface(name=ba4ce9 NavigationBar0)/@0xc829161 - animation-leash of insets_animation#1
09-23 23:41:22.991  5240  8170 D WindowManager: makeSurface duration=2 leash=Surface(name=Surface(name=ba4ce9 NavigationBar0)/@0xc829161 - animation-leash of insets_animation)/@0x4722316
09-23 23:41:22.992  5240  8170 D StatusBarManagerService: notifyRequestedSystemKey recent=false home=false
09-23 23:41:22.994  5240  8172 D InputDispatcher: Focus left window (0): 88d50ea com.samsung.android.mtp/com.samsung.android.mtp.MtpPopupActivity
09-23 23:41:23.000 25904 25904 D InputTransport: Input channel destroyed: '88d50ea', fd=113
09-23 23:41:23.001  4917  4917 I Layer   : id=29811 removeFromCurrentState Surface(name=ba4ce9 NavigationBar0)/@0xc829161 - animation-leash of insets_animation#0 (170)
09-23 23:41:23.001  4917  4917 I SurfaceFlinger: id=29811 Removed Surface(name=ba4ce9 NavigationBar0)/@0xc829161 - animation-leash of insets_animation#0 (170)
09-23 23:41:23.002  4917  4917 I Layer   : id=29811 Destroyed Surface(name=ba4ce9 NavigationBar0)/@0xc829161 - animation-leash of insets_animation#0
09-23 23:41:23.010  5240  8170 V WindowManager: Changing focus from Window{742aeb7 u0 com.samsung.android.mtp/com.samsung.android.mtp.MtpPopupActivity} to Window{45833cd u0 org.telegram.messenger/org.telegram.messenger.DefaultIcon} displayId=0 Callers=com.android.server.wm.RootWindowContainer.updateFocusedWindowLocked:583 com.android.server.wm.WindowManagerService.updateFocusedWindowLocked:6453 com.android.server.wm.DisplayContent.layoutAndAssignWindowLayersIfNeeded:4693 com.android.server.wm.TaskDisplayArea.positionChildTaskAt:560
09-23 23:41:23.010  5240  8170 D MARsPolicyManager: onPackageResumedFG pkgName = org.telegram.messenger, userId = 0
09-23 23:41:23.011  5240  8170 I WindowManager: Cancelling animation restarting=true, leash=Surface(name=Surface(name=ba4ce9 NavigationBar0)/@0xc829161 - animation-leash of insets_animation)/@0x4722316
09-23 23:41:23.011  5240  8170 I WindowManager: Reparenting to original parent: Surface(name=WindowToken{cf2e170 android.os.BinderProxy@e88e122})/@0xde9a486, destroy=false, surface=Surface(name=ba4ce9 NavigationBar0)/@0xc829161
09-23 23:41:23.011  5240  8170 I WindowManager: Reparenting to leash, surface=Surface(name=ba4ce9 NavigationBar0)/@0xc829161, leashParent=Surface(name=WindowToken{cf2e170 android.os.BinderProxy@e88e122})/@0xde9a486
09-23 23:41:23.011  4917  7128 I SurfaceFlinger: id=29820 createSurf (0x0),-1 flag=24000, Surface(name=ba4ce9 NavigationBar0)/@0xc829161 - animation-leash of insets_animation#0
09-23 23:41:23.013  5240  8170 D WindowManager: makeSurface duration=1 leash=Surface(name=Surface(name=ba4ce9 NavigationBar0)/@0xc829161 - animation-leash of insets_animation)/@0xfb3b684
09-23 23:41:23.013  5240  8170 D StatusBarManagerService: notifyRequestedSystemKey recent=false home=false
09-23 23:41:23.014  5240  8170 W WindowManager: Prepare app transition: mNextAppTransitionRequests=[TRANSIT_CLOSE], mNextAppTransitionFlags=, displayId: 0 Callers=com.android.server.wm.DisplayContent.prepareAppTransition:6365 com.android.server.wm.DisplayContent.prepareAppTransition:6360 com.android.server.wm.ActivityRecord.finishIfPossible:3637 com.android.server.wm.ActivityClientController.finishActivity:529 android.app.IActivityClientController$Stub.onTransact:706
09-23 23:41:23.015  5240  8170 D RestrictionPolicy: isScreenCaptureEnabled : ret=true userId=0
09-23 23:41:23.015  5240  8170 D RestrictionPolicy: isScreenCaptureEnabled : ret=true userId=0
09-23 23:41:23.015  5240  8170 W WindowManager: Failed to take screenshot. Main window frame doesn't match for Task{9e2c5c7 #1131 type=standard A=10081:com.samsung.android.mtp U=0 visible=false mode=fullscreen translucent=true sz=1}, win=Window{742aeb7 u0 com.samsung.android.mtp/com.samsung.android.mtp.MtpPopupActivity}
09-23 23:41:23.020 25904 25904 D MtpService: In MTPAPP onReceive:com.samsung.android.mtp.intent.action.ADD_STORAGE
09-23 23:41:23.020 25904 25904 V MtpService: Adding MTP storage:/storage/emulated/0
09-23 23:41:23.024 25904 25904 V MtpStorage: MtpStorage id: 65537 path: /storage/emulated/0
09-23 23:41:23.024 25904 25904 V MtpServer: sendStoreAdded 00010001
09-23 23:41:23.026  4428  4428 D io_stats: !@   8,0 r 11606425 289170508 w 6758302 121890496 d 0 0 f 0 0 iot 4051240 0 th 0 0 0 pt 0 inp 0 0 207051.193
09-23 23:41:23.028 25904 25904 D MtpPopupActivity: dismiss dialog.
09-23 23:41:23.030  5240  8170 W ActivityTaskManager: Finishing task with all activities already finished
09-23 23:41:23.030  5240  8170 W ActivityTaskManager: Duplicate finish request for r=ActivityRecord{d4c5b06 u0 com.samsung.android.mtp/.MtpPopupActivity t1131 f}}
09-23 23:41:23.033  5240  8170 I SemDvfsHyPerManager: acquire hyper - AMS_ACT_RESUME/5240@32, type = -999
09-23 23:41:23.033  5240  8170 D ActivityManagerPerformance: AMP_acquire() ACT_RESUME
09-23 23:41:23.034  4917  4917 I Layer   : id=29819 removeFromCurrentState Surface(name=ba4ce9 NavigationBar0)/@0xc829161 - animation-leash of insets_animation#1 (170)
09-23 23:41:23.034  4854  4901 I HYPER-HAL: [RequestManager.cpp]acquire(): Acquired ID : 13899660  [5240 / 32]    HINT : AMS_ACT_RESUME    list :
09-23 23:41:23.040 25904 13955 V MtpServer: operation: MTP_OPERATION_GET_STORAGE_INFO
09-23 23:41:23.040 25904 13955 V MtpServer: got command MTP_OPERATION_GET_STORAGE_INFO (1005)
09-23 23:41:23.040  5240  8170 W WindowManager: Prepare app transition: mNextAppTransitionRequests=[TRANSIT_CLOSE, TRANSIT_OPEN], mNextAppTransitionFlags=, displayId: 0 Callers=com.android.server.wm.DisplayContent.prepareAppTransition:6365 com.android.server.wm.DisplayContent.prepareAppTransition:6360 com.android.server.wm.Task.resumeTopActivityInnerLocked:8388 com.android.server.wm.Task.resumeTopActivityInnerLocked:8097 com.android.server.wm.Task.resumeTopActivityUncheckedLocked:7995
09-23 23:41:23.041  5240  8170 D InputDispatcher: Focused application set to (0): 8e85792
09-23 23:41:23.041 25904 13955 D MtpServer: Storage[0x10001] 39984156672 :: 119489409024
09-23 23:41:23.041 25904 13955 V MtpServer: sending data:
09-23 23:41:23.041  5240  8170 D SGM:GameManager: TaskStackListener.onTaskFocusChanged(), taskId=1131, focused=false
09-23 23:41:23.041 25904 13955 V MtpServer: sending response 2001
09-23 23:41:23.041  5240  8170 D SGM:GameManager: TaskStackListener.onTaskFocusChanged(), taskId=1101, focused=true
09-23 23:41:23.042  5240  8170 D SGM:GameManager:   sendRunningComponentFocus(), pkgName: org.telegram.messenger, userId: 0
09-23 23:41:23.042  5240  5390 D SGM:GameManager: onLooperPrepared(), msg: MSG_TASK_FOCUSED, pkgName: org.telegram.messenger, userId: 0
09-23 23:41:23.042  5240  5390 D SGM:GameManager: handleTaskFocused().
09-23 23:41:23.042  5240  5390 D SGM:GameManager: sendFocusOutConditionally() - mPrevNotiPkg: (unknown), userId: 0
09-23 23:41:23.042  5240  5390 D SGM:GameManager:   handleTaskFocused(), pkgName: org.telegram.messenger, userID:0 mResumedPkgMap does not containsKey.
09-23 23:41:23.044  5240  8170 V WindowManager: rotationForOrientation(orient=SCREEN_ORIENTATION_UNSPECIFIED (-1), last=ROTATION_0 (0)); user=ROTATION_0 (0) USER_ROTATION_LOCKED
09-23 23:41:23.044  5240  8170 D WindowManager: rotationForOrientation, orientationSource=ActivityRecord{8e85792 u0 org.telegram.messenger/.DefaultIcon t1101}
09-23 23:41:23.045  5240  8170 V WindowManager: Computed rotation=ROTATION_0 (0) for display id=0 based on lastOrientation=SCREEN_ORIENTATION_UNSPECIFIED (-1) and oldRotation=ROTATION_0 (0), caller=com.android.server.wm.DisplayRotation.updateOrientation:407 com.android.server.wm.DisplayContent.updateOrientation:1939 com.android.server.wm.DisplayContent.updateOrientation:1877 com.android.server.wm.RootWindowContainer.ensureVisibilityAndConfig:2207 com.android.server.wm.Task.resumeTopActivityInnerLocked:8456 com.android.server.wm.Task.resumeTopActivityInnerLocked:8097
09-23 23:41:23.045  5240  8170 D TspStateManager: updateCustomValue customSetting=
09-23 23:41:23.045  5240  8170 D TspStateManager: updateCustomValue customSetting=
09-23 23:41:23.047 16267 16267 I ViewRootImpl@8218ffe[DefaultIcon]: stopped(false) old=false
09-23 23:41:23.047 16267 16267 I ViewRootImpl@47abf55[DefaultIcon]: stopped(false) old=false
09-23 23:41:23.048 16267 16267 I DecorView: notifyKeepScreenOnChanged: keepScreenOn=false
09-23 23:41:23.048 16267 16267 I MSHandlerLifeCycle: isMultiSplitHandlerRequested: windowingMode=1 isFullscreen=true isPopOver=false isHidden=false skipActivityType=false isHandlerType=true this: DecorView@1c85b99[DefaultIcon]
09-23 23:41:23.048  5240  8170 W WindowManager: Execute app transition: mNextAppTransitionRequests=[TRANSIT_CLOSE, TRANSIT_OPEN], mNextAppTransitionFlags=, displayId: 0 Callers=com.android.server.wm.RootWindowContainer.executeAppTransitionForAllDisplay:2700 com.android.server.wm.ActivityTaskSupervisor.reportResumedActivityLocked:2252 com.android.server.wm.ActivityRecord.completeResumeLocked:6338 com.android.server.wm.Task.resumeTopActivityInnerLocked:8546 com.android.server.wm.Task.resumeTopActivityInnerLocked:8097
09-23 23:41:23.049 16267 16267 I DecorView: notifyKeepScreenOnChanged: keepScreenOn=false
09-23 23:41:23.049  5240  8170 W WindowManager: Execute app transition: mNextAppTransitionRequests=[TRANSIT_CLOSE, TRANSIT_OPEN], mNextAppTransitionFlags=, displayId: 0 Callers=com.android.server.wm.Task.executeAppTransition:9990 com.android.server.wm.Task.resumeTopActivityInnerLocked:8140 com.android.server.wm.Task.resumeTopActivityInnerLocked:8097 com.android.server.wm.Task.resumeTopActivityUncheckedLocked:7995 com.android.server.wm.RootWindowContainer.resumeFocusedTasksTopActivities:2803
09-23 23:41:23.050 16267 16267 I MSHandlerLifeCycle: isMultiSplitHandlerRequested: windowingMode=1 isFullscreen=true isPopOver=false isHidden=false skipActivityType=false isHandlerType=true this: DecorView@1c85b99[DefaultIcon]
09-23 23:41:23.050 16267 16267 I MSHandlerLifeCycle: isMultiSplitHandlerRequested: windowingMode=1 isFullscreen=true isPopOver=false isHidden=false skipActivityType=false isHandlerType=true this: DecorView@1c85b99[DefaultIcon]
09-23 23:41:23.050 16267 16267 I MSHandlerLifeCycle: removeMultiSplitHandler: no exist. decor=DecorView@1c85b99[DefaultIcon]
09-23 23:41:23.051  5240  8170 W WindowManager: Execute app transition: mNextAppTransitionRequests=[TRANSIT_CLOSE, TRANSIT_OPEN], mNextAppTransitionFlags=, displayId: 0 Callers=com.android.server.wm.Task.executeAppTransition:9990 com.android.server.wm.Task.resumeTopActivityInnerLocked:8140 com.android.server.wm.Task.resumeTopActivityInnerLocked:8097 com.android.server.wm.Task.resumeTopActivityUncheckedLocked:7995 com.android.server.wm.Task.resumeTopActivityUncheckedLocked:8080
09-23 23:41:23.053 25904 13955 V MtpServer: operation: MTP_OPERATION_GET_DEVICE_PROP_DESC
09-23 23:41:23.053 25904 13955 V MtpServer: got command MTP_OPERATION_GET_DEVICE_PROP_DESC (1014)
09-23 23:41:23.053 25904 13955 V MtpServer: GetDevicePropDesc MTP_DEVICE_PROPERTY_PERCEIVED_DEVICE_TYPE
09-23 23:41:23.053 25904 13955 V MtpServer: sending data:
09-23 23:41:23.053 25904 13955 V MtpServer: sending response 2001
09-23 23:41:23.055 25904 13955 V MtpServer: operation: MTP_OPERATION_GET_STORAGE_IDS
09-23 23:41:23.055 25904 13955 V MtpServer: got command MTP_OPERATION_GET_STORAGE_IDS (1004)
09-23 23:41:23.055 25904 13955 D MtpServer: Storage[0] id : 0x10001
09-23 23:41:23.055 25904 13955 V MtpServer: sending data:
09-23 23:41:23.056 25904 13955 V MtpServer: sending response 2001
09-23 23:41:23.056  5240  8170 D WindowManager: Loading animation for app transition. transit=TRANSIT_OLD_TRANSLUCENT_ACTIVITY_CLOSE enter=false frame=Rect(0, 0 - 1080, 2131) insets=Rect(0, 0 - 0, 0) surfaceInsets=Rect(0, 0 - 0, 0)
09-23 23:41:23.056 25904 13955 V MtpServer: operation: MTP_OPERATION_GET_OBJECT_PROPS_SUPPORTED
09-23 23:41:23.056 25904 13955 V MtpServer: got command MTP_OPERATION_GET_OBJECT_PROPS_SUPPORTED (9801)
09-23 23:41:23.056 25904 13955 V MtpServer: sending data:
09-23 23:41:23.056 25904 13955 V MtpServer: sending response 2001
09-23 23:41:23.057 25904 13955 V MtpServer: operation: MTP_OPERATION_GET_OBJECT_PROPS_SUPPORTED
09-23 23:41:23.057 25904 13955 V MtpServer: got command MTP_OPERATION_GET_OBJECT_PROPS_SUPPORTED (9801)
09-23 23:41:23.057 25904 13955 V MtpServer: sending data:
09-23 23:41:23.057  5240  8170 I WindowManager: Reparenting to leash, surface=Surface(name=Task=1131)/@0xbd63469, leashParent=Surface(name=DefaultTaskDisplayArea)/@0x257cd8
09-23 23:41:23.057 25904 13955 V MtpServer: sending response 2001
09-23 23:41:23.057 25904 13955 V MtpServer: operation: MTP_OPERATION_GET_OBJECT_PROPS_SUPPORTED
09-23 23:41:23.057 25904 13955 V MtpServer: got command MTP_OPERATION_GET_OBJECT_PROPS_SUPPORTED (9801)
09-23 23:41:23.057 25904 13955 V MtpServer: sending data:
09-23 23:41:23.057  4917  5734 I SurfaceFlinger: id=29821 createSurf (0x0),-1 flag=24000, Surface(name=Task=1131)/@0xbd63469 - animation-leash of app_transition#0
09-23 23:41:23.057 25904 13955 V MtpServer: sending response 2001
09-23 23:41:23.058 25904 13955 V MtpServer: operation: MTP_OPERATION_GET_OBJECT_PROPS_SUPPORTED
09-23 23:41:23.058 25904 13955 V MtpServer: got command MTP_OPERATION_GET_OBJECT_PROPS_SUPPORTED (9801)
09-23 23:41:23.058 25904 13955 V MtpServer: sending data:
09-23 23:41:23.058 25904 13955 V MtpServer: sending response 2001
09-23 23:41:23.058  5240  8170 D WindowManager: makeSurface duration=1 leash=Surface(name=Surface(name=Task=1131)/@0xbd63469 - animation-leash of app_transition)/@0x627eee
09-23 23:41:23.058 25904 13955 V MtpServer: operation: MTP_OPERATION_GET_OBJECT_PROPS_SUPPORTED
09-23 23:41:23.058 25904 13955 V MtpServer: got command MTP_OPERATION_GET_OBJECT_PROPS_SUPPORTED (9801)
09-23 23:41:23.058 25904 13955 V MtpServer: sending data:
09-23 23:41:23.058 25904 13955 V MtpServer: sending response 2001
09-23 23:41:23.059 25904 13955 V MtpServer: operation: MTP_OPERATION_GET_OBJECT_PROPS_SUPPORTED
09-23 23:41:23.059 25904 13955 V MtpServer: got command MTP_OPERATION_GET_OBJECT_PROPS_SUPPORTED (9801)
09-23 23:41:23.059 25904 13955 V MtpServer: sending data:
09-23 23:41:23.059 25904 13955 V MtpServer: sending response 2001
09-23 23:41:23.060 25904 13955 V MtpServer: operation: MTP_OPERATION_GET_OBJECT_PROPS_SUPPORTED
09-23 23:41:23.060 25904 13955 V MtpServer: got command MTP_OPERATION_GET_OBJECT_PROPS_SUPPORTED (9801)
09-23 23:41:23.060 25904 13955 V MtpServer: sending data:
09-23 23:41:23.060 25904 13955 V MtpServer: sending response 2001
09-23 23:41:23.060 25904 13955 V MtpServer: operation: MTP_OPERATION_GET_OBJECT_PROPS_SUPPORTED
09-23 23:41:23.060 25904 13955 V MtpServer: got command MTP_OPERATION_GET_OBJECT_PROPS_SUPPORTED (9801)
09-23 23:41:23.060 25904 13955 V MtpServer: sending data:
09-23 23:41:23.060  5240  8170 I WindowManager: Reparenting to leash, surface=Surface(name=Dim Layer for - WindowedMagnification:0:31)/@0x4b52945, leashParent=Surface(name=WindowedMagnification:0:31)/@0x22119a6
09-23 23:41:23.060 25904 13955 V MtpServer: sending response 2001
09-23 23:41:23.061  4917  5734 I SurfaceFlinger: id=29822 createSurf (0x0),-1 flag=24000, Surface(name=Dim Layer for - WindowedMagnification:0:31)/@0x4b52945 - animation-leash of dimmer#0
09-23 23:41:23.061 25904 13955 V MtpServer: operation: MTP_OPERATION_GET_OBJECT_PROPS_SUPPORTED
09-23 23:41:23.061 25904 13955 V MtpServer: got command MTP_OPERATION_GET_OBJECT_PROPS_SUPPORTED (9801)
09-23 23:41:23.061 25904 13955 V MtpServer: sending data:
09-23 23:41:23.061 25904 13955 V MtpServer: sending response 2001
09-23 23:41:23.061 25904 13955 V MtpServer: operation: MTP_OPERATION_GET_OBJECT_PROPS_SUPPORTED
09-23 23:41:23.061 25904 13955 V MtpServer: got command MTP_OPERATION_GET_OBJECT_PROPS_SUPPORTED (9801)
09-23 23:41:23.061 25904 13955 V MtpServer: sending data:
09-23 23:41:23.062  5240  8170 D WindowManager: makeSurface duration=1 leash=Surface(name=Surface(name=Dim Layer for - WindowedMagnification:0:31)/@0x4b52945 - animation-leash of dimmer)/@0x6b0bf8f
09-23 23:41:23.062 25904 13955 V MtpServer: sending response 2001
09-23 23:41:23.062 25904 13955 V MtpServer: operation: MTP_OPERATION_GET_OBJECT_PROPS_SUPPORTED
09-23 23:41:23.062 25904 13955 V MtpServer: got command MTP_OPERATION_GET_OBJECT_PROPS_SUPPORTED (9801)
09-23 23:41:23.062 25904 13955 V MtpServer: sending data:
09-23 23:41:23.062 25904 13955 V MtpServer: sending response 2001
09-23 23:41:23.062 25904 13955 V MtpServer: operation: MTP_OPERATION_GET_OBJECT_PROPS_SUPPORTED
09-23 23:41:23.063 25904 13955 V MtpServer: got command MTP_OPERATION_GET_OBJECT_PROPS_SUPPORTED (9801)
09-23 23:41:23.063 25904 13955 V MtpServer: sending data:
09-23 23:41:23.063 25904 13955 V MtpServer: sending response 2001
09-23 23:41:23.063 25904 13955 V MtpServer: operation: MTP_OPERATION_GET_OBJECT_PROPS_SUPPORTED
09-23 23:41:23.063 25904 13955 V MtpServer: got command MTP_OPERATION_GET_OBJECT_PROPS_SUPPORTED (9801)
09-23 23:41:23.063 25904 13955 V MtpServer: sending data:
09-23 23:41:23.063 25904 13955 V MtpServer: sending response 2001
09-23 23:41:23.064  5240  5389 V ActivityManager: Changed top to ProcessRecord{7889de0 16267:org.telegram.messenger/u0a248}
09-23 23:41:23.064  5240  5266 D SGM:GameManager: notePauseComponent(), received pkgName: com.samsung.android.mtp, userId: 0
09-23 23:41:23.065  5240  8299 V WindowManager: Relayout Window{e02e665 u0 org.telegram.messenger/org.telegram.messenger.DefaultIcon}: viewVisibility=0 req=1080x2340 d0
09-23 23:41:23.065 25904 13955 V MtpServer: operation: MTP_OPERATION_GET_OBJECT_PROPS_SUPPORTED
09-23 23:41:23.065 25904 13955 V MtpServer: got command MTP_OPERATION_GET_OBJECT_PROPS_SUPPORTED (9801)
09-23 23:41:23.065 25904 13955 V MtpServer: sending data:
09-23 23:41:23.065 25904 13955 V MtpServer: sending response 2001
09-23 23:41:23.065 25904 13955 V MtpServer: operation: MTP_OPERATION_GET_OBJECT_PROPS_SUPPORTED
09-23 23:41:23.065 25904 13955 V MtpServer: got command MTP_OPERATION_GET_OBJECT_PROPS_SUPPORTED (9801)
09-23 23:41:23.065 25904 13955 V MtpServer: sending data:
09-23 23:41:23.066 25904 13955 V MtpServer: sending response 2001
09-23 23:41:23.066 25904 13955 V MtpServer: operation: MTP_OPERATION_GET_OBJECT_PROPS_SUPPORTED
09-23 23:41:23.066 25904 13955 V MtpServer: got command MTP_OPERATION_GET_OBJECT_PROPS_SUPPORTED (9801)
09-23 23:41:23.066 25904 13955 V MtpServer: sending data:
09-23 23:41:23.066 25904 13955 V MtpServer: sending response 2001
09-23 23:41:23.067 25904 13955 V MtpServer: operation: MTP_OPERATION_GET_OBJECT_PROPS_SUPPORTED
09-23 23:41:23.067 25904 13955 V MtpServer: got command MTP_OPERATION_GET_OBJECT_PROPS_SUPPORTED (9801)
09-23 23:41:23.067 25904 13955 V MtpServer: sending data:
09-23 23:41:23.067 25904 13955 V MtpServer: sending response 2001
09-23 23:41:23.067 25904 13955 V MtpServer: operation: MTP_OPERATION_GET_OBJECT_PROPS_SUPPORTED
09-23 23:41:23.067 25904 13955 V MtpServer: got command MTP_OPERATION_GET_OBJECT_PROPS_SUPPORTED (9801)
09-23 23:41:23.067 25904 13955 V MtpServer: sending data:
09-23 23:41:23.067 25904 13955 V MtpServer: sending response 2001
09-23 23:41:23.067  5240  8299 V WindowManager: Relayout hash=e02e665, pid=16267: mAttrs={(0,0)(fillxfill) sim={adjust=resize forwardNavigation} layoutInDisplayCutoutMode=shortEdges ty=BASE_APPLICATION fmt=TRANSLUCENT wanim=0x1030303
09-23 23:41:23.067  5240  8299 V WindowManager:   fl=81810100
09-23 23:41:23.067  5240  8299 V WindowManager:   pfl=12020040
09-23 23:41:23.067  5240  8299 V WindowManager:   vsysui=500
09-23 23:41:23.067  5240  8299 V WindowManager:   bhv=DEFAULT
09-23 23:41:23.067  5240  8299 V WindowManager:   fitSides= naviIconColor=0}
09-23 23:41:23.068 25904 13955 V MtpServer: operation: MTP_OPERATION_GET_OBJECT_PROPS_SUPPORTED
09-23 23:41:23.068 25904 13955 V MtpServer: got command MTP_OPERATION_GET_OBJECT_PROPS_SUPPORTED (9801)
09-23 23:41:23.068 25904 13955 V MtpServer: sending data:
09-23 23:41:23.068 25904 13955 V MtpServer: sending response 2001
09-23 23:41:23.068 16267 16267 I ViewRootImpl@47abf55[DefaultIcon]: Relayout returned: old=(0,0,1080,2340) new=(0,0,1080,2340) req=(1080,2340)0 dur=17 res=0x1 s={true 536177090560} ch=false fn=2
09-23 23:41:23.068 25904 13955 V MtpServer: operation: MTP_OPERATION_GET_OBJECT_PROPS_SUPPORTED
09-23 23:41:23.068 25904 13955 V MtpServer: got command MTP_OPERATION_GET_OBJECT_PROPS_SUPPORTED (9801)
09-23 23:41:23.068 25904 13955 V MtpServer: sending data:
09-23 23:41:23.069 25904 13955 V MtpServer: sending response 2001
09-23 23:41:23.069 25904 13955 V MtpServer: operation: MTP_OPERATION_GET_OBJECT_PROPS_SUPPORTED
09-23 23:41:23.069 25904 13955 V MtpServer: got command MTP_OPERATION_GET_OBJECT_PROPS_SUPPORTED (9801)
09-23 23:41:23.069 25904 13955 V MtpServer: sending data:
09-23 23:41:23.069 25904 13955 V MtpServer: sending response 2001
09-23 23:41:23.069  5240  8299 D InputDispatcher: Focus entered window (0): 45833cd org.telegram.messenger/org.telegram.messenger.DefaultIcon
09-23 23:41:23.069 25904 13955 V MtpServer: operation: MTP_OPERATION_GET_OBJECT_PROPS_SUPPORTED
09-23 23:41:23.069 25904 13955 V MtpServer: got command MTP_OPERATION_GET_OBJECT_PROPS_SUPPORTED (9801)
09-23 23:41:23.069 25904 13955 V MtpServer: sending data:
09-23 23:41:23.070 25904 13955 V MtpServer: sending response 2001
09-23 23:41:23.070 25904 13955 V MtpServer: operation: MTP_OPERATION_GET_OBJECT_PROPS_SUPPORTED
09-23 23:41:23.070 25904 13955 V MtpServer: got command MTP_OPERATION_GET_OBJECT_PROPS_SUPPORTED (9801)
09-23 23:41:23.070 25904 13955 V MtpServer: sending data:
09-23 23:41:23.070 25904 13955 V MtpServer: sending response 2001
09-23 23:41:23.072 25904 13955 V MtpServer: operation: MTP_OPERATION_GET_OBJECT_PROPS_SUPPORTED
09-23 23:41:23.072 25904 13955 V MtpServer: got command MTP_OPERATION_GET_OBJECT_PROPS_SUPPORTED (9801)
09-23 23:41:23.072 25904 13955 V MtpServer: sending data:
09-23 23:41:23.072 25904 13955 V MtpServer: sending response 2001
09-23 23:41:23.073  5240  5240 I CocktailBarManagerServiceContainer: handleMessage: entry what = 6
09-23 23:41:23.076 25904 13955 V MtpServer: operation: MTP_OPERATION_GET_OBJECT_PROPS_SUPPORTED
09-23 23:41:23.076 25904 13955 V MtpServer: got command MTP_OPERATION_GET_OBJECT_PROPS_SUPPORTED (9801)
09-23 23:41:23.076 25904 13955 V MtpServer: sending data:
09-23 23:41:23.077 25904 13955 V MtpServer: sending response 2001
09-23 23:41:23.077 25904 13955 V MtpServer: operation: MTP_OPERATION_GET_OBJECT_PROPS_SUPPORTED
09-23 23:41:23.077 25904 13955 V MtpServer: got command MTP_OPERATION_GET_OBJECT_PROPS_SUPPORTED (9801)
09-23 23:41:23.077 25904 13955 V MtpServer: sending data:
09-23 23:41:23.077 25904 13955 V MtpServer: sending response 2001
09-23 23:41:23.077  5240  5266 D SGM:GameManager: identifyGamePackage. org.telegram.messenger, mCurrentUserId: 0, callerUserId: 0, callingMethodInfo: com.android.server.ssrm.fgapps.GameAppUtils.isGame(GameAppUtils.java:84)
09-23 23:41:23.077  5240  5266 D SGM:PkgDataHelper: getGamePkgData(). org.telegram.messenger
09-23 23:41:23.078  5240  5266 D SGM:GameManager: identifyGamePackage. org.telegram.messenger, mCurrentUserId: 0, callerUserId: 0, callingMethodInfo: com.android.server.ssrm.SortingMachine.isGame(SortingMachine.java:162)
09-23 23:41:23.078  5240  5266 D SGM:PkgDataHelper: getGamePkgData(). org.telegram.messenger
09-23 23:41:23.078  5240  5266 D SGM:GameManager: noteResumeComponent(), received pkgName: org.telegram.messenger, userId: 0
09-23 23:41:23.078  5240  5266 I GameSDK@LifeCycle: noteResumeComponent(): package name  : org.telegram.messenger
09-23 23:41:23.078  5240  5390 D SGM:GameManager: onLooperPrepared(), msg: MSG_APP_RESUME, pkgName: org.telegram.messenger, userid: 0
09-23 23:41:23.079  5240  5390 D SGM:GameManager: handleResume().
09-23 23:41:23.079  5240  5390 D SGM:GameManager: sendFocusOutConditionally() - mPrevNotiPkg: (unknown), userId: 0
09-23 23:41:23.079  5240  5390 D SGM:GameManager:   handleResume(). pkgName: org.telegram.messenger, userId: 0, isTunableApp: null
09-23 23:41:23.079  5240  5390 D SGM:GameManager: notifyFocusInOut(). of pkg: org.telegram.messenger, type: 4, isMinimized: false, isTunableApp: false, userId: 0
09-23 23:41:23.079  5240  5390 D SGM:GameManager:   notifyFocusInOut(). unexpected mPrevNotiType: -1
09-23 23:41:23.079  5240  5390 D SGM:NetworkLimit: callRelease
09-23 23:41:23.079  5240  5240 I CocktailBarManagerServiceContainer: handleMessage: entry what = 5
09-23 23:41:23.079  5240  5390 D SGM:SystemHelper: callReleaseBlock needReleaseBlock:false
09-23 23:41:23.081  9884  9884 I Utils   : HomePackage : com.sec.android.app.launcher, resumePackageName : org.telegram.messenger
09-23 23:41:23.084  5240  5266 W ProcessStats: Tracking association SourceState{9eab899 system/1000 BTopFgs #821523} whose proc state 2 is better than process ProcessState{c224a70 com.adguard.android/10280 pkg=com.adguard.android} proc state 3 (57 skipped)
09-23 23:41:23.087 16267 16267 I ViewRootImpl@8218ffe[DefaultIcon]: MSG_WINDOW_FOCUS_CHANGED 1 1
09-23 23:41:23.105 25904 25904 I ViewRootImpl@a519ee0[MtpPopupActivity]: stopped(true) old=false
09-23 23:41:23.105  5240  5266 I ActivityManager: Changes in 10081 2 to 10, 15 to 0
09-23 23:41:23.106 18931 18931 D HidDeviceService: handleMessage(): msg.what=8
09-23 23:41:23.107 25904 25904 I MSHandlerLifeCycle: isMultiSplitHandlerRequested: windowingMode=1 isFullscreen=false isPopOver=false isHidden=false skipActivityType=false isHandlerType=true this: DecorView@2e3bec8[MtpPopupActivity]
09-23 23:41:23.108  5240  5264 D NetworkPolicy: onUidStateChanged() uid: 10081, isForeground(false, 10)
09-23 23:41:23.108 25904 25904 I MSHandlerLifeCycle: isMultiSplitHandlerRequested: ignored. pkg=com.samsung.android.mtp callers=com.android.internal.policy.DecorView.setVisibility:4294 android.app.ActivityThread.updateVisibility:5738 android.app.ActivityThread.handleStopActivity:5756 android.app.servertransaction.TransactionExecutor.performLifecycleSequence:234 android.app.servertransaction.TransactionExecutor.cycleToPath:201
09-23 23:41:23.108 25904 25904 I MSHandlerLifeCycle: removeMultiSplitHandler: no exist. decor=DecorView@2e3bec8[MtpPopupActivity]
09-23 23:41:23.108 25904 25904 D MtpPopupActivity: on destroy
09-23 23:41:23.109 25904 25904 I MSHandlerLifeCycle: removeMultiSplitHandler: no exist. decor=DecorView@2e3bec8[MtpPopupActivity]
09-23 23:41:23.113 25904 13961 D OpenGLRenderer: setSurface called with nullptr
09-23 23:41:23.113 25904 13961 D OpenGLRenderer: setSurface() destroyed EGLSurface
09-23 23:41:23.113 25904 13961 D OpenGLRenderer: destroyEglSurface
09-23 23:41:23.114 25904 25904 I ViewRootImpl@a519ee0[MtpPopupActivity]: dispatchDetachedFromWindow
09-23 23:41:23.115  5240  5254 D InputTransport: Input channel destroyed: '742aeb7', fd=978
09-23 23:41:23.115  5240  5254 W InputManager-JNI: Input channel object '742aeb7 com.samsung.android.mtp/com.samsung.android.mtp.MtpPopupActivity (client)' was disposed without first being removed with the input manager!
09-23 23:41:23.115  5240  5254 D InputTransport: Input channel destroyed: '742aeb7', fd=980
09-23 23:41:23.116  5240  5254 I WindowManager: Reparenting to leash, surface=Surface(name=742aeb7 com.samsung.android.mtp/com.samsung.android.mtp.MtpPopupActivity)/@0x10707a1, leashParent=Surface(name=ActivityRecord{d4c5b06 u0 com.samsung.android.mtp/.MtpPopupActivity t1131})/@0xa83218e
09-23 23:41:23.116  4917  5734 I SurfaceFlinger: id=29823 createSurf (0x0),-1 flag=24000, Surface(name=742aeb7 com.samsung.android.mtp/com.samsung.android.mtp.MtpPopupActivity)/@0x10707a1 - animation-leash of window_animation#0
09-23 23:41:23.117  5240  5254 D WindowManager: makeSurface duration=1 leash=Surface(name=Surface(name=742aeb7 com.samsung.android.mtp/com.samsung.android.mtp.MtpPopupActivity)/@0x10707a1 - animation-leash of window_animation)/@0xbd77dc6
09-23 23:41:23.118  5240  5254 V WindowManager: removeIfPossible 2, Window{742aeb7 u0 com.samsung.android.mtp/com.samsung.android.mtp.MtpPopupActivity}: mAnimatingExit=true caller=com.android.server.wm.WindowState.removeIfPossible:2984 com.android.server.wm.WindowManagerService.removeWindow:2243 com.android.server.wm.Session.remove:225 android.view.IWindowSession$Stub.onTransact:746 com.android.server.wm.Session.onTransact:176
09-23 23:41:23.122 25904 25904 D InputTransport: Input channel destroyed: '742aeb7', fd=112
09-23 23:41:23.122  4917  4917 D SurfaceFlinger: Display 0 HWC layers:
09-23 23:41:23.122  4917  4917 D SurfaceFlinger:      DEVICE | 0x7e1a4c0d80 | 0100 | RGBA_8888    |    0.0    0.0 1080.0 2340.0 |    0    0 1080 2340 | org.telegram.messenger/org.telegram.messenger.DefaultIcon$_16267#1
09-23 23:41:23.122  4917  4917 D SurfaceFlinger:      DEVICE | 0x7df6344280 | 0100 | RGBA_8888    |    0.0    0.0 1080.0 2340.0 |    0    0 1080 2340 | org.telegram.messenger/org.telegram.messenger.DefaultIcon$_16267#0
09-23 23:41:23.122  4917  4917 D SurfaceFlinger:  SOLID_COLOR |              | 0000 |  Unknown  |    0.0    0.0    0.0    0.0 |    0    0 1080 2340 | Dim Layer for - WindowedMagnification:0:31#0
09-23 23:41:23.122  4917  4917 D SurfaceFlinger:      DEVICE | 0x7df63466c0 | 0100 | RGBA_8888    |    0.0    0.0   67.0  331.0 | 1013  288 1080  619 | com.samsung.android.app.cocktailbars[...]arservice.CocktailBarService$_9884#0
09-23 23:41:23.122  4917  4917 D SurfaceFlinger:      DEVICE | 0x7e1a4c0ec0 | 0100 | RGBA_8888    |    0.0    0.0 1080.0  126.0 |    0 2214 1080 2340 | NavigationBar0$_18045#0
09-23 23:41:23.122  4917  4917 D SurfaceFlinger:      DEVICE | 0x7de923e640 | 0140 | RGBA_8888    |    0.0    0.0 1080.0  151.0 |    0    0 1080  151 | ScreenDecorOverlay$_18045#0
09-23 23:41:23.122  4917  4917 D SurfaceFlinger:      DEVICE | 0x7df61f1940 | 0140 | RGBA_8888    |    0.0    0.0 1080.0  151
09-23 23:41:23.122  4917  4917 D SurfaceFlinger: .0 |    0 2189 1080 2340 | ScreenDecorOverlayBottom$_18045#0
09-23 23:41:23.122  4917  4917 D SurfaceFlinger:
09-23 23:41:23.123  5240  8170 I ActivityTaskManager: Removing activity ActivityRecord{d4c5b06 u0 com.samsung.android.mtp/.MtpPopupActivity t1131 f}}(activityDestroyed)  from stack callers=com.android.server.wm.ActivityRecord.destroyed:4099 com.android.server.wm.ActivityClientController.activityDestroyed:288 android.app.IActivityClientController$Stub.onTransact:604 com.android.server.wm.ActivityClientController.onTransact:130 android.os.Binder.execTransactInternal:1220
09-23 23:41:23.153  6150 32006 I RecentModel: onTaskStackChangedBackground
09-23 23:41:23.168  5240  5267 I WindowManager: Reparenting to original parent: Surface(name=DefaultTaskDisplayArea)/@0x257cd8, destroy=true, surface=Surface(name=Task=1131)/@0xbd63469
09-23 23:41:23.168  5240  5267 V WindowManager: Setting visibility of Window{88d50ea u0 com.samsung.android.mtp/com.samsung.android.mtp.MtpPopupActivity EXITING}: false, caller=com.android.server.wm.WindowContainer.sendAppVisibilityToClients:1104 com.android.server.wm.WindowToken.setClientVisible:448 com.android.server.wm.ActivityRecord.setClientVisible:7003 com.android.server.wm.ActivityRecord.onAnimationFinished:7890 com.android.server.wm.WindowContainer.doAnimationFinished:3101
09-23 23:41:23.169  5240  5267 V WindowManager: Setting visibility of Window{742aeb7 u0 com.samsung.android.mtp/com.samsung.android.mtp.MtpPopupActivity EXITING}: false, caller=com.android.server.wm.WindowContainer.sendAppVisibilityToClients:1104 com.android.server.wm.WindowToken.setClientVisible:448 com.android.server.wm.ActivityRecord.setClientVisible:7003 com.android.server.wm.ActivityRecord.onAnimationFinished:7890 com.android.server.wm.WindowContainer.doAnimationFinished:3101
09-23 23:41:23.169 25904 25904 I ViewRootImpl@bd9ff74[MtpPopupActivity]: handleAppVisibility mAppVisible=true visible=false
09-23 23:41:23.169  4917  4935 I SurfaceFlinger: id=29819 Removed Surface(name=ba4ce9 NavigationBar0)/@0xc829161 - animation-leash of insets_animation#1 (173)
09-23 23:41:23.184  4917  4917 I Layer   : id=29819 Destroyed Surface(name=ba4ce9 NavigationBar0)/@0xc829161 - animation-leash of insets_animation#1
09-23 23:41:23.184 25904 25904 I ViewRootImpl@a519ee0[MtpPopupActivity]: handleAppVisibility mAppVisible=true visible=false
09-23 23:41:23.185  5240  5264 I GestureDetector: handleMessage TAP
09-23 23:41:23.186  5240  5240 I GestureDetector: handleMessage TAP
09-23 23:41:23.201  4917  4917 I Layer   : id=29821 removeFromCurrentState Surface(name=Task=1131)/@0xbd63469 - animation-leash of app_transition#0 (172)
09-23 23:41:23.201  4917  4917 I SurfaceFlinger: id=29821 Removed Surface(name=Task=1131)/@0xbd63469 - animation-leash of app_transition#0 (172)
09-23 23:41:23.201  4917  4917 I Layer   : id=29821 Destroyed Surface(name=Task=1131)/@0xbd63469 - animation-leash of app_transition#0
09-23 23:41:23.206  4917  4917 D SurfaceFlinger: Display 0 HWC layers:
09-23 23:41:23.206  4917  4917 D SurfaceFlinger:      DEVICE | 0x7e1a4c0d80 | 0100 | RGBA_8888    |    0.0    0.0 1080.0 2340.0 |    0    0 1080 2340 | org.telegram.messenger/org.telegram.messenger.DefaultIcon$_16267#1
09-23 23:41:23.206  4917  4917 D SurfaceFlinger:      DEVICE | 0x7e1a4bd540 | 0100 | RGBA_8888    |    0.0    0.0 1080.0 2340.0 |    0    0 1080 2340 | org.telegram.messenger/org.telegram.messenger.DefaultIcon$_16267#0
09-23 23:41:23.206  4917  4917 D SurfaceFlinger:      DEVICE | 0x7df63466c0 | 0100 | RGBA_8888    |    0.0    0.0   67.0  331.0 | 1013  288 1080  619 | com.samsung.android.app.cocktailbars[...]arservice.CocktailBarService$_9884#0
09-23 23:41:23.206  4917  4917 D SurfaceFlinger:      DEVICE | 0x7e1a4c0ec0 | 0100 | RGBA_8888    |    0.0    0.0 1080.0  126.0 |    0 2214 1080 2340 | NavigationBar0$_18045#0
09-23 23:41:23.206  4917  4917 D SurfaceFlinger:      DEVICE | 0x7de923e640 | 0140 | RGBA_8888    |    0.0    0.0 1080.0  151.0 |    0    0 1080  151 | ScreenDecorOverlay$_18045#0
09-23 23:41:23.206  4917  4917 D SurfaceFlinger:      DEVICE | 0x7df61f1940 | 0140 | RGBA_8888    |    0.0    0.0 1080.0  151.0 |    0 2189 1080 2340 | ScreenDecorOverlayBottom$_18045#0
09-23 23:41:23.206  4917  4917 D SurfaceFlinger:
09-23 23:41:23.248  5240  5640 D MdnieScenarioControlService:  packageName : org.telegram.messenger    className : org.telegram.ui.LaunchActivity
09-23 23:41:23.249  5240  5640 V MdnieScenarioControlService: mAclOffEnabled : false mAclPreviewState : false mAclCompensationState : false
09-23 23:41:23.249  5240  5640 I SemMdnieManagerService: setContentMode : 4
09-23 23:41:23.249  5240  5640 V MdnieScenarioControlService: Calling MdnieManager API(setContentMode(4))
09-23 23:41:23.249  5240  5640 D SemDisplaySolutionManagerService: uid : 1000 , pid : 5240 , name : brightness_scale_off09-23 23:41:23.250  5240  5640 D SemDisplaySolutionManagerService: where : application what : DEFAULT setScreenBrightnessScaleFactor(1.0) , mBrightnessCompensation : 1.0 , PMS value : 1.0
09-23 23:41:23.250  5240  5640 D PowerManagerService: [api] setScreenBrightnessScaleFactor: scaleFactor: 1.0 (uid: 1000 pid: 5240)
09-23 23:41:23.250  5240  5640 D SemDisplaySolutionManagerService: Normal Mode setMultipleScreenBrightness , application, DEFAULT, 1.0
09-23 23:41:23.250  5240  5640 V MdnieScenarioControlService: Calling SemDisplaySolutionManager API(setMultipleScreenBrightness(0)
09-23 23:41:23.250  4818  4877 D audio_hw_primary: device-adev_set_parameters: enter with key(audioHDR=0)
09-23 23:41:23.252  5240  5640 V MdnieScenarioControlService: setSnsMode(Same Camera Mode) from Sns function
09-23 23:41:23.268  5240  5267 I WindowManager: Reparenting to original parent: Surface(name=WindowedMagnification:0:31)/@0x22119a6, destroy=true, surface=Surface(name=Dim Layer for - WindowedMagnification:0:31)/@0x4b52945
09-23 23:41:23.301  4917  4917 I Layer   : id=29816 removeFromCurrentState Dim Layer for - WindowedMagnification:0:31#0 (171)
09-23 23:41:23.301  4917  4917 I Layer   : id=29822 removeFromCurrentState Surface(name=Dim Layer for - WindowedMagnification:0:31)/@0x4b52945 - animation-leash of dimmer#0 (171)
09-23 23:41:23.301  4917  4917 I SurfaceFlinger: id=29816 Removed Dim Layer for - WindowedMagnification:0:31#0 (171)
09-23 23:41:23.301  4917  4917 I SurfaceFlinger: id=29822 Removed Surface(name=Dim Layer for - WindowedMagnification:0:31)/@0x4b52945 - animation-leash of dimmer#0 (171)
09-23 23:41:23.301  4917  4917 I Layer   : id=29822 Destroyed Surface(name=Dim Layer for - WindowedMagnification:0:31)/@0x4b52945 - animation-leash of dimmer#0
09-23 23:41:23.301  4917  4917 I Layer   : id=29816 Destroyed Dim Layer for - WindowedMagnification:0:31#0
09-23 23:41:23.301  5240  5267 I WindowManager: Reparenting to original parent: Surface(name=ActivityRecord{d4c5b06 u0 com.samsung.android.mtp/.MtpPopupActivity t1131})/@0xa83218e, destroy=true, surface=Surface(name=88d50ea com.samsung.android.mtp/com.samsung.android.mtp.MtpPopupActivity)/@0x59f3d89
09-23 23:41:23.302  5240  5267 E WindowManager: win=Window{88d50ea u0 com.samsung.android.mtp/com.samsung.android.mtp.MtpPopupActivity EXITING} destroySurfaces: appStopped=false win.mWindowRemovalAllowed=true win.mRemoveOnExit=true win.mViewVisibility=0 caller=com.android.server.wm.ActivityRecord.destroySurfaces:5860 com.android.server.wm.ActivityRecord.destroySurfaces:5841 com.android.server.wm.WindowState.onExitAnimationDone:5972 com.android.server.wm.WindowStateAnimator.onAnimationFinished:242 com.android.server.wm.WindowState.onAnimationFinished:6225 com.android.server.wm.WindowContainer$$ExternalSyntheticLambda0.onAnimationFinished:2 com.android.server.wm.SurfaceAnimator.lambda$getFinishedCallback$0$SurfaceAnimator:113
09-23 23:41:23.303  5240  5267 I WindowManager: Destroying surface Surface(name=com.samsung.android.mtp/com.samsung.android.mtp.MtpPopupActivity$_25904)/@0x3a809d9 called by com.android.server.wm.WindowStateAnimator.destroySurface:987 com.android.server.wm.WindowStateAnimator.destroySurfaceLocked:518 com.android.server.wm.WindowState.destroySurfaceUnchecked:4229 com.android.server.wm.WindowState.destroySurface:4203 com.android.server.wm.ActivityRecord.destroySurfaces:5860 com.android.server.wm.ActivityRecord.destroySurfaces:5841 com.android.server.wm.WindowState.onExitAnimationDone:5972 com.android.server.wm.WindowStateAnimator.onAnimationFinished:242
09-23 23:41:23.304 25904 25933 W d.process.medi: Cleared Reference was only reachable from finalizer (only reported once)
09-23 23:41:23.308 25904 13961 D OpenGLRenderer: setSurface called with nullptr
09-23 23:41:23.309 25904 13961 D OpenGLRenderer: setSurface called with nullptr
09-23 23:41:23.317  4917  4917 I Layer   : id=29813 removeFromCurrentState com.samsung.android.mtp/com.samsung.android.mtp.MtpPopupActivity$_25904#0 (169)
09-23 23:41:23.318  4917  4917 I Layer   : id=29810 removeFromCurrentState 88d50ea com.samsung.android.mtp/com.samsung.android.mtp.MtpPopupActivity#0 (169)
09-23 23:41:23.318  4917  4917 I Layer   : id=29818 removeFromCurrentState Surface(name=88d50ea com.samsung.android.mtp/com.samsung.android.mtp.MtpPopupActivity)/@0x59f3d89 - animation-leash of window_animation#0 (169)
09-23 23:41:23.318  4917  4917 I SurfaceFlinger: id=29810 Removed 88d50ea com.samsung.android.mtp/com.samsung.android.mtp.MtpPopupActivity#0 (169)
09-23 23:41:23.318  4917  4917 I SurfaceFlinger: id=29813 Removed com.samsung.android.mtp/com.samsung.android.mtp.MtpPopupActivity$_25904#0 (169)
09-23 23:41:23.318  4917  4917 I SurfaceFlinger: id=29818 Removed Surface(name=88d50ea com.samsung.android.mtp/com.samsung.android.mtp.MtpPopupActivity)/@0x59f3d89 - animation-leash of window_animation#0 (169)
09-23 23:41:23.318  4917  4917 I Layer   : id=29818 Destroyed Surface(name=88d50ea com.samsung.android.mtp/com.samsung.android.mtp.MtpPopupActivity)/@0x59f3d89 - animation-leash of window_animation#0
09-23 23:41:23.318  4917  4917 I Layer   : id=29810 Destroyed 88d50ea com.samsung.android.mtp/com.samsung.android.mtp.MtpPopupActivity#0
09-23 23:41:23.318  4917  4917 I Layer   : id=29813 Destroyed com.samsung.android.mtp/com.samsung.android.mtp.MtpPopupActivity$_25904#0
09-23 23:41:23.383  9884  9884 I Utils   : isCurrentUser current = 0, ownerId = 0
09-23 23:41:23.383  9884  9884 I TrayVisibilityController: getComputedTrayVisible : keyguardState = 1
09-23 23:41:23.383  9884  9884 I TrayVisibilityController: updateTrayVisible: State=1 visible=1 mCurrentVisible=1 specificMode=0
09-23 23:41:23.383  9884  9884 I TrayStateController: onNotifyUpdateTray: state=0
09-23 23:41:23.435  5240  5267 I WindowManager: Reparenting to original parent: Surface(name=ActivityRecord{d4c5b06 u0 com.samsung.android.mtp/.MtpPopupActivity t1131})/@0xa83218e, destroy=true, surface=Surface(name=742aeb7 com.samsung.android.mtp/com.samsung.android.mtp.MtpPopupActivity)/@0x10707a1
09-23 23:41:23.435  5240  5267 E WindowManager: win=Window{742aeb7 u0 com.samsung.android.mtp/com.samsung.android.mtp.MtpPopupActivity EXITING} destroySurfaces: appStopped=false win.mWindowRemovalAllowed=true win.mRemoveOnExit=true win.mViewVisibility=0 caller=com.android.server.wm.ActivityRecord.destroySurfaces:5860 com.android.server.wm.ActivityRecord.destroySurfaces:5841 com.android.server.wm.WindowState.onExitAnimationDone:5972 com.android.server.wm.WindowStateAnimator.onAnimationFinished:242 com.android.server.wm.WindowState.onAnimationFinished:6225 com.android.server.wm.WindowContainer$$ExternalSyntheticLambda0.onAnimationFinished:2 com.android.server.wm.SurfaceAnimator.lambda$getFinishedCallback$0$SurfaceAnimator:113
09-23 23:41:23.435  5240  5267 I WindowManager: Destroying surface Surface(name=com.samsung.android.mtp/com.samsung.android.mtp.MtpPopupActivity$_25904)/@0x706aa7f called by com.android.server.wm.WindowStateAnimator.destroySurface:987 com.android.server.wm.WindowStateAnimator.destroySurfaceLocked:518 com.android.server.wm.WindowState.destroySurfaceUnchecked:4229 com.android.server.wm.WindowState.destroySurface:4203 com.android.server.wm.ActivityRecord.destroySurfaces:5860 com.android.server.wm.ActivityRecord.destroySurfaces:5841 com.android.server.wm.WindowState.onExitAnimationDone:5972 com.android.server.wm.WindowStateAnimator.onAnimationFinished:242
09-23 23:41:23.436  5240  5267 D RestrictionPolicy: isScreenCaptureEnabled : ret=true userId=0
09-23 23:41:23.451  4917  4917 I Layer   : id=29814 removeFromCurrentState com.samsung.android.mtp/com.samsung.android.mtp.MtpPopupActivity$_25904#1 (166)
09-23 23:41:23.452  4917  4917 I Layer   : id=29812 removeFromCurrentState 742aeb7 com.samsung.android.mtp/com.samsung.android.mtp.MtpPopupActivity#0 (166)
09-23 23:41:23.452  4917  4917 I Layer   : id=29823 removeFromCurrentState Surface(name=742aeb7 com.samsung.android.mtp/com.samsung.android.mtp.MtpPopupActivity)/@0x10707a1 - animation-leash of window_animation#0 (166)
09-23 23:41:23.452  4917  4917 I SurfaceFlinger: id=29812 Removed 742aeb7 com.samsung.android.mtp/com.samsung.android.mtp.MtpPopupActivity#0 (167)
09-23 23:41:23.452  4917  5329 I SurfaceFlinger: id=29824 createSurf (0x0),-1 flag=24004, Task=1131#1
09-23 23:41:23.452  4917  4917 I SurfaceFlinger: id=29814 Removed com.samsung.android.mtp/com.samsung.android.mtp.MtpPopupActivity$_25904#1 (167)
09-23 23:41:23.453  4917  4917 I SurfaceFlinger: id=29823 Removed Surface(name=742aeb7 com.samsung.android.mtp/com.samsung.android.mtp.MtpPopupActivity)/@0x10707a1 - animation-leash of window_animation#0 (167)
09-23 23:41:23.453  4917  4917 I Layer   : id=29823 Destroyed Surface(name=742aeb7 com.samsung.android.mtp/com.samsung.android.mtp.MtpPopupActivity)/@0x10707a1 - animation-leash of window_animation#0
09-23 23:41:23.453  4917  4917 I Layer   : id=29812 Destroyed 742aeb7 com.samsung.android.mtp/com.samsung.android.mtp.MtpPopupActivity#0
09-23 23:41:23.453  4917  4917 I Layer   : id=29814 Destroyed com.samsung.android.mtp/com.samsung.android.mtp.MtpPopupActivity$_25904#1
09-23 23:41:23.455  5240  5267 W ActivityTaskManager: Can't find TaskDisplayArea to determine support for multi window. Task id=1131 attached=false
