09-23 23:37:23.114 18045 18078 E CscParser: update(): xml file exist
09-23 23:37:23.131 18045 18078 D NetworkController.MobileSignalController(0/1): notifyListener: enabled=true, connected=true, dataConnected=true, networkType=LTE (4G), emergencyOnly=false, roaming=false, isDefault=true, fiveGAvailable=false, mmWave=false, showDisabledDataIcon=false, voWifiConnected=false, dataActivity=inout, simState=null, cardOperator=OTHERS, simCardActivated=1
09-23 23:37:23.155  4917  4917 I SurfaceFlinger: SFWD update time=206811323304114
09-23 23:37:24.266 18045 18078 D MobileStatusTracker(0/1): onDataActivity: direction=2
09-23 23:37:24.266 18045 18078 D CscParser: OMC path : /optics/configs/carriers/single/SER/conf/customer.xml
09-23 23:37:24.267 18045 18078 I CscParser: getCustomerPath : omc customer file can read
09-23 23:37:24.267 18045 18078 E CscParser: update(): xml file exist
09-23 23:37:24.284 18045 18078 D NetworkController.MobileSignalController(0/1): notifyListener: enabled=true, connected=true, dataConnected=true, networkType=LTE (4G), emergencyOnly=false, roaming=false, isDefault=true, fiveGAvailable=false, mmWave=false, showDisabledDataIcon=false, voWifiConnected=false, dataActivity=out, simState=null, cardOperator=OTHERS, simCardActivated=1
09-23 23:37:24.841  4428  4428 D io_stats: !@   8,0 r 11603461 289099580 w 6755635 121870044 d 0 0 f 0 0 iot 4050104 0 th 0 0 0 pt 0 inp 0 0 206813.009
09-23 23:37:25.421 18045 18078 D MobileStatusTracker(0/1): onDataActivity: direction=3
09-23 23:37:25.422 18045 18078 D CscParser: OMC path : /optics/configs/carriers/single/SER/conf/customer.xml
09-23 23:37:25.422 18045 18078 I CscParser: getCustomerPath : omc customer file can read
09-23 23:37:25.422 18045 18078 E CscParser: update(): xml file exist
09-23 23:37:25.438 18045 18078 D NetworkController.MobileSignalController(0/1): notifyListener: enabled=true, connected=true, dataConnected=true, networkType=LTE (4G), emergencyOnly=false, roaming=false, isDefault=true, fiveGAvailable=false, mmWave=false, showDisabledDataIcon=false, voWifiConnected=false, dataActivity=inout, simState=null, cardOperator=OTHERS, simCardActivated=1
09-23 23:37:26.585 18045 18078 D MobileStatusTracker(0/1): onDataActivity: direction=0
09-23 23:37:26.586 18045 18078 D CscParser: OMC path : /optics/configs/carriers/single/SER/conf/customer.xml
09-23 23:37:26.586 18045 18078 I CscParser: getCustomerPath : omc customer file can read
09-23 23:37:26.586 18045 18078 E CscParser: update(): xml file exist
09-23 23:37:26.602 18045 18078 D NetworkController.MobileSignalController(0/1): notifyListener: enabled=true, connected=true, dataConnected=true, networkType=LTE (4G), emergencyOnly=false, roaming=false, isDefault=true, fiveGAvailable=false, mmWave=false, showDisabledDataIcon=false, voWifiConnected=false, dataActivity=, simState=null, cardOperator=OTHERS, simCardActivated=1
09-23 23:37:26.992  5240  5442 D UsbStatsMonitor: 0 0 0 0 0 0 0 0 0 0 0 0 1 0 0 0 0 0 0 0 0 0 0 0 0 0 0 0 0 0 0 0 0 0 0 0 0 0 0 0 0 0 0 0 0 0 0 0 0
09-23 23:37:29.052 31549 31549 I wpa_supplicant: Heartbeat 2547
09-23 23:37:29.208  5240  5354 D SamsungAlarmManager: Expired : 8
09-23 23:37:29.208  5240  5354 V SamsungAlarmManager: Sending to uid : 1000 L=4e4664d:*job.delay* alarm=Alarm{52a414b type 3 origWhen 960291531 whenElapsed 960291531 android}
09-23 23:37:29.210  5240  5354 V SamsungAlarmManager: setLocked to kernel - W:960303855, now=960291534
09-23 23:37:29.211  5240  5240 D SamsungAlarmManager: setInexact (T:3/F:0/AC:false) 20220924T001209 now=960291534 - CU:1000/CP:5240/L:4e4664d:*job.delay*
09-23 23:37:29.212  5240  5240 V SamsungAlarmManager: setLocked to kernel - W:960303855, now=960291535
09-23 23:37:29.228  5240  5240 W ProcessStats: Tracking association SourceState{9eab899 system/1000 BTopFgs #821301} whose proc state 2 is better than process ProcessState{c224a70 com.adguard.android/10280 pkg=com.adguard.android} proc state 3 (8 skipped)
09-23 23:37:29.243 17087 17341 D PlatformWorker: Run job, request{id=35321, tag=send_click_stream_events, transient=false}, waited 00:00:30, start 00:00:00, end 00:01:30
09-23 23:37:29.246 17087 17341 I JobExecutor: Executing request{id=35321, tag=send_click_stream_events, transient=false}, context AvitoApp
09-23 23:37:29.251 17087 24346 I JobExecutor: Finished job{id=35321, finished=true, result=SUCCESS, canceled=false, periodic=false, class=t, tag=send_click_stream_events}
09-23 23:37:29.253 17087 17341 D PlatformWorker: Finished job, request{id=35321, tag=send_click_stream_events, transient=false} SUCCESS
09-23 23:37:30.082 18045 18078 D MobileStatusTracker(0/1): onDataActivity: direction=3
09-23 23:37:30.083 18045 18078 D CscParser: OMC path : /optics/configs/carriers/single/SER/conf/customer.xml
09-23 23:37:30.083 18045 18078 I CscParser: getCustomerPath : omc customer file can read
09-23 23:37:30.083 18045 18078 E CscParser: update(): xml file exist
09-23 23:37:30.100 18045 18078 D NetworkController.MobileSignalController(0/1): notifyListener: enabled=true, connected=true, dataConnected=true, networkType=LTE (4G), emergencyOnly=false, roaming=false, isDefault=true, fiveGAvailable=false, mmWave=false, showDisabledDataIcon=false, voWifiConnected=false, dataActivity=inout, simState=null, cardOperator=OTHERS, simCardActivated=1
09-23 23:37:30.845  4428  4428 D io_stats: !@   8,0 r 11603466 289099624 w 6755648 121870096 d 0 0 f 0 0 iot 4050108 0 th 0 0 0 pt 0 inp 0 0 206819.012
09-23 23:37:31.227 18045 18078 D MobileStatusTracker(0/1): onDataActivity: direction=0
09-23 23:37:31.228 18045 18078 D CscParser: OMC path : /optics/configs/carriers/single/SER/conf/customer.xml
09-23 23:37:31.228 18045 18078 I CscParser: getCustomerPath : omc customer file can read
09-23 23:37:31.228 18045 18078 E CscParser: update(): xml file exist
09-23 23:37:31.245 18045 18078 D NetworkController.MobileSignalController(0/1): notifyListener: enabled=true, connected=true, dataConnected=true, networkType=LTE (4G), emergencyOnly=false, roaming=false, isDefault=true, fiveGAvailable=false, mmWave=false, showDisabledDataIcon=false, voWifiConnected=false, dataActivity=, simState=null, cardOperator=OTHERS, simCardActivated=1
09-23 23:37:35.060 11651 11651 D BoundBrokerSvc: onBind: Intent { act=com.google.android.gms.safetynet.service.START pkg=com.google.android.gms }
09-23 23:37:35.060 11651 11651 D BoundBrokerSvc: Loading bound service for intent: Intent { act=com.google.android.gms.safetynet.service.START pkg=com.google.android.gms }
09-23 23:37:35.998  4818 19299 E power   : ISystemSuspend::getService() failed.
09-23 23:37:35.999  5520  5547 I System.out: Broadcasting: Intent { act=com.sec.intent.action.SARDEVICE_CP flg=0x10000000 (has extras) }
09-23 23:37:36.001 19127 19669 I RILClient: processUnsolicited(): resp_id (11090), len(119)
09-23 23:37:36.007  5240  5373 D MotionRecognitionService:   onReceive : SARDEVICE_CP, callAction = off deviceID = 3 slot = 0
09-23 23:37:36.007  5240  5373 W MotionRecognitionService: id : 0 cmd :off
09-23 23:37:36.007  5240  5373 I MotionRecognitionService: [SAR] Received request for MainGrip
09-23 23:37:36.007  5240  5373 D MotionRecognitionService: [SAR] disableGripSensor : Enabled true  slot 0 (true)
09-23 23:37:36.008  5240  5373 D SensorService: Calling activate off 33554443
09-23 23:37:36.009  4842  4842 I SensorsGrip: [grip_sensor] enable: GripSensor: enable handle = 11 en = 0
09-23 23:37:36.011  5240  5373 D SensorManager: unregisterListener :: com.samsung.android.gesture.MotionRecognitionSAR$SensorGripEventListener@946421a
09-23 23:37:36.012  5240  5373 I MotionRecognitionService: [SAR] size 0
09-23 23:37:36.012  5240  5373 D MotionRecognitionService: [SAR] clear SAR_DEVICE_GRIP
09-23 23:37:36.012  5240  5373 D MotionRecognitionService: mSarGripSlot is 0
09-23 23:37:36.012  5240  5373 W MotionRecognitionService: id : 1 cmd :off
09-23 23:37:36.012  5240  5373 D MotionRecognitionService: [SAR] disableProxSensor : Enabled true  slot 0 (true)
09-23 23:37:36.012  5240  5373 D MotionRecognitionService: mSarProxSlot is 0
09-23 23:37:36.013  5520  6587 I System.out: Broadcast completed: result=0
09-23 23:37:36.018  5240  5373 E MotionRecognitionService: handleMessage: event 200 value : 1
09-23 23:37:36.029  5240  5373 D MotionRecognitionService: clear TransmitPower  value : 1
09-23 23:37:39.060 31549 31549 I wpa_supplicant: Heartbeat 2548
09-23 23:37:39.061  4838  4874 D BatteryDump: wait_for_battery_event : occurred : change@/devices/virtual/xt_idletimer/timers
09-23 23:37:39.067  5240  5283 D BatteryExternalStatsWorker: update stats : modem-data (4)
09-23 23:37:39.081  5240  7370 D TelephonyManager: requestModemActivityInfo: Sending result to app: ModemActivityInfo{ mTimestamp=960301404 mSleepTimeMs=703200969 mIdleTimeMs=56182043 mTxTimeMs[]=[864992, 1260746, 7246995, 2932121, 3372287] mRxTimeMs=199558456}
09-23 23:37:39.082  5240  5283 D BatteryExternalStatsWorker: ModemActivityInfo was updated
09-23 23:37:39.082  5240  5283 D BatteryExternalStatsWorker: done updateExternalStatsLocked
09-23 23:37:39.110  4808  6814 D IptablesRestoreController: [iptables debug]iptables-restore execute *filter
09-23 23:37:39.110  4808  6814 D IptablesRestoreController: -nvx -L tetherctrl_counters
09-23 23:37:39.110  4808  6814 D IptablesRestoreController: COMMIT
09-23 23:37:39.113  4808  6814 D IptablesRestoreController: [iptables debug]iptables-restore execute done, res : 0
09-23 23:37:39.113  4808  6814 D IptablesRestoreController: [iptables debug]iptables-restore execute *filter
09-23 23:37:39.113  4808  6814 D IptablesRestoreController: -nvx -L tetherctrl_counters
09-23 23:37:39.113  4808  6814 D IptablesRestoreController: COMMIT
09-23 23:37:39.117  4808  6814 D IptablesRestoreController: [iptables debug]iptables-restore execute done, res : 0
09-23 23:37:39.574  4818 19299 E power   : ISystemSuspend::getService() failed.
09-23 23:37:39.575  5520  5547 I System.out: Broadcasting: Intent { act=com.sec.intent.action.SARDEVICE_CP flg=0x10000000 (has extras) }
09-23 23:37:39.576 19127 19669 I RILClient: processUnsolicited(): resp_id (11090), len(118)
09-23 23:37:39.580  5240  5273 W ProcessStats: Tracking association SourceState{9eab899 system/1000 BTopFgs #821314} whose proc state 2 is better than process ProcessState{c224a70 com.adguard.android/10280 pkg=com.adguard.android} proc state 3 (11 skipped)
09-23 23:37:39.580  5240  5373 D MotionRecognitionService:   onReceive : SARDEVICE_CP, callAction = on deviceID = 3 slot = 0
09-23 23:37:39.580  5240  5373 W MotionRecognitionService: id : 0 cmd :on
09-23 23:37:39.580  5240  5373 I MotionRecognitionService: [SAR] Received request for MainGrip
09-23 23:37:39.583  5240  5373 D SensorService: [GripSensor] ++ setGripThdWithMCC  (65560)
09-23 23:37:39.583  5240  5373 D SensorService: GripSensor: MCC Path does not exist
09-23 23:37:39.584  5240  5373 D SensorService: Calling batch handle==33554443 flags=0 rate=200000000 timeout== 0
09-23 23:37:39.584  4842  4842 I SensorsGrip: [grip_sensor] enable: GripSensor: enable handle = 11 en = 1
09-23 23:37:39.589  4842  4905 I SensorsGrip: [grip_sensor] readEvents: GripSensor: grip data = TOUCH
09-23 23:37:39.589  5240  5373 D SensorManager: registerListener :: 33554443, A96T3X6 Grip sensor, 200000, 0, com.samsung.android.gesture.MotionRecognitionSAR$SensorGripEventListener@c5e830f
09-23 23:37:39.591  5240  5373 D MotionRecognitionService: [SAR] enableGripSensor
09-23 23:37:39.591  5240  5373 D MotionRecognitionService: mSarGripSlot is 1
09-23 23:37:39.591  5240  5373 W MotionRecognitionService: id : 1 cmd :on
09-23 23:37:39.591  5240  5373 D MotionRecognitionService: mSarProxSlot is 1
09-23 23:37:39.592  5520  6587 I System.out: Broadcast completed: result=0
09-23 23:37:39.595  4842  4905 I SensorsGrip: [grip_sensor] readEvents: GripSensor: grip data = TOUCH
09-23 23:37:39.597  5240  5373 D MotionRecognitionService: [SAR] == >> GripVal = 1
09-23 23:37:39.597  5240  5373 I MotionRecognitionService: [SAR] GripWifi disabled
09-23 23:37:39.597  5240  5373 D MotionRecognitionService: set SAR_DEVICE_GRIP
09-23 23:37:39.597  5240  5373 D MotionRecognitionService: [SAR] == >> GripVal = 1
09-23 23:37:39.597  5240  5373 I MotionRecognitionService: [SAR] GripWifi disabled
09-23 23:37:39.598  5240  5373 D MotionRecognitionService: set SAR_DEVICE_GRIP
09-23 23:37:39.598  5240  5373 E MotionRecognitionService: handleMessage: event 100 value : 1
09-23 23:37:39.608  5240  5373 D MotionRecognitionService: set TransmitPower  value : 1
09-23 23:37:39.609  5240  5373 E MotionRecognitionService: handleMessage: event 100 value : 1
09-23 23:37:39.611  4838  4874 D BatteryDump: wait_for_battery_event : occurred : change@/devices/virtual/xt_idletimer/timers
09-23 23:37:39.614  5240  5420 D ConnectivityService: reportNetworkActive, notify 0 listeners
09-23 23:37:39.619  5240  5373 D MotionRecognitionService: set TransmitPower  value : 1
09-23 23:37:40.666 18045 18078 D MobileStatusTracker(0/1): onDataActivity: direction=3
09-23 23:37:40.667 18045 18078 D CscParser: OMC path : /optics/configs/carriers/single/SER/conf/customer.xml
09-23 23:37:40.667 18045 18078 I CscParser: getCustomerPath : omc customer file can read
09-23 23:37:40.667 18045 18078 E CscParser: update(): xml file exist
09-23 23:37:40.684 18045 18078 D NetworkController.MobileSignalController(0/1): notifyListener: enabled=true, connected=true, dataConnected=true, networkType=LTE (4G), emergencyOnly=false, roaming=false, isDefault=true, fiveGAvailable=false, mmWave=false, showDisabledDataIcon=false, voWifiConnected=false, dataActivity=inout, simState=null, cardOperator=OTHERS, simCardActivated=1
09-23 23:37:40.853  4428  4428 D io_stats: !@   8,0 r 11603466 289099624 w 6755665 121870188 d 0 0 f 0 0 iot 4050116 0 th 0 0 0 pt 0 inp 0 0 206829.020
09-23 23:37:41.532  5240  5354 D SamsungAlarmManager: Expired : 4
09-23 23:37:41.532  5240  5354 V SamsungAlarmManager: Sending to uid : 1000 L=5cb72ec:WifiConnectivityManager Schedule Periodic Scan Timer alarm=Alarm{cc68f9c type 2 origWhen 960288855 whenElapsed 960288855 android}
09-23 23:37:41.533  5240  5410 E WifiScoringParams: Invalid frequency(-1), using 5G as default rssi array
09-23 23:37:41.535  5240  5354 V SamsungAlarmManager: setLocked to kernel - W:960435303 / NW:960311610, now=960303858
09-23 23:37:41.538  5240  5410 D SamsungAlarmManager: setInexact (T:2/F:8/AC:false) 20220923T233821 now=960303861 - CU:1000/CP:5240/L:5cb72ec:WifiConnectivityManager Schedule Periodic Scan Timer
09-23 23:37:41.539  5240  5410 V SamsungAlarmManager: setLocked to kernel - W:960373857 / NW:960311610, now=960303862
09-23 23:37:41.556  5240  5414 D SamsungAlarmManager: setInexact (T:2/F:8/AC:false) 20220923T233756 now=960303879 - CU:1000/CP:5240/L:c68d57a:WificondScannerImpl Scan Timeout
09-23 23:37:41.556  5240  5414 V SamsungAlarmManager: setLocked to kernel - W:960330128 / NW:960311610, now=960303880
09-23 23:37:41.846 18045 18078 D MobileStatusTracker(0/1): onDataActivity: direction=0
09-23 23:37:41.846 18045 18078 D CscParser: OMC path : /optics/configs/carriers/single/SER/conf/customer.xml
09-23 23:37:41.847 18045 18078 I CscParser: getCustomerPath : omc customer file can read
09-23 23:37:41.847 18045 18078 E CscParser: update(): xml file exist
09-23 23:37:41.863 18045 18078 D NetworkController.MobileSignalController(0/1): notifyListener: enabled=true, connected=true, dataConnected=true, networkType=LTE (4G), emergencyOnly=false, roaming=false, isDefault=true, fiveGAvailable=false, mmWave=false, showDisabledDataIcon=false, voWifiConnected=false, dataActivity=, simState=null, cardOperator=OTHERS, simCardActivated=1
09-23 23:37:41.927  5240  5269 E Watchdog: !@Sync: 6885 heap: 78 / 99 [2022-09-23 23:37:41.926] sdogWay: softdog FD: 90509-23 23:37:43.164  5240  5427 D DeviceStorageMonitorService: check() STORAGE TOTAL > 64G
09-23 23:37:43.165  5240  5427 W DeviceStorageMonitorService: updateBroadcasts(/data) oldLevel:0, newLevel:0, seq:1
09-23 23:37:43.166  5240  5427 D DeviceStorageMonitorService: Available File Node Number is [12998248]
09-23 23:37:43.166  5240  5427 W DeviceStorageMonitorService: updateBroadcasts_filenode(/data) fn_oldLevel:0, fn_newLevel:0, seq:1
09-23 23:37:44.980  5240  8299 D WifiNl80211Manager: Scan result ready event
09-23 23:37:44.980  5240  8299 D WifiNative: Scan result ready event
09-23 23:37:44.980  5240  5414 D SamsungAlarmManager: Cancel Alarm calling from uid:1000 pid :5240 / L:c68d57a
09-23 23:37:44.981  5240  5414 V SamsungAlarmManager: setLocked to kernel - W:960373857 / NW:960311610, now=960307304
09-23 23:37:44.982  5557  1937 D NetlinkTracker/wlan0: interfaceLinkStateChanged: wlan0 down
09-23 23:37:44.983  5240  5263 I EthernetTracker: interfaceLinkStateChanged, iface: wlan0, up: false
09-23 23:37:45.023  5240  5460 V SemWifiScanPool: updateScanResult, scan:15 configKeys: 15 pool_bssid:28 pool_configKeys:29
09-23 23:37:45.638  4818 19299 E power   : ISystemSuspend::getService() failed.
09-23 23:37:45.639  5520  5547 I System.out: Broadcasting: Intent { act=com.sec.intent.action.SARDEVICE_CP flg=0x10000000 (has extras) }
09-23 23:37:45.643 19127 19669 I RILClient: processUnsolicited(): resp_id (11090), len(119)
09-23 23:37:45.646  5240  5373 D MotionRecognitionService:   onReceive : SARDEVICE_CP, callAction = off deviceID = 3 slot = 0
09-23 23:37:45.646  5240  5373 W MotionRecognitionService: id : 0 cmd :off
09-23 23:37:45.646  5240  5373 I MotionRecognitionService: [SAR] Received request for MainGrip
09-23 23:37:45.646  5240  5373 D MotionRecognitionService: [SAR] disableGripSensor : Enabled true  slot 0 (true)
09-23 23:37:45.647  5240  5373 D SensorService: Calling activate off 33554443
09-23 23:37:45.647  4842  4842 I SensorsGrip: [grip_sensor] enable: GripSensor: enable handle = 11 en = 0
09-23 23:37:45.650  5240  5373 D SensorManager: unregisterListener :: com.samsung.android.gesture.MotionRecognitionSAR$SensorGripEventListener@c5e830f
09-23 23:37:45.650  5240  5373 I MotionRecognitionService: [SAR] size 0
09-23 23:37:45.650  5240  5373 D MotionRecognitionService: [SAR] clear SAR_DEVICE_GRIP
09-23 23:37:45.650  5240  5373 D MotionRecognitionService: mSarGripSlot is 0
09-23 23:37:45.650  5240  5373 W MotionRecognitionService: id : 1 cmd :off
09-23 23:37:45.650  5240  5373 D MotionRecognitionService: [SAR] disableProxSensor : Enabled true  slot 0 (true)
09-23 23:37:45.650  5240  5373 D MotionRecognitionService: mSarProxSlot is 0
09-23 23:37:45.652  5520  6587 I System.out: Broadcast completed: result=0
09-23 23:37:45.657  5240  5373 E MotionRecognitionService: handleMessage: event 200 value : 1
09-23 23:37:45.665 19147 19374 I SDHMS:C : SIOP:: AP:279(338,80) BAT:276(276,0) USB:0(0,0) CHG:340(340,0) WIFI:329(329,0) LRP:318(318,0) LRF:318(318) LRB:318(318)
09-23 23:37:45.668  5240  5373 D MotionRecognitionService: clear TransmitPower  value : 1
09-23 23:37:46.857  4428  4428 D io_stats: !@   8,0 r 11603470 289099700 w 6755671 121870220 d 0 0 f 0 0 iot 4050120 0 th 0 0 0 pt 0 inp 0 0 206835.024
09-23 23:37:47.704  4818 19299 E power   : ISystemSuspend::getService() failed.
09-23 23:37:47.705  5520  5547 I System.out: Broadcasting: Intent { act=com.sec.intent.action.SARDEVICE_CP flg=0x10000000 (has extras) }
09-23 23:37:47.707 19127 19669 I RILClient: processUnsolicited(): resp_id (11090), len(118)
09-23 23:37:47.711  5240  5373 D MotionRecognitionService:   onReceive : SARDEVICE_CP, callAction = on deviceID = 3 slot = 0
09-23 23:37:47.711  5240  5373 W MotionRecognitionService: id : 0 cmd :on
09-23 23:37:47.711  5240  5373 I MotionRecognitionService: [SAR] Received request for MainGrip
09-23 23:37:47.714  5240  5373 D SensorService: [GripSensor] ++ setGripThdWithMCC  (65560)
09-23 23:37:47.714  5240  5373 D SensorService: GripSensor: MCC Path does not exist
09-23 23:37:47.714  5240  5373 D SensorService: Calling batch handle==33554443 flags=0 rate=200000000 timeout== 0
09-23 23:37:47.715  4842  4842 I SensorsGrip: [grip_sensor] enable: GripSensor: enable handle = 11 en = 1
09-23 23:37:47.720  5240  5373 D SensorManager: registerListener :: 33554443, A96T3X6 Grip sensor, 200000, 0, com.samsung.android.gesture.MotionRecognitionSAR$SensorGripEventListener@8e899d2
09-23 23:37:47.720  5240  5373 D MotionRecognitionService: [SAR] enableGripSensor
09-23 23:37:47.721  5240  5373 D MotionRecognitionService: mSarGripSlot is 1
09-23 23:37:47.721  5240  5373 W MotionRecognitionService: id : 1 cmd :on
09-23 23:37:47.721  5240  5373 D MotionRecognitionService: mSarProxSlot is 1
09-23 23:37:47.721  5520  6587 I System.out: Broadcast completed: result=0
09-23 23:37:47.721  4842  4905 I SensorsGrip: [grip_sensor] readEvents: GripSensor: grip data = TOUCH
09-23 23:37:47.726  4842  4905 I SensorsGrip: [grip_sensor] readEvents: GripSensor: grip data = TOUCH
09-23 23:37:47.727  5240  5373 D MotionRecognitionService: [SAR] == >> GripVal = 1
09-23 23:37:47.727  5240  5373 I MotionRecognitionService: [SAR] GripWifi disabled
09-23 23:37:47.727  5240  5373 D MotionRecognitionService: set SAR_DEVICE_GRIP
09-23 23:37:47.727  5240  5373 D MotionRecognitionService: [SAR] == >> GripVal = 1
09-23 23:37:47.727  5240  5373 I MotionRecognitionService: [SAR] GripWifi disabled
09-23 23:37:47.727  5240  5373 D MotionRecognitionService: set SAR_DEVICE_GRIP
09-23 23:37:47.727  5240  5373 E MotionRecognitionService: handleMessage: event 100 value : 1
09-23 23:37:47.728 18045 18078 D MobileStatusTracker(0/1): onDataActivity: direction=2
09-23 23:37:47.729 18045 18078 D CscParser: OMC path : /optics/configs/carriers/single/SER/conf/customer.xml
09-23 23:37:47.729 18045 18078 I CscParser: getCustomerPath : omc customer file can read
09-23 23:37:47.729 18045 18078 E CscParser: update(): xml file exist
09-23 23:37:47.737  5240  5373 D MotionRecognitionService: set TransmitPower  value : 1
09-23 23:37:47.737  5240  5373 E MotionRecognitionService: handleMessage: event 100 value : 1
09-23 23:37:47.743 18045 18078 D NetworkController.MobileSignalController(0/1): notifyListener: enabled=true, connected=true, dataConnected=true, networkType=LTE (4G), emergencyOnly=false, roaming=false, isDefault=true, fiveGAvailable=false, mmWave=false, showDisabledDataIcon=false, voWifiConnected=false, dataActivity=out, simState=null, cardOperator=OTHERS, simCardActivated=1
09-23 23:37:47.746  5240  5373 D MotionRecognitionService: set TransmitPower  value : 1
09-23 23:37:48.859  4428  4428 D io_stats: !@   8,0 r 11603470 289099700 w 6755673 121870228 d 0 0 f 0 0 iot 4050124 0 th 0 0 0 pt 0 inp 0 0 206837.026
09-23 23:37:48.864 18045 18078 D MobileStatusTracker(0/1): onDataActivity: direction=3
09-23 23:37:48.864 18045 18078 D CscParser: OMC path : /optics/configs/carriers/single/SER/conf/customer.xml
09-23 23:37:48.865 18045 18078 I CscParser: getCustomerPath : omc customer file can read
09-23 23:37:48.865 18045 18078 E CscParser: update(): xml file exist
09-23 23:37:48.879 18045 18078 D NetworkController.MobileSignalController(0/1): notifyListener: enabled=true, connected=true, dataConnected=true, networkType=LTE (4G), emergencyOnly=false, roaming=false, isDefault=true, fiveGAvailable=false, mmWave=false, showDisabledDataIcon=false, voWifiConnected=false, dataActivity=inout, simState=null, cardOperator=OTHERS, simCardActivated=1
09-23 23:37:48.915  4838  4874 D BatteryDump: wait_for_battery_event : occurred : change@/devices/platform/battery/power_supply/battery
09-23 23:37:48.924  4838  4838 E android.hardware.health@2.1-service-samsung: Could not open /sys/class/power_supply/battery/lrp
09-23 23:37:49.064 31549 31549 I wpa_supplicant: Heartbeat 2549
09-23 23:37:49.103 20502 20584 I ContactsProvider_EventLog: contents_sample_state: [CONTACT contacts(227) data(2130) accounts({com.google (2)=184, org.telegram.messenger (7)=106, vnd.sec.contact.sim (3)=15, com.whatsapp (6)=100, com.google.android.apps.tachyon (9)=24}) accounts deleted({}) in_trash(in_trash(0), in_trash_for_sync(0)) calls([logtype:100 cnt:276, logtype:300 cnt:500, logtype:1000 cnt:1724]) countryIso(RU) userId(0)  ]
09-23 23:37:49.103 20502 20584 I ContactsProvider_EventLog: contents_sample_state: [ agr({[7]=28, [2 ,7 ,6 ,9]=2, [3]=15, [2 ,7 ,6]=39, [2]=79, [2 ,7 ,6 ,6]=1, [2 ,6 ,9]=1, [2 ,7]=6, [2 ,6]=22, [2 ,9 ,6]=7, [2 ,6 ,7]=9, [2 ,7 ,6 ,6 ,7]=1, [2 ,6 ,7 ,9]=1, [2 ,6 ,9 ,7]=2, [2 ,7 ,9 ,6]=8, [2 ,7 ,7 ,6]=3, [2 ,9 ,7 ,6]=2, [2 ,9]=1})  ]
09-23 23:37:49.103 20502 20584 I ContactsProvider_EventLog: contents_sample_state: [ actCnt({org.telegram.messenger(16267)=1, android.process.acore(20502)=1})  ]
09-23 23:37:49.103 20502 20584 I ContactsProvider_EventLog: contents_sample_state: [PROFILE contacts(0) data(0) accounts({})  ] [SAPROFILE contacts(1) data(1) accounts({vnd.sec.contact.phone (1)=1})  ]
09-23 23:37:49.103 20502 20584 I ContactsProvider_EventLog: contents_sample_state: [STORAGE Contacts(CE) Profile(CE) SAProfile(CE) CallLog(CE)  ]
09-23 23:37:49.287  5240  5354 D SamsungAlarmManager: Expired : 8
09-23 23:37:49.287  5240  5354 V SamsungAlarmManager: Sending to uid : 1000 L=cafe1ed:DetectMovementSPListener alarm=Alarm{453aaa3 type 3 origWhen 960311610 whenElapsed 960311610 android}
09-23 23:37:49.288  5240  5727 I SLocation: SPManager - need to Login samsung account.
09-23 23:37:49.291  5240  5354 V SamsungAlarmManager: setLocked to kernel - W:960373857 / NW:960322324, now=960311614
09-23 23:37:49.293  5240  5727 D SamsungAlarmManager: setExact (T:3/F:9/AC:false) 20220923T233849 now=960311617 - CU:1000/CP:5240/L:cafe1ed:DetectMovementSPListener
09-23 23:37:49.294  5240  5727 V SamsungAlarmManager: setLocked to kernel - W:960373857 / NW:960322324, now=960311617
09-23 23:37:50.133  5240  7370 W ProcessStats: Tracking association SourceState{9eab899 system/1000 BTopFgs #821321} whose proc state 2 is better than process ProcessState{c224a70 com.adguard.android/10280 pkg=com.adguard.android} proc state 3 (6 skipped)
09-23 23:37:50.139 11651 11651 D BoundBrokerSvc: onUnbind: Intent { act=com.google.android.gms.safetynet.service.START pkg=com.google.android.gms }
09-23 23:37:50.766  5240  5640 V MdnieScenarioControlService: burn_in_prevention_mode(), enabled : true, mBurnInDisableAppEnabled : false , mAutoBrightnessMode : true, mHighBrightnessModeEnabled : false , mBurnInPreventionACL : false , platform_brightness_value : 121 , BURN_IN_PREVENTION_SUPPORT_VALUE : 143 , mBurnInPreventionEnabled : false , mGameAppLauncher : false
09-23 23:37:50.861  4428  4428 D io_stats: !@   8,0 r 11603472 289099708 w 6755688 121870304 d 0 0 f 0 0 iot 4050128 0 th 0 0 0 pt 0 inp 0 0 206839.029
09-23 23:37:51.188 18045 18078 D MobileStatusTracker(0/1): onDataActivity: direction=0
09-23 23:37:51.189 18045 18078 D CscParser: OMC path : /optics/configs/carriers/single/SER/conf/customer.xml
09-23 23:37:51.189 18045 18078 I CscParser: getCustomerPath : omc customer file can read
09-23 23:37:51.189 18045 18078 E CscParser: update(): xml file exist
09-23 23:37:51.206 18045 18078 D NetworkController.MobileSignalController(0/1): notifyListener: enabled=true, connected=true, dataConnected=true, networkType=LTE (4G), emergencyOnly=false, roaming=false, isDefault=true, fiveGAvailable=false, mmWave=false, showDisabledDataIcon=false, voWifiConnected=false, dataActivity=, simState=null, cardOperator=OTHERS, simCardActivated=1
09-23 23:37:55.749  4818 19299 E power   : ISystemSuspend::getService() failed.
09-23 23:37:55.750  5520  5547 I System.out: Broadcasting: Intent { act=com.sec.intent.action.SARDEVICE_CP flg=0x10000000 (has extras) }
09-23 23:37:55.751 19127 19669 I RILClient: processUnsolicited(): resp_id (11090), len(119)
09-23 23:37:55.756  5240  5373 D MotionRecognitionService:   onReceive : SARDEVICE_CP, callAction = off deviceID = 3 slot = 0
09-23 23:37:55.756  5240  5373 W MotionRecognitionService: id : 0 cmd :off
09-23 23:37:55.756  5240  5373 I MotionRecognitionService: [SAR] Received request for MainGrip
09-23 23:37:55.756  5240  5373 D MotionRecognitionService: [SAR] disableGripSensor : Enabled true  slot 0 (true)
09-23 23:37:55.757  5240  5373 D SensorService: Calling activate off 33554443
09-23 23:37:55.757  4842  4842 I SensorsGrip: [grip_sensor] enable: GripSensor: enable handle = 11 en = 0
09-23 23:37:55.760  5240  5373 D SensorManager: unregisterListener :: com.samsung.android.gesture.MotionRecognitionSAR$SensorGripEventListener@8e899d2
09-23 23:37:55.760  5240  5373 I MotionRecognitionService: [SAR] size 0
09-23 23:37:55.761  5240  5373 D MotionRecognitionService: [SAR] clear SAR_DEVICE_GRIP
09-23 23:37:55.761  5240  5373 D MotionRecognitionService: mSarGripSlot is 0
09-23 23:37:55.761  5240  5373 W MotionRecognitionService: id : 1 cmd :off
09-23 23:37:55.761  5240  5373 D MotionRecognitionService: [SAR] disableProxSensor : Enabled true  slot 0 (true)
09-23 23:37:55.761  5240  5373 D MotionRecognitionService: mSarProxSlot is 0
09-23 23:37:55.762  5520  6587 I System.out: Broadcast completed: result=0
09-23 23:37:55.765  5240  5373 E MotionRecognitionService: handleMessage: event 200 value : 1
09-23 23:37:55.781  5240  5373 D MotionRecognitionService: clear TransmitPower  value : 1
09-23 23:37:56.867  4428  4428 D io_stats: !@   8,0 r 11603472 289099708 w 6755709 121870416 d 0 0 f 0 0 iot 4050132 0 th 0 0 0 pt 0 inp 0 0 206845.034
09-23 23:37:59.072 31549 31549 I wpa_supplicant: Heartbeat 2550
09-23 23:37:59.136  5240  8299 D SamsungAlarmManager: Cancel Alarm calling from uid:10257 pid :17087 / OP:PendingIntent{f1b17cc: PendingIntentRecord{3917a15 com.avito.android broadcastIntent}}
09-23 23:37:59.138  5240  8299 D SamsungAlarmManager: Cancel Alarm calling from uid:10257 pid :17087 / OP:PendingIntent{961912a: PendingIntentRecord{941cb1b com.avito.android broadcastIntent}}
09-23 23:37:59.141  5240  5379 D SamsungAlarmManager: Cancel Alarm calling from uid:10257 pid :17087 / OP:PendingIntent{ec7e4b8: PendingIntentRecord{3917a15 com.avito.android broadcastIntent}}
09-23 23:37:59.142  5240  5379 D SamsungAlarmManager: Cancel Alarm calling from uid:10257 pid :17087 / OP:PendingIntent{11ca291: PendingIntentRecord{941cb1b com.avito.android broadcastIntent}}
09-23 23:37:59.161  5240  5379 D PackageManager: setEnabledSetting : userId = 0 packageName = com.avito.android cmp = androidx.work.impl.background.systemalarm.RescheduleReceiver newState = 1 callingPackage = 10257/com.avito.android
09-23 23:37:59.168  5240  5379 V SamsungAlarmManager: setLocked to kernel - W:960373857 / NW:960322324, now=960321491
09-23 23:37:59.169  5240  5379 D SamsungAlarmManager: setInexact (T:3/F:8/AC:false) 20220924T004802 now=960321492 - CU:1000/CP:5240/L:10d0d36:*job.quota_check*
09-23 23:37:59.169  5240  5379 V SamsungAlarmManager: setLocked to kernel - W:960373857 / NW:960322324, now=960321492
09-23 23:37:59.288  4838  4874 D BatteryDump: wait_for_battery_event : occurred : change@/devices/virtual/xt_idletimer/timers
09-23 23:37:59.291  5240  5283 D BatteryExternalStatsWorker: update stats : modem-data (4)
09-23 23:37:59.305  5240  5379 D TelephonyManager: requestModemActivityInfo: Sending result to app: ModemActivityInfo{ mTimestamp=960321627 mSleepTimeMs=703207905 mIdleTimeMs=56185368 mTxTimeMs[]=[864992, 1260810, 7247114, 2932123, 3372328] mRxTimeMs=199568418}
09-23 23:37:59.306  5240  5283 D BatteryExternalStatsWorker: ModemActivityInfo was updated
09-23 23:37:59.306  5240  5283 D BatteryExternalStatsWorker: done updateExternalStatsLocked
09-23 23:37:59.333  4808  6814 D IptablesRestoreController: [iptables debug]iptables-restore execute *filter
09-23 23:37:59.333  4808  6814 D IptablesRestoreController: -nvx -L tetherctrl_counters
09-23 23:37:59.333  4808  6814 D IptablesRestoreController: COMMIT
09-23 23:37:59.337  4808  6814 D IptablesRestoreController: [iptables debug]iptables-restore execute done, res : 0
09-23 23:37:59.338  4808  6814 D IptablesRestoreController: [iptables debug]iptables-restore execute *filter
09-23 23:37:59.338  4808  6814 D IptablesRestoreController: -nvx -L tetherctrl_counters
09-23 23:37:59.338  4808  6814 D IptablesRestoreController: COMMIT
09-23 23:37:59.341  4808  6814 D IptablesRestoreController: [iptables debug]iptables-restore execute done, res : 0
09-23 23:38:00.001  5240  5354 D SamsungAlarmManager: Expired : 8
09-23 23:38:00.001  5240  5354 V SamsungAlarmManager: Sending to uid : 1000 L=8ad84b2:TIME_TICK alarm=Alarm{427fdf7 type 3 origWhen 960322324 whenElapsed 960322324 android}
09-23 23:38:00.002  5240  5354 D SamsungAlarmManager: setExact (T:3/F:9/AC:false) 20220923T233900 now=960322325 - CU:1000/CP:5240/L:8ad84b2:TIME_TICK
09-23 23:38:00.002  5240  5354 V SamsungAlarmManager: setLocked to kernel - W:960373857 / NW:960371611, now=960322325
09-23 23:38:00.004 18045 18127 D QSClockBellTower: onReceive(android.intent.action.TIME_TICK) mTimeZoneString:null
09-23 23:38:00.004 18045 18045 D KeyguardUpdateMonitor: received broadcast android.intent.action.TIME_TICK
09-23 23:38:00.006  5240  5354 V SamsungAlarmManager: setLocked to kernel - W:960373857 / NW:960371611, now=960322329
09-23 23:38:00.007 18045 18045 D QSClockBellTower: He is ready to ring the bell. (((QSClockBellSound - TimeText:23:38, TimeContentDescription:23:38, DateText:пт, 23 сентября, ShortDateText:пт, 23 сент., Demofalse)))
09-23 23:38:00.009 18045 18045 D QSClockHomeIndicatorView: Home Indicator status_bar_clock notifyTimeChanged(QSClockBellSound - TimeText:23:38, TimeContentDescription:23:38, DateText:пт, 23 сентября, ShortDateText:пт, 23 сент., Demofalse) ClockVisibleByPolicy:true, ClockVisibleByUser:true, visible?true, parent:android.widget.LinearLayout{d01fcad V.E...... ......ID 0,0-97,83 #7f0b0472 app:id/left_clock_container}
09-23 23:38:00.009 18045 18045 D QSClockBellTower: Everyone heard the bell. run(currentTime:1663951080005,   getTime():Fri Sep 23 23:38:00 GMT+07:00 2022,   getTimeZone():libcore.util.ZoneInfo[mDstSavings=0,mUseDst=false,mDelegate=[id="Asia/Krasnoyarsk",mRawOffset=25200000,mEarliestRawOffset=22286000,transitions=66]])
09-23 23:38:00.010 18045 18045 D KeyguardUpdateMonitor: handleTimeUpdate
09-23 23:38:00.010 18045 18045 D FaceWidgetPagesController: onTimeChanged()
09-23 23:38:00.021 18045 18045 D QS      : setQSExpansion 0.0 -116.024994
09-23 23:38:00.024 18045 18045 D QS      : setQSExpansion 0.0 -116.024994
09-23 23:38:00.025 18045 18045 V SecQSFragmentAnimatorBase: setQsExpansionPosition 0.0
09-23 23:38:00.025 18045 18045 V QsExpandAnimator: setQsExpansionPosition 0.0 0
09-23 23:38:00.025 18045 18045 D QS      : setQSExpansion 0.0 -116.024994
09-23 23:38:00.027 18045 18045 D IndicatorGardenInputProperty: updateRotation() prv:-1 >> new:0
09-23 23:38:00.028 18045 18045 D DeviceState: getDeviceResolutionPixelSize - currentDensity = 420 deviceDensity = 420 initialDisplaySizeFactor = 1080 currentDisplaySizeFactor = 1080 initialDisplayDensity = 420 proportionalDensity = 420 proportionalPixel = 0
09-23 23:38:00.028 18045 18045 D DeviceState: getDeviceResolutionPixelSize - currentDensity = 420 deviceDensity = 420 initialDisplaySizeFactor = 1080 currentDisplaySizeFactor = 1080 initialDisplayDensity = 420 proportionalDensity = 420 proportionalPixel = 0
09-23 23:38:00.028 18045 18045 D DeviceState: getDeviceResolutionPixelSize - currentDensity = 420 deviceDensity = 420 initialDisplaySizeFactor = 1080 currentDisplaySizeFactor = 1080 initialDisplayDensity = 420 proportionalDensity = 420 proportionalPixel = 0
09-23 23:38:00.029 18045 18045 E IndicatorGardenAlgorithmBasicCutout: NOT MATCH !!!! resourceHeight:78, cutoutHeight:83 ([IndicatorGardenInputProperty]  Rotation(0-0,90-1,180-2,270-3)0, Density:2.625, ScreenWidthSize:1080, CoverSidePadding:0, mIndicatorGardenCenterOffset:11, mCameraCutoutCropSize:80, mGardenPaddingStart:21, mIndicatorCornerPadding:0, mCameraSidePadding:0, mCameraTopMargin:0, DpCutout:DisplayCutout{insets=Rect(0, 83 - 0, 0) waterfall=Insets{left=0, top=0, right=0, bottom=0} boundingRect={Bounds=[Rect(0, 0 - 0, 0), Rect(443, 0 - 637, 83), Rect(0, 0 - 0, 0), Rect(0, 0 - 0, 0)]} cutoutPathParserInfo={CutoutPathParserInfo{displayWidth=1080 displayHeight=2340 density={2.625} cutoutSpec={M36.95,0C26.35,0,24.15,3.8,23.15,9.8 l-0.1,0.7c-1.7,9.6-9.3,17.2-18.9,18.9c-12.7,2.2-24.8-6.2-27-18.9 c0,0-0.1-0.7-0.1-0.7C-24.15,3.8,-26.25,0,-36.95,0Z @dp} rotation={0} scale={1.0}}}})
09-23 23:38:00.029 18045 18045 E IndicatorGardenAlgorithmBasicCutout: NOT MATCH !!!! resourceHeight:78, cutoutHeight:83 ([IndicatorGardenInputProperty]  Rotation(0-0,90-1,180-2,270-3)0, Density:2.625, ScreenWidthSize:1080, CoverSidePadding:0, mIndicatorGardenCenterOffset:11, mCameraCutoutCropSize:80, mGardenPaddingStart:21, mIndicatorCornerPadding:0, mCameraSidePadding:0, mCameraTopMargin:0, DpCutout:DisplayCutout{insets=Rect(0, 83 - 0, 0) waterfall=Insets{left=0, top=0, right=0, bottom=0} boundingRect={Bounds=[Rect(0, 0 - 0, 0), Rect(443, 0 - 637, 83), Rect(0, 0 - 0, 0), Rect(0, 0 - 0, 0)]} cutoutPathParserInfo={CutoutPathParserInfo{displayWidth=1080 displayHeight=2340 density={2.625} cutoutSpec={M36.95,0C26.35,0,24.15,3.8,23.15,9.8 l-0.1,0.7c-1.7,9.6-9.3,17.2-18.9,18.9c-12.7,2.2-24.8-6.2-27-18.9 c0,0-0.1-0.7-0.1-0.7C-24.15,3.8,-26.25,0,-36.95,0Z @dp} rotation={0} scale={1.0}}}})
09-23 23:38:00.031 18045 18045 W Looper  : Slow dispatch took 17ms main h=android.view.Choreographer$FrameHandler c=android.view.Choreographer$FrameDisplayEventReceiver@42c2551 m=0
09-23 23:38:00.031 18045 18045 V QsExpandAnimator: updateAnimators
09-23 23:38:00.031 18045 18045 V QsExpandAnimator: clearAnimationState
09-23 23:38:00.035 18045 18045 V QsExpandAnimator: setQsExpansionPosition 0.0 0
09-23 23:38:00.047  4917  4917 I SurfaceFlinger: SFWD update time=206848214938165
09-23 23:38:00.644  5240  5379 W ProcessStats: Tracking association SourceState{9eab899 system/1000 BTopFgs #821327} whose proc state 2 is better than process ProcessState{c224a70 com.adguard.android/10280 pkg=com.adguard.android} proc state 3 (5 skipped)
09-23 23:38:00.870  4428  4428 D io_stats: !@   8,0 r 11603498 289099896 w 6755749 121870628 d 0 0 f 0 0 iot 4050136 0 th 0 0 0 pt 0 inp 0 0 206849.037
09-23 23:38:01.573 22388 21930 W Nearby  : [MBleClient] Ignore outdated onLost runnable from cycle : 43, current cycle : 226 [CONTEXT service_id=49 ]
09-23 23:38:01.581 22388 21930 W Nearby  : [MBleClient] Ignore outdated onLost runnable from cycle : 44, current cycle : 226 [CONTEXT service_id=49 ]
09-23 23:38:03.056  4838  4874 D BatteryDump: wait_for_battery_event : occurred : change@/devices/virtual/xt_idletimer/timers
09-23 23:38:03.064  5240  5420 D ConnectivityService: reportNetworkActive, notify 0 listeners
09-23 23:38:03.146  4818 19299 E power   : ISystemSuspend::getService() failed.
09-23 23:38:03.147  5520  5547 I System.out: Broadcasting: Intent { act=com.sec.intent.action.SARDEVICE_CP flg=0x10000000 (has extras) }
09-23 23:38:03.149 19127 19669 I RILClient: processUnsolicited(): resp_id (11090), len(118)
09-23 23:38:03.154  5240  5373 D MotionRecognitionService:   onReceive : SARDEVICE_CP, callAction = on deviceID = 3 slot = 0
09-23 23:38:03.154  5240  5373 W MotionRecognitionService: id : 0 cmd :on
09-23 23:38:03.154  5240  5373 I MotionRecognitionService: [SAR] Received request for MainGrip
09-23 23:38:03.156  5240  5373 D SensorService: [GripSensor] ++ setGripThdWithMCC  (65560)
09-23 23:38:03.157  5240  5373 D SensorService: GripSensor: MCC Path does not exist
09-23 23:38:03.157  5240  5373 D SensorService: Calling batch handle==33554443 flags=0 rate=200000000 timeout== 0
09-23 23:38:03.159  4842  4842 I SensorsGrip: [grip_sensor] enable: GripSensor: enable handle = 11 en = 1
09-23 23:38:03.163  4842  4905 I SensorsGrip: [grip_sensor] readEvents: GripSensor: grip data = TOUCH
09-23 23:38:03.163  5240  5373 D SensorManager: registerListener :: 33554443, A96T3X6 Grip sensor, 200000, 0, com.samsung.android.gesture.MotionRecognitionSAR$SensorGripEventListener@b57d6cd
09-23 23:38:03.164  5240  5373 D MotionRecognitionService: [SAR] enableGripSensor
09-23 23:38:03.164  5240  5373 D MotionRecognitionService: mSarGripSlot is 1
09-23 23:38:03.164  5240  5373 W MotionRecognitionService: id : 1 cmd :on
09-23 23:38:03.164  5240  5373 D MotionRecognitionService: mSarProxSlot is 1
09-23 23:38:03.165  5520  6587 I System.out: Broadcast completed: result=0
09-23 23:38:03.169  5240  5373 D MotionRecognitionService: [SAR] == >> GripVal = 1
09-23 23:38:03.169  5240  5373 I MotionRecognitionService: [SAR] GripWifi disabled
09-23 23:38:03.169  5240  5373 D MotionRecognitionService: set SAR_DEVICE_GRIP
09-23 23:38:03.169  4842  4905 I SensorsGrip: [grip_sensor] readEvents: GripSensor: grip data = TOUCH
09-23 23:38:03.169  5240  5373 E MotionRecognitionService: handleMessage: event 100 value : 1
09-23 23:38:03.181  5240  5373 D MotionRecognitionService: set TransmitPower  value : 1
09-23 23:38:03.181  5240  5373 D MotionRecognitionService: [SAR] == >> GripVal = 1
09-23 23:38:03.181  5240  5373 I MotionRecognitionService: [SAR] GripWifi disabled
09-23 23:38:03.181  5240  5373 D MotionRecognitionService: set SAR_DEVICE_GRIP
09-23 23:38:03.182  5240  5373 E MotionRecognitionService: handleMessage: event 100 value : 1
09-23 23:38:03.191  5240  5373 D MotionRecognitionService: set TransmitPower  value : 1
09-23 23:38:03.937 18045 18078 D MobileStatusTracker(0/1): onDataActivity: direction=3
09-23 23:38:03.937 18045 18078 D CscParser: OMC path : /optics/configs/carriers/single/SER/conf/customer.xml
09-23 23:38:03.938 18045 18078 I CscParser: getCustomerPath : omc customer file can read
09-23 23:38:03.938 18045 18078 E CscParser: update(): xml file exist
09-23 23:38:03.955 18045 18078 D NetworkController.MobileSignalController(0/1): notifyListener: enabled=true, connected=true, dataConnected=true, networkType=LTE (4G), emergencyOnly=false, roaming=false, isDefault=true, fiveGAvailable=false, mmWave=false, showDisabledDataIcon=false, voWifiConnected=false, dataActivity=inout, simState=null, cardOperator=OTHERS, simCardActivated=1
09-23 23:38:04.874  4428  4428 D io_stats: !@   8,0 r 11603498 289099896 w 6755751 121870636 d 0 0 f 0 0 iot 4050140 0 th 0 0 0 pt 0 inp 0 0 206853.041
09-23 23:38:05.091 11651 11651 D BoundBrokerSvc: onBind: Intent { act=com.google.android.gms.safetynet.service.START pkg=com.google.android.gms }
09-23 23:38:05.091 11651 11651 D BoundBrokerSvc: Loading bound service for intent: Intent { act=com.google.android.gms.safetynet.service.START pkg=com.google.android.gms }
09-23 23:38:05.106 18045 18078 D MobileStatusTracker(0/1): onDataActivity: direction=0
09-23 23:38:05.106 18045 18078 D CscParser: OMC path : /optics/configs/carriers/single/SER/conf/customer.xml
09-23 23:38:05.106 18045 18078 I CscParser: getCustomerPath : omc customer file can read
09-23 23:38:05.106 18045 18078 E CscParser: update(): xml file exist
09-23 23:38:05.119 18045 18078 D NetworkController.MobileSignalController(0/1): notifyListener: enabled=true, connected=true, dataConnected=true, networkType=LTE (4G), emergencyOnly=false, roaming=false, isDefault=true, fiveGAvailable=false, mmWave=false, showDisabledDataIcon=false, voWifiConnected=false, dataActivity=, simState=null, cardOperator=OTHERS, simCardActivated=1
09-23 23:38:06.876  4428  4428 D io_stats: !@   8,0 r 11603956 289104892 w 6756579 121874496 d 0 0 f 0 0 iot 4050264 0 th 0 0 0 pt 0 inp 0 0 206855.043
09-23 23:38:07.441 18045 18078 D MobileStatusTracker(0/1): onDataActivity: direction=3
09-23 23:38:07.441 18045 18078 D CscParser: OMC path : /optics/configs/carriers/single/SER/conf/customer.xml
09-23 23:38:07.442 18045 18078 I CscParser: getCustomerPath : omc customer file can read
09-23 23:38:07.442 18045 18078 E CscParser: update(): xml file exist
09-23 23:38:07.458 18045 18078 D NetworkController.MobileSignalController(0/1): notifyListener: enabled=true, connected=true, dataConnected=true, networkType=LTE (4G), emergencyOnly=false, roaming=false, isDefault=true, fiveGAvailable=false, mmWave=false, showDisabledDataIcon=false, voWifiConnected=false, dataActivity=inout, simState=null, cardOperator=OTHERS, simCardActivated=1
09-23 23:38:08.591 18045 18078 D MobileStatusTracker(0/1): onDataActivity: direction=0
09-23 23:38:08.591 18045 18078 D CscParser: OMC path : /optics/configs/carriers/single/SER/conf/customer.xml
09-23 23:38:08.592 18045 18078 I CscParser: getCustomerPath : omc customer file can read
09-23 23:38:08.592 18045 18078 E CscParser: update(): xml file exist
09-23 23:38:08.607 18045 18078 D NetworkController.MobileSignalController(0/1): notifyListener: enabled=true, connected=true, dataConnected=true, networkType=LTE (4G), emergencyOnly=false, roaming=false, isDefault=true, fiveGAvailable=false, mmWave=false, showDisabledDataIcon=false, voWifiConnected=false, dataActivity=, simState=null, cardOperator=OTHERS, simCardActivated=1
09-23 23:38:08.877  4428  4428 D io_stats: !@   8,0 r 11603959 289104936 w 6756583 121874520 d 0 0 f 0 0 iot 4050268 0 th 0 0 0 pt 0 inp 0 0 206857.044
09-23 23:38:09.080 31549 31549 I wpa_supplicant: Heartbeat 2551
09-23 23:38:09.732 18045 18078 D MobileStatusTracker(0/1): onDataActivity: direction=3
09-23 23:38:09.733 18045 18078 D CscParser: OMC path : /optics/configs/carriers/single/SER/conf/customer.xml
09-23 23:38:09.733 18045 18078 I CscParser: getCustomerPath : omc customer file can read
09-23 23:38:09.733 18045 18078 E CscParser: update(): xml file exist
09-23 23:38:09.749 18045 18078 D NetworkController.MobileSignalController(0/1): notifyListener: enabled=true, connected=true, dataConnected=true, networkType=LTE (4G), emergencyOnly=false, roaming=false, isDefault=true, fiveGAvailable=false, mmWave=false, showDisabledDataIcon=false, voWifiConnected=false, dataActivity=inout, simState=null, cardOperator=OTHERS, simCardActivated=1
09-23 23:38:10.871 18045 18078 D MobileStatusTracker(0/1): onDataActivity: direction=0
09-23 23:38:10.872 18045 18078 D CscParser: OMC path : /optics/configs/carriers/single/SER/conf/customer.xml
09-23 23:38:10.872 18045 18078 I CscParser: getCustomerPath : omc customer file can read
09-23 23:38:10.872 18045 18078 E CscParser: update(): xml file exist
09-23 23:38:10.887 18045 18078 D NetworkController.MobileSignalController(0/1): notifyListener: enabled=true, connected=true, dataConnected=true, networkType=LTE (4G), emergencyOnly=false, roaming=false, isDefault=true, fiveGAvailable=false, mmWave=false, showDisabledDataIcon=false, voWifiConnected=false, dataActivity=, simState=null, cardOperator=OTHERS, simCardActivated=1
09-23 23:38:11.947  5240  5269 E Watchdog: !@Sync: 6886 heap: 80 / 99 [2022-09-23 23:38:11.947] sdogWay: softdog FD: 91609-23 23:38:14.312 18045 18078 D MobileStatusTracker(0/1): onDataActivity: direction=3
09-23 23:38:14.313 18045 18078 D CscParser: OMC path : /optics/configs/carriers/single/SER/conf/customer.xml
09-23 23:38:14.313 18045 18078 I CscParser: getCustomerPath : omc customer file can read
09-23 23:38:14.313 18045 18078 E CscParser: update(): xml file exist
09-23 23:38:14.329 18045 18078 D NetworkController.MobileSignalController(0/1): notifyListener: enabled=true, connected=true, dataConnected=true, networkType=LTE (4G), emergencyOnly=false, roaming=false, isDefault=true, fiveGAvailable=false, mmWave=false, showDisabledDataIcon=false, voWifiConnected=false, dataActivity=inout, simState=null, cardOperator=OTHERS, simCardActivated=1
09-23 23:38:15.475 18045 18078 D MobileStatusTracker(0/1): onDataActivity: direction=0
09-23 23:38:15.476 18045 18078 D CscParser: OMC path : /optics/configs/carriers/single/SER/conf/customer.xml
09-23 23:38:15.476 18045 18078 I CscParser: getCustomerPath : omc customer file can read
09-23 23:38:15.476 18045 18078 E CscParser: update(): xml file exist
09-23 23:38:15.493 18045 18078 D NetworkController.MobileSignalController(0/1): notifyListener: enabled=true, connected=true, dataConnected=true, networkType=LTE (4G), emergencyOnly=false, roaming=false, isDefault=true, fiveGAvailable=false, mmWave=false, showDisabledDataIcon=false, voWifiConnected=false, dataActivity=, simState=null, cardOperator=OTHERS, simCardActivated=1
09-23 23:38:15.660 19147 19374 I SDHMS:C : SIOP:: AP:280(337,80) BAT:279(279,0) USB:0(0,0) CHG:339(339,0) WIFI:323(323,0) LRP:317(317,0) LRF:317(317) LRB:317(317)
09-23 23:38:16.883  4428  4428 D io_stats: !@   8,0 r 11603981 289105120 w 6756603 121874640 d 0 0 f 0 0 iot 4050272 0 th 0 0 0 pt 0 inp 0 0 206865.050
09-23 23:38:17.775 18045 18078 D MobileStatusTracker(0/1): onDataActivity: direction=3
09-23 23:38:17.776 18045 18078 D CscParser: OMC path : /optics/configs/carriers/single/SER/conf/customer.xml
09-23 23:38:17.776 18045 18078 I CscParser: getCustomerPath : omc customer file can read
09-23 23:38:17.776 18045 18078 E CscParser: update(): xml file exist
09-23 23:38:17.793 18045 18078 D NetworkController.MobileSignalController(0/1): notifyListener: enabled=true, connected=true, dataConnected=true, networkType=LTE (4G), emergencyOnly=false, roaming=false, isDefault=true, fiveGAvailable=false, mmWave=false, showDisabledDataIcon=false, voWifiConnected=false, dataActivity=inout, simState=null, cardOperator=OTHERS, simCardActivated=1
09-23 23:38:18.884  4428  4428 D io_stats: !@   8,0 r 11603982 289105124 w 6756608 121874672 d 0 0 f 0 0 iot 4050276 0 th 0 0 0 pt 0 inp 0 0 206867.052
09-23 23:38:18.923 18045 18078 D MobileStatusTracker(0/1): onDataActivity: direction=0
09-23 23:38:18.925 18045 18078 D CscParser: OMC path : /optics/configs/carriers/single/SER/conf/customer.xml
09-23 23:38:18.926 18045 18078 I CscParser: getCustomerPath : omc customer file can read
09-23 23:38:18.926 18045 18078 E CscParser: update(): xml file exist
09-23 23:38:18.952  4838  4874 D BatteryDump: wait_for_battery_event : occurred : change@/devices/platform/battery/power_supply/battery
