09-23 23:36:54.972 18931 19033 I BluetoothAdapter: STATE_ON
09-23 23:36:54.975 18931 19033 D BtGatt.ScanManager: configureFilterParamter() : onFoundTimeout | onLostTimeout | onFoundCount | numOfTrackingEntries | scanFilterRssiThreshold | trackableScanFilterRssiThreshold | matchMode
09-23 23:36:54.975 18931 19033 D BtGatt.ScanManager: configureFilterParamter() : __________500__|________10000__|___________1__|___________________0__|___________________-128__|____________________________-128__|________1_
09-23 23:36:54.981  5240  9482 D SGM:GameManager: identifyGamePackage. org.telegram.messenger, mCurrentUserId: 0, callerUserId: 0, callingMethodInfo: com.android.server.ssrm.SortingMachine.isGame(SortingMachine.java:162)
09-23 23:36:54.981  5240  9482 D SGM:PkgDataHelper: getGamePkgData(). org.telegram.messenger
09-23 23:36:55.084  5240  5240 D PocketProximityManager: setStateOut()
09-23 23:36:55.243  5240  5240 D PocketProximityManager: setStateOut()
09-23 23:36:55.403  5240  5240 D PocketProximityManager: setStateOut()
09-23 23:36:55.484 22388 22485 I Nearby  : [MBleClient] Start ble scanning from NearbyDirect:BluetoothAdapterWrapper, context tag = nearby_messages [CONTEXT service_id=49 ]
09-23 23:36:55.485 22388 22485 I BluetoothAdapter: STATE_ON
09-23 23:36:55.485 22388 22485 D BluetoothLeScanner: Stop Scan with callback
09-23 23:36:55.492 18931 26559 D BtGatt.ContextMap: remove() - id: 4
09-23 23:36:55.493 18931 26559 E BtGatt.ContextMap: remove() - removed: 4
09-23 23:36:55.493 18931 19058 I bt_stack: [INFO:gatt_api.cc(1102)] GATT_Deregister gatt_if=4
09-23 23:36:55.493 18931 19058 I bt_stack: [INFO:gatt_api.cc(1155)] Initialize tGATT_REG
09-23 23:36:55.494 22388 22485 I Nearby  : [MBleClient] M hardware scan: 1 clients, scanMode= OPPORTUNISTIC, callback type= ALL_MATCHES [CONTEXT service_id=49 ]
09-23 23:36:55.494 22388 22485 I BluetoothAdapter: STATE_ON
09-23 23:36:55.495 22388 22485 I BluetoothAdapter: STATE_ON
09-23 23:36:55.495 22388 22485 I BluetoothAdapter: STATE_ON
09-23 23:36:55.496 22388 22485 D BluetoothLeScanner: Start Scan with callback
09-23 23:36:55.501 18931 26559 D BtGatt.ContextMap: add() - appUid: 10205, appPid: 22388, appName: com.google.uid.shared09-23 23:36:55.502 18931 19001 D BtGatt.GattService: onScannerRegistered() - UUID=6458310b-1e5a-469f-90d5-9de0a602bba7, scannerId=4, status=0
09-23 23:36:55.502 18931 19058 W bt_btm  : btm_ble_disable_resolving_list() rl_state = 0x0, rl_mask = 0x2, to_resume = 109-23 23:36:55.502 22388 24670 D BluetoothLeScanner: onScannerRegistered() - status=0 scannerId=4 mScannerId=0
09-23 23:36:55.502 18931 19058 W bt_btm  : btm_ble_disable_resolving_list() rl_state = 0x0, rl_mask = 0x2, to_resume = 109-23 23:36:55.504 18931 26559 I BluetoothAdapter: STATE_ON
09-23 23:36:55.505 18931 19049 W BtGatt.GattService: checkToReportData before boot completed
09-23 23:36:55.505 18931 19049 E BtGatt.GattService: [GSIM LOG]: gsimLogHandler, msg: MESSAGE_SCAN_STOP, appName: com.google.uid.shared, scannerId: 4, reportDelayMillis=0
09-23 23:36:55.506 18931 19033 I BluetoothAdapter: STATE_ON
09-23 23:36:55.510 18931 19033 I BluetoothAdapter: STATE_ON
09-23 23:36:55.510 18931 19049 W BtGatt.GattService: checkToReportData before boot completed
09-23 23:36:55.510 18931 19049 E BtGatt.GattService: [GSIM LOG]: gsimLogHandler, msg: MESSAGE_SCAN_START, appName: com.google.uid.shared, scannerId: 4, reportDelayMillis=0
09-23 23:36:55.510 18931 19049 W BtGatt.GattService: [GSIM LOG]: this is opportunistic scan, do not update DB
09-23 23:36:55.510 18931 19033 I BluetoothAdapter: STATE_ON
09-23 23:36:55.563  5240  5240 D PocketProximityManager: setStateOut()
09-23 23:36:55.723  5240  5240 D PocketProximityManager: setStateOut()
09-23 23:36:55.882  5240  5240 D PocketProximityManager: setStateOut()
09-23 23:36:56.042  5240  5240 D PocketProximityManager: setStateOut()
09-23 23:36:56.202  5240  5240 D PocketProximityManager: setStateOut()
09-23 23:36:56.361  5240  5240 D PocketProximityManager: setStateOut()
09-23 23:36:56.521  5240  5240 D PocketProximityManager: setStateOut()
09-23 23:36:56.561  5240  5272 I ActivityManager: Changes in 10067 3 to 15, 8 to 0
09-23 23:36:56.564  5240  5264 D NetworkPolicy: onUidStateChanged() uid: 10067, isForeground(false, 15)
09-23 23:36:56.565 18931 18931 D HidDeviceService: handleMessage(): msg.what=8
09-23 23:36:56.681  5240  5240 D PocketProximityManager: setStateOut()
09-23 23:36:56.699 22388 21930 I NearbySharing: FastInitiation warming period has ended [CONTEXT service_id=194 ]
09-23 23:36:56.816  4428  4428 D io_stats: !@   8,0 r 11603376 289098124 w 6755568 121869636 d 0 0 f 0 0 iot 4050068 0 th 0 0 0 pt 0 inp 0 0 206784.983
09-23 23:36:56.840  5240  5240 D PocketProximityManager: setStateOut()
09-23 23:36:57.000  5240  5240 D PocketProximityManager: setStateOut()
09-23 23:36:57.160  5240  5240 D PocketProximityManager: setStateOut()
09-23 23:36:57.214 18045 18078 D MobileStatusTracker(0/1): onDataActivity: direction=3
09-23 23:36:57.214 18045 18078 D CscParser: OMC path : /optics/configs/carriers/single/SER/conf/customer.xml
09-23 23:36:57.215 18045 18078 I CscParser: getCustomerPath : omc customer file can read
09-23 23:36:57.215 18045 18078 E CscParser: update(): xml file exist
09-23 23:36:57.231 18045 18078 D NetworkController.MobileSignalController(0/1): notifyListener: enabled=true, connected=true, dataConnected=true, networkType=LTE (4G), emergencyOnly=false, roaming=false, isDefault=true, fiveGAvailable=false, mmWave=false, showDisabledDataIcon=false, voWifiConnected=false, dataActivity=inout, simState=null, cardOperator=OTHERS, simCardActivated=1
09-23 23:36:57.319  5240  5240 D PocketProximityManager: setStateOut()
09-23 23:36:57.479  5240  5240 D PocketProximityManager: setStateOut()
09-23 23:36:57.639  5240  5240 D PocketProximityManager: setStateOut()
09-23 23:36:57.799  5240  5240 D PocketProximityManager: setStateOut()
09-23 23:36:57.826  5240  7370 D SamsungAlarmManager: Cancel Alarm calling from uid:10205 pid :11651 / OP:PendingIntent{700562: PendingIntentRecord{b2d4677 com.google.android.gms/ startService}}
09-23 23:36:57.827  5240  7370 V SamsungAlarmManager: setLocked to kernel - W:960268853 / NW:960262324, now=960260150
09-23 23:36:57.832 18045 18078 D MobileStatusTracker(0/1): onSignalStrengthsChanged signalStrength=SignalStrength:{mCdma=Invalid,mGsm=Invalid,mWcdma=Invalid,mTdscdma=Invalid,mLte=CellSignalStrengthLte: rssi=-101 rsrp=-101 rsrq=-7 rssnr=9 cqiTableIndex=2147483647 cqi=7 ta=2147483647 level=3 parametersUseForLevel=0,mNr=Invalid,SignalBarInfo{ lteLevel=2 },rat=14,primary=CellSignalStrengthLte} level=2
09-23 23:36:57.832 18045 18078 D CscParser: OMC path : /optics/configs/carriers/single/SER/conf/customer.xml
09-23 23:36:57.832 18045 18078 I CscParser: getCustomerPath : omc customer file can read
09-23 23:36:57.833 18045 18078 E CscParser: update(): xml file exist
09-23 23:36:57.833  5240  6414 D SamsungAlarmManager: Cancel Alarm calling from uid:10205 pid :22388 / OP:PendingIntent{d2256f3: PendingIntentRecord{92e49c6 com.google.android.gms/ startService}}
09-23 23:36:57.834  5240  6414 V SamsungAlarmManager: setLocked to kernel - W:960268853 / NW:960262324, now=960260157
09-23 23:36:57.847 18045 18078 D NetworkController: SignalStrength from intent slotId=0
09-23 23:36:57.958  5240  5240 D PocketProximityManager: setStateOut()
09-23 23:36:58.118  5240  5240 D PocketProximityManager: setStateOut()
09-23 23:36:58.278  5240  5240 D PocketProximityManager: setStateOut()
09-23 23:36:58.437  5240  5240 D PocketProximityManager: setStateOut()
09-23 23:36:58.442 18045 18078 D MobileStatusTracker(0/1): onDataActivity: direction=0
09-23 23:36:58.442 18045 18078 D CscParser: OMC path : /optics/configs/carriers/single/SER/conf/customer.xml
09-23 23:36:58.443 18045 18078 I CscParser: getCustomerPath : omc customer file can read
09-23 23:36:58.443 18045 18078 E CscParser: update(): xml file exist
09-23 23:36:58.458 18045 18078 D NetworkController.MobileSignalController(0/1): notifyListener: enabled=true, connected=true, dataConnected=true, networkType=LTE (4G), emergencyOnly=false, roaming=false, isDefault=true, fiveGAvailable=false, mmWave=false, showDisabledDataIcon=false, voWifiConnected=false, dataActivity=, simState=null, cardOperator=OTHERS, simCardActivated=1
09-23 23:36:58.598  5240  5240 D PocketProximityManager: setStateOut()
09-23 23:36:58.757  5240  5240 D PocketProximityManager: setStateOut()
09-23 23:36:58.827 18045 18078 D MobileStatusTracker(0/1): onSignalStrengthsChanged signalStrength=SignalStrength:{mCdma=Invalid,mGsm=Invalid,mWcdma=Invalid,mTdscdma=Invalid,mLte=CellSignalStrengthLte: rssi=-103 rsrp=-103 rsrq=-10 rssnr=6 cqiTableIndex=2147483647 cqi=7 ta=2147483647 level=3 parametersUseForLevel=0,mNr=Invalid,SignalBarInfo{ lteLevel=2 },rat=14,primary=CellSignalStrengthLte} level=2
09-23 23:36:58.828 18045 18078 D CscParser: OMC path : /optics/configs/carriers/single/SER/conf/customer.xml
09-23 23:36:58.828 18045 18078 I CscParser: getCustomerPath : omc customer file can read
09-23 23:36:58.828 18045 18078 E CscParser: update(): xml file exist
09-23 23:36:58.847 18045 18078 D NetworkController: SignalStrength from intent slotId=0
09-23 23:36:58.917  5240  5240 D PocketProximityManager: setStateOut()
09-23 23:36:58.924  5240  5335 I AppOps  : updateUidProcState uid: 1000 procState: 0 capability:15
09-23 23:36:58.925  5240  5335 D PowerManagerService: [api] setDeviceIdleTempWhitelist: appids:  (uid: 1000 pid: 5240)
09-23 23:36:59.036 31549 31549 I wpa_supplicant: Heartbeat 2544
09-23 23:36:59.077  5240  5240 D PocketProximityManager: setStateOut()
09-23 23:36:59.146  5240  8299 D SamsungAlarmManager: Cancel Alarm calling from uid:10257 pid :17087 / OP:PendingIntent{10f3fb0: PendingIntentRecord{b05ee29 com.avito.android broadcastIntent}}
09-23 23:36:59.149  5240  8299 D SamsungAlarmManager: Cancel Alarm calling from uid:10257 pid :17087 / OP:PendingIntent{ccd15ae: PendingIntentRecord{2816f4f com.avito.android broadcastIntent}}
09-23 23:36:59.154  5240  8299 D SamsungAlarmManager: Cancel Alarm calling from uid:10257 pid :17087 / OP:PendingIntent{720a6dc: PendingIntentRecord{b05ee29 com.avito.android broadcastIntent}}
09-23 23:36:59.157  5240  7370 D SamsungAlarmManager: Cancel Alarm calling from uid:10257 pid :17087 / OP:PendingIntent{5e643e5: PendingIntentRecord{2816f4f com.avito.android broadcastIntent}}
09-23 23:36:59.172  5240  7370 D PackageManager: setEnabledSetting : userId = 0 packageName = com.avito.android cmp = androidx.work.impl.background.systemalarm.RescheduleReceiver newState = 1 callingPackage = 10257/com.avito.android
09-23 23:36:59.236  5240  5240 D PocketProximityManager: setStateOut()
09-23 23:36:59.396  5240  5240 D PocketProximityManager: setStateOut()
09-23 23:36:59.556  5240  5240 D PocketProximityManager: setStateOut()
09-23 23:36:59.715  5240  5240 D PocketProximityManager: setStateOut()
09-23 23:36:59.875 22388 21930 W Nearby  : [MBleClient] Ignore outdated onLost runnable from cycle : 39, current cycle : 226 [CONTEXT service_id=49 ]
09-23 23:36:59.875  5240  5240 D PocketProximityManager: setStateOut()
09-23 23:36:59.876 22388 21930 W Nearby  : [MBleClient] Ignore outdated onLost runnable from cycle : 40, current cycle : 226 [CONTEXT service_id=49 ]
09-23 23:37:00.001  5240  5354 D SamsungAlarmManager: Expired : 8
09-23 23:37:00.001  5240  5354 V SamsungAlarmManager: Sending to uid : 1000 L=8ad84b2:TIME_TICK alarm=Alarm{7f5f947 type 3 origWhen 960262324 whenElapsed 960262324 android}
09-23 23:37:00.002  5240  5354 D SamsungAlarmManager: setExact (T:3/F:9/AC:false) 20220923T233800 now=960262325 - CU:1000/CP:5240/L:8ad84b2:TIME_TICK
09-23 23:37:00.002  5240  5354 V SamsungAlarmManager: setLocked to kernel - W:960268853, now=960262325
09-23 23:37:00.004 18045 18045 D KeyguardUpdateMonitor: received broadcast android.intent.action.TIME_TICK
09-23 23:37:00.004 18045 18127 D QSClockBellTower: onReceive(android.intent.action.TIME_TICK) mTimeZoneString:null
09-23 23:37:00.005 18045 18045 D KeyguardUpdateMonitor: handleTimeUpdate
09-23 23:37:00.006  5240  5354 V SamsungAlarmManager: setLocked to kernel - W:960268853, now=960262329
09-23 23:37:00.006 18045 18045 D FaceWidgetPagesController: onTimeChanged()
09-23 23:37:00.008 18045 18045 D QSClockBellTower: He is ready to ring the bell. (((QSClockBellSound - TimeText:23:37, TimeContentDescription:23:37, DateText:пт, 23 сентября, ShortDateText:пт, 23 сент., Demofalse)))
09-23 23:37:00.009 18045 18045 D QSClockHomeIndicatorView: Home Indicator status_bar_clock notifyTimeChanged(QSClockBellSound - TimeText:23:37, TimeContentDescription:23:37, DateText:пт, 23 сентября, ShortDateText:пт, 23 сент., Demofalse) ClockVisibleByPolicy:true, ClockVisibleByUser:true, visible?true, parent:android.widget.LinearLayout{d01fcad V.E...... ......ID 0,0-97,83 #7f0b0472 app:id/left_clock_container}
09-23 23:37:00.009 18045 18045 D QSClockBellTower: Everyone heard the bell. run(currentTime:1663951020007,   getTime():Fri Sep 23 23:37:00 GMT+07:00 2022,   getTimeZone():libcore.util.ZoneInfo[mDstSavings=0,mUseDst=false,mDelegate=[id="Asia/Krasnoyarsk",mRawOffset=25200000,mEarliestRawOffset=22286000,transitions=66]])
09-23 23:37:00.023 18045 18045 D QS      : setQSExpansion 0.0 -116.024994
09-23 23:37:00.026 18045 18045 D QS      : setQSExpansion 0.0 -116.024994
09-23 23:37:00.026 18045 18045 V SecQSFragmentAnimatorBase: setQsExpansionPosition 0.0
09-23 23:37:00.026 18045 18045 V QsExpandAnimator: setQsExpansionPosition 0.0 0
09-23 23:37:00.027 18045 18045 D QS      : setQSExpansion 0.0 -116.024994
09-23 23:37:00.030 18045 18045 D IndicatorGardenInputProperty: updateRotation() prv:-1 >> new:0
09-23 23:37:00.030 18045 18045 D DeviceState: getDeviceResolutionPixelSize - currentDensity = 420 deviceDensity = 420 initialDisplaySizeFactor = 1080 currentDisplaySizeFactor = 1080 initialDisplayDensity = 420 proportionalDensity = 420 proportionalPixel = 0
09-23 23:37:00.030 18045 18045 D DeviceState: getDeviceResolutionPixelSize - currentDensity = 420 deviceDensity = 420 initialDisplaySizeFactor = 1080 currentDisplaySizeFactor = 1080 initialDisplayDensity = 420 proportionalDensity = 420 proportionalPixel = 0
09-23 23:37:00.030 18045 18045 D DeviceState: getDeviceResolutionPixelSize - currentDensity = 420 deviceDensity = 420 initialDisplaySizeFactor = 1080 currentDisplaySizeFactor = 1080 initialDisplayDensity = 420 proportionalDensity = 420 proportionalPixel = 0
09-23 23:37:00.030 18045 18045 E IndicatorGardenAlgorithmBasicCutout: NOT MATCH !!!! resourceHeight:78, cutoutHeight:83 ([IndicatorGardenInputProperty]  Rotation(0-0,90-1,180-2,270-3)0, Density:2.625, ScreenWidthSize:1080, CoverSidePadding:0, mIndicatorGardenCenterOffset:11, mCameraCutoutCropSize:80, mGardenPaddingStart:21, mIndicatorCornerPadding:0, mCameraSidePadding:0, mCameraTopMargin:0, DpCutout:DisplayCutout{insets=Rect(0, 83 - 0, 0) waterfall=Insets{left=0, top=0, right=0, bottom=0} boundingRect={Bounds=[Rect(0, 0 - 0, 0), Rect(443, 0 - 637, 83), Rect(0, 0 - 0, 0), Rect(0, 0 - 0, 0)]} cutoutPathParserInfo={CutoutPathParserInfo{displayWidth=1080 displayHeight=2340 density={2.625} cutoutSpec={M36.95,0C26.35,0,24.15,3.8,23.15,9.8 l-0.1,0.7c-1.7,9.6-9.3,17.2-18.9,18.9c-12.7,2.2-24.8-6.2-27-18.9 c0,0-0.1-0.7-0.1-0.7C-24.15,3.8,-26.25,0,-36.95,0Z @dp} rotation={0} scale={1.0}}}})
09-23 23:37:00.031 18045 18045 E IndicatorGardenAlgorithmBasicCutout: NOT MATCH !!!! resourceHeight:78, cutoutHeight:83 ([IndicatorGardenInputProperty]  Rotation(0-0,90-1,180-2,270-3)0, Density:2.625, ScreenWidthSize:1080, CoverSidePadding:0, mIndicatorGardenCenterOffset:11, mCameraCutoutCropSize:80, mGardenPaddingStart:21, mIndicatorCornerPadding:0, mCameraSidePadding:0, mCameraTopMargin:0, DpCutout:DisplayCutout{insets=Rect(0, 83 - 0, 0) waterfall=Insets{left=0, top=0, right=0, bottom=0} boundingRect={Bounds=[Rect(0, 0 - 0, 0), Rect(443, 0 - 637, 83), Rect(0, 0 - 0, 0), Rect(0, 0 - 0, 0)]} cutoutPathParserInfo={CutoutPathParserInfo{displayWidth=1080 displayHeight=2340 density={2.625} cutoutSpec={M36.95,0C26.35,0,24.15,3.8,23.15,9.8 l-0.1,0.7c-1.7,9.6-9.3,17.2-18.9,18.9c-12.7,2.2-24.8-6.2-27-18.9 c0,0-0.1-0.7-0.1-0.7C-24.15,3.8,-26.25,0,-36.95,0Z @dp} rotation={0} scale={1.0}}}})
09-23 23:37:00.032 18045 18045 W Looper  : Slow dispatch took 19ms main h=android.view.Choreographer$FrameHandler c=android.view.Choreographer$FrameDisplayEventReceiver@42c2551 m=0
09-23 23:37:00.032 18045 18045 V QsExpandAnimator: updateAnimators
09-23 23:37:00.032 18045 18045 V QsExpandAnimator: clearAnimationState
09-23 23:37:00.034 18045 18045 V QsExpandAnimator: setQsExpansionPosition 0.0 0
09-23 23:37:00.035  5240  5240 D PocketProximityManager: setStateOut()
09-23 23:37:00.194  5240  5240 D PocketProximityManager: setStateOut()
09-23 23:37:00.354  5240  5240 D PocketProximityManager: setStateOut()
09-23 23:37:00.514  5240  5240 D PocketProximityManager: setStateOut()
09-23 23:37:00.674  5240  5240 D PocketProximityManager: setStateOut()
09-23 23:37:00.821  4428  4428 D io_stats: !@   8,0 r 11603390 289098240 w 6755579 121869680 d 0 0 f 0 0 iot 4050084 0 th 0 0 0 pt 0 inp 0 0 206788.988
09-23 23:37:00.833  5240  5240 D PocketProximityManager: setStateOut()
09-23 23:37:00.847  5240  6414 D SamsungAlarmManager: setInexact (T:3/F:0/AC:false) 20320920T233700 now=960263170 - CU:10205/CP:11651/OP:PendingIntent{ca20a9d: PendingIntentRecord{2a88b12 com.google.android.gms/ startService}}
09-23 23:37:00.848  5240  6414 V SamsungAlarmManager: setLocked to kernel - W:960268853, now=960263171
09-23 23:37:00.851 11651 13812 I GmscoreIpa: Starting mediastore instant index [CONTEXT service_id=255 ]
09-23 23:37:00.993  5240  5240 D PocketProximityManager: setStateOut()
09-23 23:37:01.153  5240  5240 D PocketProximityManager: setStateOut()
09-23 23:37:01.312  5240  5240 D PocketProximityManager: setStateOut()
09-23 23:37:01.320  4466 13598 I keystore2: keystore2::watchdog: Watchdog thread idle -> terminating. Have a great day.
09-23 23:37:01.472  5240  5240 D PocketProximityManager: setStateOut()
09-23 23:37:01.632  5240  5240 D PocketProximityManager: setStateOut()
09-23 23:37:01.792  5240  5240 D PocketProximityManager: setStateOut()
09-23 23:37:01.951  5240  5240 D PocketProximityManager: setStateOut()
09-23 23:37:02.027 18045 18078 D MobileStatusTracker(0/1): onSignalStrengthsChanged signalStrength=SignalStrength:{mCdma=Invalid,mGsm=Invalid,mWcdma=Invalid,mTdscdma=Invalid,mLte=CellSignalStrengthLte: rssi=-105 rsrp=-105 rsrq=-9 rssnr=9 cqiTableIndex=2147483647 cqi=8 ta=2147483647 level=3 parametersUseForLevel=0,mNr=Invalid,SignalBarInfo{ lteLevel=2 },rat=14,primary=CellSignalStrengthLte} level=2
09-23 23:37:02.027 18045 18078 D CscParser: OMC path : /optics/configs/carriers/single/SER/conf/customer.xml
09-23 23:37:02.027 18045 18078 I CscParser: getCustomerPath : omc customer file can read
09-23 23:37:02.028 18045 18078 E CscParser: update(): xml file exist
09-23 23:37:02.045 18045 18078 D NetworkController: SignalStrength from intent slotId=0
09-23 23:37:02.111  5240  5240 D PocketProximityManager: setStateOut()
09-23 23:37:02.271  5240  5240 D PocketProximityManager: setStateOut()
09-23 23:37:02.430  5240  5240 D PocketProximityManager: setStateOut()
09-23 23:37:02.590  5240  5240 D PocketProximityManager: setStateOut()
09-23 23:37:02.750  5240  5240 D PocketProximityManager: setStateOut()
09-23 23:37:02.868 18045 18078 D MobileStatusTracker(0/1): onSignalStrengthsChanged signalStrength=SignalStrength:{mCdma=Invalid,mGsm=Invalid,mWcdma=Invalid,mTdscdma=Invalid,mLte=CellSignalStrengthLte: rssi=-103 rsrp=-103 rsrq=-10 rssnr=11 cqiTableIndex=2147483647 cqi=8 ta=2147483647 level=3 parametersUseForLevel=0,mNr=Invalid,SignalBarInfo{ lteLevel=2 },rat=14,primary=CellSignalStrengthLte} level=2
09-23 23:37:02.868 18045 18078 D CscParser: OMC path : /optics/configs/carriers/single/SER/conf/customer.xml
09-23 23:37:02.868 18045 18078 I CscParser: getCustomerPath : omc customer file can read
09-23 23:37:02.868 18045 18078 E CscParser: update(): xml file exist
09-23 23:37:02.886 18045 18078 D NetworkController: SignalStrength from intent slotId=0
09-23 23:37:02.910  5240  5240 D PocketProximityManager: setStateOut()
09-23 23:37:03.069  5240  5240 D PocketProximityManager: setStateOut()
09-23 23:37:03.229  5240  5240 D PocketProximityManager: setStateOut()
09-23 23:37:03.389  5240  5240 D PocketProximityManager: setStateOut()
09-23 23:37:03.548  5240  5240 D PocketProximityManager: setStateOut()
09-23 23:37:03.614  4818 19299 E power   : ISystemSuspend::getService() failed.
09-23 23:37:03.614  5520  5547 I System.out: Broadcasting: Intent { act=com.sec.intent.action.SARDEVICE_CP flg=0x10000000 (has extras) }
09-23 23:37:03.616 19127 19669 I RILClient: processUnsolicited(): resp_id (11090), len(119)
09-23 23:37:03.622  5240  5273 W ProcessStats: Tracking association SourceState{9eab899 system/1000 BTopFgs #821273} whose proc state 2 is better than process ProcessState{c224a70 com.adguard.android/10280 pkg=com.adguard.android} proc state 3 (16 skipped)
09-23 23:37:03.623  5240  5373 D MotionRecognitionService:   onReceive : SARDEVICE_CP, callAction = off deviceID = 3 slot = 0
09-23 23:37:03.623  5240  5373 W MotionRecognitionService: id : 0 cmd :off
09-23 23:37:03.623  5240  5373 I MotionRecognitionService: [SAR] Received request for MainGrip
09-23 23:37:03.623  5240  5373 D MotionRecognitionService: [SAR] disableGripSensor : Enabled true  slot 0 (true)
09-23 23:37:03.623  5240  5373 D SensorService: Calling activate off 33554443
09-23 23:37:03.624  4842  4842 I SensorsGrip: [grip_sensor] enable: GripSensor: enable handle = 11 en = 0
09-23 23:37:03.626  5240  5373 D SensorManager: unregisterListener :: com.samsung.android.gesture.MotionRecognitionSAR$SensorGripEventListener@5258fa7
09-23 23:37:03.626  5240  5373 I MotionRecognitionService: [SAR] size 0
09-23 23:37:03.626  5240  5373 D MotionRecognitionService: [SAR] clear SAR_DEVICE_GRIP
09-23 23:37:03.626  5240  5373 D MotionRecognitionService: mSarGripSlot is 0
09-23 23:37:03.626  5240  5373 W MotionRecognitionService: id : 1 cmd :off
09-23 23:37:03.627  5240  5373 D MotionRecognitionService: [SAR] disableProxSensor : Enabled true  slot 0 (true)
09-23 23:37:03.627  5240  5373 D MotionRecognitionService: mSarProxSlot is 0
09-23 23:37:03.627  5520  5610 I System.out: Broadcast completed: result=0
09-23 23:37:03.633  5240  5373 E MotionRecognitionService: handleMessage: event 200 value : 1
09-23 23:37:03.643  5240  5373 D MotionRecognitionService: clear TransmitPower  value : 1
09-23 23:37:03.708  5240  5240 D PocketProximityManager: setStateOut()
09-23 23:37:03.729  4818 19299 E power   : ISystemSuspend::getService() failed.
09-23 23:37:03.729  5520  5547 I System.out: Broadcasting: Intent { act=com.sec.intent.action.SARDEVICE_CP flg=0x10000000 (has extras) }
09-23 23:37:03.730 19127 19669 I RILClient: processUnsolicited(): resp_id (11090), len(118)
09-23 23:37:03.737  5240  5373 D MotionRecognitionService:   onReceive : SARDEVICE_CP, callAction = on deviceID = 3 slot = 0
09-23 23:37:03.737  5240  5373 W MotionRecognitionService: id : 0 cmd :on
09-23 23:37:03.737  5240  5373 I MotionRecognitionService: [SAR] Received request for MainGrip
09-23 23:37:03.740  5240  5373 D SensorService: [GripSensor] ++ setGripThdWithMCC  (65560)
09-23 23:37:03.741  5240  5373 D SensorService: GripSensor: MCC Path does not exist
09-23 23:37:03.741  5240  5373 D SensorService: Calling batch handle==33554443 flags=0 rate=200000000 timeout== 0
09-23 23:37:03.742  4842  4842 I SensorsGrip: [grip_sensor] enable: GripSensor: enable handle = 11 en = 1
09-23 23:37:03.746  5240  5373 D SensorManager: registerListener :: 33554443, A96T3X6 Grip sensor, 200000, 0, com.samsung.android.gesture.MotionRecognitionSAR$SensorGripEventListener@342ca3f
09-23 23:37:03.746  5240  5373 D MotionRecognitionService: [SAR] enableGripSensor
09-23 23:37:03.746  5240  5373 D MotionRecognitionService: mSarGripSlot is 1
09-23 23:37:03.747  4842  4905 I SensorsGrip: [grip_sensor] readEvents: GripSensor: grip data = TOUCH
09-23 23:37:03.747  5240  5373 W MotionRecognitionService: id : 1 cmd :on
09-23 23:37:03.747  5240  5373 D MotionRecognitionService: mSarProxSlot is 1
09-23 23:37:03.751  5520  5610 I System.out: Broadcast completed: result=0
09-23 23:37:03.753  4842  4905 I SensorsGrip: [grip_sensor] readEvents: GripSensor: grip data = RELEASE
09-23 23:37:03.753  4842  4905 I SensorsGrip: [grip_sensor] readEvents: GripSensor: grip data = TOUCH
09-23 23:37:03.754  5240  5373 D MotionRecognitionService: [SAR] == >> GripVal = 1
09-23 23:37:03.754  5240  5373 I MotionRecognitionService: [SAR] GripWifi disabled
09-23 23:37:03.754  5240  5373 D MotionRecognitionService: set SAR_DEVICE_GRIP
09-23 23:37:03.754  5240  5373 D MotionRecognitionService: [SAR] == >> GripVal = 0
09-23 23:37:03.754  5240  5373 I MotionRecognitionService: [SAR] GripWifi disabled
09-23 23:37:03.754  5240  5373 D MotionRecognitionService: clear SAR_DEVICE_GRIP
09-23 23:37:03.754  5240  5373 D MotionRecognitionService: [SAR] == >> GripVal = 1
09-23 23:37:03.754  5240  5373 I MotionRecognitionService: [SAR] GripWifi disabled
09-23 23:37:03.755  5240  5373 D MotionRecognitionService: set SAR_DEVICE_GRIP
09-23 23:37:03.755  5240  5373 E MotionRecognitionService: handleMessage: event 100 value : 1
09-23 23:37:03.764  5240  5373 D MotionRecognitionService: set TransmitPower  value : 1
09-23 23:37:03.765  5240  5373 E MotionRecognitionService: handleMessage: event 200 value : 1
09-23 23:37:03.777  5240  5373 D MotionRecognitionService: clear TransmitPower  value : 1
09-23 23:37:03.777  5240  5373 E MotionRecognitionService: handleMessage: event 100 value : 1
09-23 23:37:03.786  5240  5373 D MotionRecognitionService: set TransmitPower  value : 1
09-23 23:37:03.868  5240  5240 D PocketProximityManager: setStateOut()
09-23 23:37:04.028  5240  5240 D PocketProximityManager: setStateOut()
09-23 23:37:04.187  5240  5240 D PocketProximityManager: setStateOut()
09-23 23:37:04.347  5240  5240 D PocketProximityManager: setStateOut()
09-23 23:37:04.421 18045 18078 D MobileStatusTracker(0/1): onDataActivity: direction=3
09-23 23:37:04.422 18045 18078 D CscParser: OMC path : /optics/configs/carriers/single/SER/conf/customer.xml
09-23 23:37:04.422 18045 18078 I CscParser: getCustomerPath : omc customer file can read
09-23 23:37:04.423 18045 18078 E CscParser: update(): xml file exist
09-23 23:37:04.439 18045 18078 D NetworkController.MobileSignalController(0/1): notifyListener: enabled=true, connected=true, dataConnected=true, networkType=LTE (4G), emergencyOnly=false, roaming=false, isDefault=true, fiveGAvailable=false, mmWave=false, showDisabledDataIcon=false, voWifiConnected=false, dataActivity=inout, simState=null, cardOperator=OTHERS, simCardActivated=1
09-23 23:37:04.507  5240  5240 D PocketProximityManager: setStateOut()
09-23 23:37:04.667  5240  5240 D PocketProximityManager: setStateOut()
09-23 23:37:04.824  4428  4428 D io_stats: !@   8,0 r 11603394 289098316 w 6755591 121869824 d 0 0 f 0 0 iot 4050088 0 th 0 0 0 pt 0 inp 0 0 206792.991
09-23 23:37:04.826  5240  5240 D PocketProximityManager: setStateOut()
09-23 23:37:04.986  5240  5240 D PocketProximityManager: setStateOut()
09-23 23:37:05.032 11651 11651 D BoundBrokerSvc: onBind: Intent { act=com.google.android.gms.safetynet.service.START pkg=com.google.android.gms }
09-23 23:37:05.032 11651 11651 D BoundBrokerSvc: Loading bound service for intent: Intent { act=com.google.android.gms.safetynet.service.START pkg=com.google.android.gms }
09-23 23:37:05.146  5240  5240 D PocketProximityManager: setStateOut()
09-23 23:37:05.306  5240  5240 D PocketProximityManager: setStateOut()
09-23 23:37:05.466  5240  5240 D PocketProximityManager: setStateOut()
09-23 23:37:05.625  5240  5240 D PocketProximityManager: setStateOut()
09-23 23:37:05.630 18045 18078 D MobileStatusTracker(0/1): onDataActivity: direction=0
09-23 23:37:05.630 18045 18078 D CscParser: OMC path : /optics/configs/carriers/single/SER/conf/customer.xml
09-23 23:37:05.631 18045 18078 I CscParser: getCustomerPath : omc customer file can read
09-23 23:37:05.631 18045 18078 E CscParser: update(): xml file exist
09-23 23:37:05.641 18045 18078 D NetworkController.MobileSignalController(0/1): notifyListener: enabled=true, connected=true, dataConnected=true, networkType=LTE (4G), emergencyOnly=false, roaming=false, isDefault=true, fiveGAvailable=false, mmWave=false, showDisabledDataIcon=false, voWifiConnected=false, dataActivity=, simState=null, cardOperator=OTHERS, simCardActivated=1
09-23 23:37:05.785  5240  5240 D PocketProximityManager: setStateOut()
09-23 23:37:05.917 11651 11651 D BoundBrokerSvc: onUnbind: Intent { act=com.google.android.gms.auth.cryptauth.cryptauthservice.START dat=chimera-action:com.google.android.gms.auth.cryptauth.cryptauthservice.START cmp=com.google.android.gms/.chimera.GmsBoundBrokerService }
09-23 23:37:05.945  5240  5240 D PocketProximityManager: setStateOut()
09-23 23:37:06.104  5240  5240 D PocketProximityManager: setStateOut()
09-23 23:37:06.264  5240  5240 D PocketProximityManager: setStateOut()
09-23 23:37:06.424  5240  5240 D PocketProximityManager: setStateOut()
09-23 23:37:06.530  5240  5354 D SamsungAlarmManager: Expired : 4
09-23 23:37:06.530  5240  5354 V SamsungAlarmManager: Sending to uid : 1000 L=5cb72ec:WifiConnectivityManager Schedule Periodic Scan Timer alarm=Alarm{2866a6a type 2 origWhen 960261353 whenElapsed 960261353 android}
09-23 23:37:06.531  5240  5410 E WifiScoringParams: Invalid frequency(-1), using 5G as default rssi array
09-23 23:37:06.532  5240  5354 V SamsungAlarmManager: Sending to uid : 10244 action=com.whatsapp.alarm.CLIENT_PING_PERIODIC alarm=Alarm{fa3cb5b type 3 origWhen 960240594 whenElapsed 960240594 com.whatsapp}
09-23 23:37:06.534  5240  5354 D ActivityManager: Received BROADCAST intent 0xec4a743 Key{broadcastIntent pkg=com.whatsapp intent=act=com.whatsapp.alarm.CLIENT_PING_PERIODIC pkg=com.whatsapp flags=0x4000000 u=0} requestCode=0 sent=0 from uid 1000
09-23 23:37:06.543  4979 12239 I CameraService: onUidStateChanged: uid=10244, procState is changed. (16 -> 11)
09-23 23:37:06.545  5240  5354 V SamsungAlarmManager: Sending to uid : 10205 action=com.google.android.gms.auth.authzen.cryptauth.DEVICE_STATE_CHECK_DELAY_COMPLETE alarm=Alarm{bf53cd1 type 3 origWhen 960268088 whenElapsed 960268088 com.google.android.gms}
09-23 23:37:06.554  5240  5354 D ActivityManager: Received SERVICE intent 0x311ebf7 Key{startService pkg=com.google.android.gms/com.google.android.gms.auth_authzen__phone intent=act=com.google.android.gms.auth.authzen.cryptauth.DEVICE_STATE_CHECK_DELAY_COMPLETE cat=[targeted_intent_op_prefix:.auth.authzen.cryptauth.DeviceStateSyncManager$CheckStateEventIntentOperation] cmp=com.google.android.gms/.chimera.GmsIntentOperationService flags=0x2000000 u=0} requestCode=0 from uid 1000
09-23 23:37:06.558  5240  5354 V SamsungAlarmManager: setLocked to kernel - W:960435303 / NW:960311610, now=960268881
09-23 23:37:06.562 11651 13812 I Authzen : [DeviceStateSyncManager] The server is in sync with current state. Nothing to do
09-23 23:37:06.563  5240  6414 D SamsungAlarmManager: Cancel Alarm calling from uid:10244 pid :961 / OP:PendingIntent{49c237: PendingIntentRecord{ec4a743 com.whatsapp broadcastIntent}}
09-23 23:37:06.563  5240  5410 D SamsungAlarmManager: setInexact (T:2/F:8/AC:false) 20220923T233726 now=960268886 - CU:1000/CP:5240/L:5cb72ec:WifiConnectivityManager Schedule Periodic Scan Timer
09-23 23:37:06.564  5240  5410 V SamsungAlarmManager: setLocked to kernel - W:960303855, now=960268887
09-23 23:37:06.570  5240  6414 D SamsungAlarmManager: setExact (T:2/F:5/AC:false) 20220923T233738 now=960268893 - CU:10244/CP:961/OP:PendingIntent{5bfd50d: PendingIntentRecord{aa5dcc2 com.whatsapp broadcastIntent}}
09-23 23:37:06.570  5240  6414 V SamsungAlarmManager: setLocked to kernel - W:960300890, now=960268893
09-23 23:37:06.571  5240  5414 D SamsungAlarmManager: setInexact (T:2/F:8/AC:false) 20220923T233721 now=960268894 - CU:1000/CP:5240/L:1ee4ad3:WificondScannerImpl Scan Timeout
09-23 23:37:06.571  5240  5414 V SamsungAlarmManager: setLocked to kernel - W:960295125, now=960268894
09-23 23:37:06.577  4979 12239 I CameraService: onUidStateChanged: uid=10244, procState is changed. (11 -> 16)
09-23 23:37:06.583  5240  5240 D PocketProximityManager: setStateOut()
09-23 23:37:06.743  5240  5240 D PocketProximityManager: setStateOut()
09-23 23:37:06.826  4428  4428 D io_stats: !@   8,0 r 11603394 289098316 w 6755593 121869832 d 0 0 f 0 0 iot 4050092 0 th 0 0 0 pt 0 inp 0 0 206794.993
09-23 23:37:06.856 18045 18078 D MobileStatusTracker(0/1): onDataActivity: direction=3
09-23 23:37:06.857 18045 18078 D CscParser: OMC path : /optics/configs/carriers/single/SER/conf/customer.xml
09-23 23:37:06.857 18045 18078 I CscParser: getCustomerPath : omc customer file can read
09-23 23:37:06.857 18045 18078 E CscParser: update(): xml file exist
09-23 23:37:06.871  5240  5379 D SamsungAlarmManager: Cancel Alarm calling from uid:10244 pid :961 / OP:PendingIntent{f745610: PendingIntentRecord{aa5dcc2 com.whatsapp broadcastIntent}}
09-23 23:37:06.872  5240  5379 V SamsungAlarmManager: setLocked to kernel - W:960295125, now=960269195
09-23 23:37:06.873 18045 18078 D NetworkController.MobileSignalController(0/1): notifyListener: enabled=true, connected=true, dataConnected=true, networkType=LTE (4G), emergencyOnly=false, roaming=false, isDefault=true, fiveGAvailable=false, mmWave=false, showDisabledDataIcon=false, voWifiConnected=false, dataActivity=inout, simState=null, cardOperator=OTHERS, simCardActivated=1
09-23 23:37:06.875  5240  5379 D SamsungAlarmManager: setInexact (T:3/F:0/AC:false) 20220923T234106 now=960269198 - CU:10244/CP:961/OP:PendingIntent{721b509: PendingIntentRecord{c79030e com.whatsapp broadcastIntent}}
09-23 23:37:06.875  5240  5379 V SamsungAlarmManager: setLocked to kernel - W:960295125, now=960269199
09-23 23:37:06.903  5240  5240 D PocketProximityManager: setStateOut()
09-23 23:37:07.063  5240  5240 D PocketProximityManager: setStateOut()
09-23 23:37:07.222  5240  5240 D PocketProximityManager: setStateOut()
09-23 23:37:07.382  5240  5240 D PocketProximityManager: setStateOut()
09-23 23:37:07.542  5240  5240 D PocketProximityManager: setStateOut()
09-23 23:37:07.701  5240  5240 D PocketProximityManager: setStateOut()
09-23 23:37:07.861  5240  5240 D PocketProximityManager: setStateOut()
09-23 23:37:08.021  5240  5240 D PocketProximityManager: setStateOut()
09-23 23:37:08.181  5240  5240 D PocketProximityManager: setStateOut()
09-23 23:37:08.340  5240  5240 D PocketProximityManager: setStateOut()
09-23 23:37:08.500  5240  5240 D PocketProximityManager: setStateOut()
09-23 23:37:08.660  5240  5240 D PocketProximityManager: setStateOut()
09-23 23:37:08.820  5240  5240 D PocketProximityManager: setStateOut()
09-23 23:37:08.979  5240  5240 D PocketProximityManager: setStateOut()
09-23 23:37:09.036  5240  5376 D PocketModeEvent: MSG_TYPE_HOVER_RECHECK_DISABLE
09-23 23:37:09.038 31549 31549 I wpa_supplicant: Heartbeat 2545
09-23 23:37:09.139  5240  5240 D PocketProximityManager: setStateOut()
09-23 23:37:09.139  5240  5376 E PocketModeEvent: MSG_TYPE_STOP_SENSING
09-23 23:37:09.140  5240  5376 E PocketModeEvent: unregisterSensor L : -1 P : 0
09-23 23:37:09.140  5240  5376 D Debug_Camera_Manager: Entering2 unRegisterCameraLightSensorcom.samsung.android.gesture.PocketModeEvent$2@99604bc
09-23 23:37:09.140  5240  5376 E CameraLightSensor_Manager: No camera light sensor listeners present
09-23 23:37:09.140  5240  5376 D SensorService: Calling activate off 34
09-23 23:37:09.141  4842  4842 I SensorsHub: activate: handle 34 enable 0
09-23 23:37:09.141  4842  4842 I SensorsHub: type : 34, enable : 0
09-23 23:37:09.142  5240  5376 D SensorManager: unregisterListener :: com.samsung.android.gesture.PocketModeEvent$2@99604bc
09-23 23:37:09.143  5240  5376 D Debug_Camera_Manager: Entering2 unRegisterCameraLightSensorcom.samsung.android.gesture.PocketModeEvent$3@1ec6569
09-23 23:37:09.143  5240  5376 E CameraLightSensor_Manager: No camera light sensor listeners present
09-23 23:37:09.151 18045 18078 D MobileStatusTracker(0/1): onDataActivity: direction=0
09-23 23:37:09.151 18045 18078 D CscParser: OMC path : /optics/configs/carriers/single/SER/conf/customer.xml
09-23 23:37:09.152 18045 18078 I CscParser: getCustomerPath : omc customer file can read
09-23 23:37:09.152 18045 18078 E CscParser: update(): xml file exist
09-23 23:37:09.168 18045 18078 D NetworkController.MobileSignalController(0/1): notifyListener: enabled=true, connected=true, dataConnected=true, networkType=LTE (4G), emergencyOnly=false, roaming=false, isDefault=true, fiveGAvailable=false, mmWave=false, showDisabledDataIcon=false, voWifiConnected=false, dataActivity=, simState=null, cardOperator=OTHERS, simCardActivated=1
09-23 23:37:09.324  5240  5249 I system_server: Background concurrent copying GC freed 401229(21MB) AllocSpace objects, 35(1576KB) LOS objects, 24% free, 75MB/99MB, paused 202us,395us total 299.189ms
09-23 23:37:09.334  5240  5250 W JavaBinder: BinderProxy is being destroyed but the application did not call unlinkToDeath to unlink all of its death recipients beforehand.  Releasing leaked death recipient: com.android.server.wm.EmbeddedWindowController$$ExternalSyntheticLambda0
09-23 23:37:09.334  5240  5250 I BpBinder: onLastStrongRef automatically unlinking death recipients: <uncached descriptor>
09-23 23:37:09.353  5240  5251 W System  : A resource failed to call close.
09-23 23:37:09.354  5240  5251 W System  : A resource failed to call close.
09-23 23:37:09.354  5240  5251 W System  : A resource failed to call close.
09-23 23:37:09.356  5240  5251 W System  : A resource failed to call close.
09-23 23:37:09.959  5240  6414 D WifiNl80211Manager: Scan result ready event
09-23 23:37:09.959  5240  6414 D WifiNative: Scan result ready event
09-23 23:37:09.959  5240  5263 I EthernetTracker: interfaceLinkStateChanged, iface: wlan0, up: false
09-23 23:37:09.959  5240  5414 D SamsungAlarmManager: Cancel Alarm calling from uid:1000 pid :5240 / L:1ee4ad3
09-23 23:37:09.959  5240  5414 V SamsungAlarmManager: setLocked to kernel - W:960303855, now=960272283
09-23 23:37:09.961  5557  2440 D NetlinkTracker/wlan0: interfaceLinkStateChanged: wlan0 down
09-23 23:37:09.998  5240  5460 V SemWifiScanPool: updateScanResult, scan:17 configKeys: 17 pool_bssid:28 pool_configKeys:29
09-23 23:37:10.380 18045 18078 D MobileStatusTracker(0/1): onDataActivity: direction=3
09-23 23:37:10.381 18045 18078 D CscParser: OMC path : /optics/configs/carriers/single/SER/conf/customer.xml
09-23 23:37:10.381 18045 18078 I CscParser: getCustomerPath : omc customer file can read
09-23 23:37:10.381 18045 18078 E CscParser: update(): xml file exist
09-23 23:37:10.398 18045 18078 D NetworkController.MobileSignalController(0/1): notifyListener: enabled=true, connected=true, dataConnected=true, networkType=LTE (4G), emergencyOnly=false, roaming=false, isDefault=true, fiveGAvailable=false, mmWave=false, showDisabledDataIcon=false, voWifiConnected=false, dataActivity=inout, simState=null, cardOperator=OTHERS, simCardActivated=1
09-23 23:37:10.830  4428  4428 D io_stats: !@   8,0 r 11603426 289098876 w 6755605 121869888 d 0 0 f 0 0 iot 4050096 0 th 0 0 0 pt 0 inp 0 0 206798.997
09-23 23:37:11.107 18045 18078 D MobileStatusTracker(0/1): onSignalStrengthsChanged signalStrength=SignalStrength:{mCdma=Invalid,mGsm=Invalid,mWcdma=Invalid,mTdscdma=Invalid,mLte=CellSignalStrengthLte: rssi=-105 rsrp=-105 rsrq=-10 rssnr=3 cqiTableIndex=2147483647 cqi=7 ta=2147483647 level=3 parametersUseForLevel=0,mNr=Invalid,SignalBarInfo{ lteLevel=2 },rat=14,primary=CellSignalStrengthLte} level=2
09-23 23:37:11.108 18045 18078 D CscParser: OMC path : /optics/configs/carriers/single/SER/conf/customer.xml
09-23 23:37:11.108 18045 18078 I CscParser: getCustomerPath : omc customer file can read
09-23 23:37:11.108 18045 18078 E CscParser: update(): xml file exist
09-23 23:37:11.124 18045 18078 D NetworkController: SignalStrength from intent slotId=0
09-23 23:37:11.581 18045 18078 D MobileStatusTracker(0/1): onDataActivity: direction=0
09-23 23:37:11.581 18045 18078 D CscParser: OMC path : /optics/configs/carriers/single/SER/conf/customer.xml
09-23 23:37:11.582 18045 18078 I CscParser: getCustomerPath : omc customer file can read
09-23 23:37:11.582 18045 18078 E CscParser: update(): xml file exist
09-23 23:37:11.598 18045 18078 D NetworkController.MobileSignalController(0/1): notifyListener: enabled=true, connected=true, dataConnected=true, networkType=LTE (4G), emergencyOnly=false, roaming=false, isDefault=true, fiveGAvailable=false, mmWave=false, showDisabledDataIcon=false, voWifiConnected=false, dataActivity=, simState=null, cardOperator=OTHERS, simCardActivated=1
09-23 23:37:11.907  5240  5269 E Watchdog: !@Sync: 6884 heap: 76 / 99 [2022-09-23 23:37:11.907] sdogWay: softdog FD: 89709-23 23:37:13.573  5240  5379 D SamsungAlarmManager: Cancel Alarm calling from uid:10205 pid :11651 / OP:PendingIntent{948c12f: PendingIntentRecord{2a88b12 com.google.android.gms/ startService}}
09-23 23:37:13.573  5240  5379 V SamsungAlarmManager: setLocked to kernel - W:960303855, now=960275896
09-23 23:37:13.854  5240  7370 W ProcessStats: Tracking association SourceState{9eab899 system/1000 BTopFgs #821292} whose proc state 2 is better than process ProcessState{c224a70 com.adguard.android/10280 pkg=com.adguard.android} proc state 3 (17 skipped)
09-23 23:37:13.942  7220  7618 I AiAiStatsd: No op: the most recent atoms from the date 2022-09-22 have been uploaded.
09-23 23:37:14.833  4428  4428 D io_stats: !@   8,0 r 11603454 289099520 w 6755613 121869924 d 0 0 f 0 0 iot 4050104 0 th 0 0 0 pt 0 inp 0 0 206803.000
09-23 23:37:15.658 19147 19374 I SDHMS:C : SIOP:: AP:277(343,80) BAT:274(274,0) USB:0(0,0) CHG:348(348,0) WIFI:326(326,0) LRP:318(318,0) LRF:318(318) LRB:317(317)
09-23 23:37:16.210 18045 18078 D MobileStatusTracker(0/1): onSignalStrengthsChanged signalStrength=SignalStrength:{mCdma=Invalid,mGsm=Invalid,mWcdma=Invalid,mTdscdma=Invalid,mLte=CellSignalStrengthLte: rssi=-103 rsrp=-103 rsrq=-10 rssnr=5 cqiTableIndex=2147483647 cqi=11 ta=2147483647 level=3 parametersUseForLevel=0,mNr=Invalid,SignalBarInfo{ lteLevel=2 },rat=14,primary=CellSignalStrengthLte} level=2
09-23 23:37:16.210 18045 18078 D CscParser: OMC path : /optics/configs/carriers/single/SER/conf/customer.xml
09-23 23:37:16.210 18045 18078 I CscParser: getCustomerPath : omc customer file can read
09-23 23:37:16.211 18045 18078 E CscParser: update(): xml file exist
09-23 23:37:16.229 18045 18078 D NetworkController: SignalStrength from intent slotId=0
09-23 23:37:16.774  4818 19299 E power   : ISystemSuspend::getService() failed.
09-23 23:37:16.774  5520  5547 I System.out: Broadcasting: Intent { act=com.sec.intent.action.SARDEVICE_CP flg=0x10000000 (has extras) }
09-23 23:37:16.777 19127 19669 I RILClient: processUnsolicited(): resp_id (11090), len(119)
09-23 23:37:16.781  5240  5373 D MotionRecognitionService:   onReceive : SARDEVICE_CP, callAction = off deviceID = 3 slot = 0
09-23 23:37:16.781  5240  5373 W MotionRecognitionService: id : 0 cmd :off
09-23 23:37:16.781  5240  5373 I MotionRecognitionService: [SAR] Received request for MainGrip
09-23 23:37:16.781  5240  5373 D MotionRecognitionService: [SAR] disableGripSensor : Enabled true  slot 0 (true)
09-23 23:37:16.781  5240  5373 D SensorService: Calling activate off 33554443
09-23 23:37:16.782  4842  4842 I SensorsGrip: [grip_sensor] enable: GripSensor: enable handle = 11 en = 0
09-23 23:37:16.784  5240  5373 D SensorManager: unregisterListener :: com.samsung.android.gesture.MotionRecognitionSAR$SensorGripEventListener@342ca3f
09-23 23:37:16.784  5240  5373 I MotionRecognitionService: [SAR] size 0
09-23 23:37:16.784  5240  5373 D MotionRecognitionService: [SAR] clear SAR_DEVICE_GRIP
09-23 23:37:16.784  5240  5373 D MotionRecognitionService: mSarGripSlot is 0
09-23 23:37:16.785  5240  5373 W MotionRecognitionService: id : 1 cmd :off
09-23 23:37:16.785  5240  5373 D MotionRecognitionService: [SAR] disableProxSensor : Enabled true  slot 0 (true)
09-23 23:37:16.785  5240  5373 D MotionRecognitionService: mSarProxSlot is 0
09-23 23:37:16.786  5520  6587 I System.out: Broadcast completed: result=0
09-23 23:37:16.790  5240  5373 E MotionRecognitionService: handleMessage: event 200 value : 1
09-23 23:37:16.802  5240  5373 D MotionRecognitionService: clear TransmitPower  value : 1
09-23 23:37:18.873  4838  4874 D BatteryDump: wait_for_battery_event : occurred : change@/devices/platform/battery/power_supply/battery
09-23 23:37:18.883  4838  4838 E android.hardware.health@2.1-service-samsung: Could not open /sys/class/power_supply/battery/lrp
09-23 23:37:19.044 31549 31549 I wpa_supplicant: Heartbeat 2546
09-23 23:37:20.104 11651 11651 D BoundBrokerSvc: onUnbind: Intent { act=com.google.android.gms.safetynet.service.START pkg=com.google.android.gms }
09-23 23:37:20.120  4838  4874 D BatteryDump: wait_for_battery_event : occurred : change@/devices/virtual/xt_idletimer/timers
09-23 23:37:20.129  5240  5283 D BatteryExternalStatsWorker: update stats : modem-data (4)
09-23 23:37:20.143  5240  8299 D TelephonyManager: requestModemActivityInfo: Sending result to app: ModemActivityInfo{ mTimestamp=960282465 mSleepTimeMs=703193337 mIdleTimeMs=56179604 mTxTimeMs[]=[864992, 1260746, 7246894, 2932067, 3372267] mRxTimeMs=199549589}
09-23 23:37:20.143  5240  5283 D BatteryExternalStatsWorker: ModemActivityInfo was updated
09-23 23:37:20.143  5240  5283 D BatteryExternalStatsWorker: done updateExternalStatsLocked
09-23 23:37:20.169  4808  6814 D IptablesRestoreController: [iptables debug]iptables-restore execute *filter
09-23 23:37:20.169  4808  6814 D IptablesRestoreController: -nvx -L tetherctrl_counters
09-23 23:37:20.169  4808  6814 D IptablesRestoreController: COMMIT
09-23 23:37:20.172  4808  6814 D IptablesRestoreController: [iptables debug]iptables-restore execute done, res : 0
09-23 23:37:20.172  4808  6814 D IptablesRestoreController: [iptables debug]iptables-restore execute *filter
09-23 23:37:20.172  4808  6814 D IptablesRestoreController: -nvx -L tetherctrl_counters
09-23 23:37:20.172  4808  6814 D IptablesRestoreController: COMMIT
09-23 23:37:20.175  4808  6814 D IptablesRestoreController: [iptables debug]iptables-restore execute done, res : 0
09-23 23:37:20.751  5240  5240 V SamsungAlarmManager: setLocked to kernel - W:960303855, now=960283074
09-23 23:37:20.752  5240  5240 D SamsungAlarmManager: setInexact (T:3/F:0/AC:false) 20220923T233729 now=960283075 - CU:1000/CP:5240/L:4e4664d:*job.delay*
09-23 23:37:20.752  5240  5240 V SamsungAlarmManager: setLocked to kernel - W:960303855 / NW:960291531, now=960283075
09-23 23:37:22.937  5520  5547 I System.out: Broadcasting: Intent { act=com.sec.intent.action.SARDEVICE_CP flg=0x10000000 (has extras) }
09-23 23:37:22.937  4818 19299 E power   : ISystemSuspend::getService() failed.
09-23 23:37:22.939 19127 19669 I RILClient: processUnsolicited(): resp_id (11090), len(118)
09-23 23:37:22.942  5240  5373 D MotionRecognitionService:   onReceive : SARDEVICE_CP, callAction = on deviceID = 3 slot = 0
09-23 23:37:22.942  5240  5373 W MotionRecognitionService: id : 0 cmd :on
09-23 23:37:22.942  5240  5373 I MotionRecognitionService: [SAR] Received request for MainGrip
09-23 23:37:22.945  5240  5373 D SensorService: [GripSensor] ++ setGripThdWithMCC  (65560)
09-23 23:37:22.945  5240  5373 D SensorService: GripSensor: MCC Path does not exist
09-23 23:37:22.945  5240  5373 D SensorService: Calling batch handle==33554443 flags=0 rate=200000000 timeout== 0
09-23 23:37:22.946  4842  4842 I SensorsGrip: [grip_sensor] enable: GripSensor: enable handle = 11 en = 1
09-23 23:37:22.950  4842  4905 I SensorsGrip: [grip_sensor] readEvents: GripSensor: grip data = TOUCH
09-23 23:37:22.951  5240  5373 D SensorManager: registerListener :: 33554443, A96T3X6 Grip sensor, 200000, 0, com.samsung.android.gesture.MotionRecognitionSAR$SensorGripEventListener@946421a
09-23 23:37:22.951  5240  5373 D MotionRecognitionService: [SAR] enableGripSensor
09-23 23:37:22.951  5240  5373 D MotionRecognitionService: mSarGripSlot is 1
09-23 23:37:22.951  5240  5373 W MotionRecognitionService: id : 1 cmd :on
09-23 23:37:22.951  5240  5373 D MotionRecognitionService: mSarProxSlot is 1
09-23 23:37:22.952  5520  6587 I System.out: Broadcast completed: result=0
09-23 23:37:22.955  4838  4874 D BatteryDump: wait_for_battery_event : occurred : change@/devices/virtual/xt_idletimer/timers
09-23 23:37:22.957  5240  5373 D MotionRecognitionService: [SAR] == >> GripVal = 1
09-23 23:37:22.957  5240  5373 I MotionRecognitionService: [SAR] GripWifi disabled
09-23 23:37:22.957  5240  5373 D MotionRecognitionService: set SAR_DEVICE_GRIP
09-23 23:37:22.957  5240  5373 E MotionRecognitionService: handleMessage: event 100 value : 1
09-23 23:37:22.959  5240  5420 D ConnectivityService: reportNetworkActive, notify 0 listeners
09-23 23:37:22.961  4842  4905 I SensorsGrip: [grip_sensor] readEvents: GripSensor: grip data = TOUCH
09-23 23:37:22.967  5240  5373 D MotionRecognitionService: set TransmitPower  value : 1
09-23 23:37:22.967  5240  5373 D MotionRecognitionService: [SAR] == >> GripVal = 1
09-23 23:37:22.967  5240  5373 I MotionRecognitionService: [SAR] GripWifi disabled
09-23 23:37:22.967  5240  5373 D MotionRecognitionService: set SAR_DEVICE_GRIP
09-23 23:37:22.967  5240  5373 E MotionRecognitionService: handleMessage: event 100 value : 1
09-23 23:37:22.972  5240  5373 D MotionRecognitionService: set TransmitPower  value : 1
09-23 23:37:23.112 18045 18078 D MobileStatusTracker(0/1): onDataActivity: direction=3
09-23 23:37:23.113 18045 18078 D CscParser: OMC path : /optics/configs/carriers/single/SER/conf/customer.xml
09-23 23:37:23.114 18045 18078 I CscParser: getCustomerPath : omc customer file can read
