09-23 23:38:18.954 18045 18078 D NetworkController.MobileSignalController(0/1): notifyListener: enabled=true, connected=true, dataConnected=true, networkType=LTE (4G), emergencyOnly=false, roaming=false, isDefault=true, fiveGAvailable=false, mmWave=false, showDisabledDataIcon=false, voWifiConnected=false, dataActivity=, simState=null, cardOperator=OTHERS, simCardActivated=1
09-23 23:38:18.965  4838  4838 E android.hardware.health@2.1-service-samsung: Could not open /sys/class/power_supply/battery/lrp
09-23 23:38:19.088 31549 31549 I wpa_supplicant: Heartbeat 2552
09-23 23:38:20.070 18045 18078 D MobileStatusTracker(0/1): onDataActivity: direction=3
09-23 23:38:20.071 18045 18078 D CscParser: OMC path : /optics/configs/carriers/single/SER/conf/customer.xml
09-23 23:38:20.071 18045 18078 I CscParser: getCustomerPath : omc customer file can read
09-23 23:38:20.071 18045 18078 E CscParser: update(): xml file exist
09-23 23:38:20.091 18045 18078 D NetworkController.MobileSignalController(0/1): notifyListener: enabled=true, connected=true, dataConnected=true, networkType=LTE (4G), emergencyOnly=false, roaming=false, isDefault=true, fiveGAvailable=false, mmWave=false, showDisabledDataIcon=false, voWifiConnected=false, dataActivity=inout, simState=null, cardOperator=OTHERS, simCardActivated=1
09-23 23:38:20.159  5240  5379 W ProcessStats: Tracking association SourceState{9eab899 system/1000 BTopFgs #821336} whose proc state 2 is better than process ProcessState{c224a70 com.adguard.android/10280 pkg=com.adguard.android} proc state 3 (8 skipped)
09-23 23:38:20.161 11651 11651 D BoundBrokerSvc: onUnbind: Intent { act=com.google.android.gms.safetynet.service.START pkg=com.google.android.gms }
09-23 23:38:20.886  4428  4428 D io_stats: !@   8,0 r 11603993 289105292 w 6756639 121875004 d 0 0 f 0 0 iot 4050292 0 th 0 0 0 pt 0 inp 0 0 206869.053
09-23 23:38:21.289 18045 18078 D MobileStatusTracker(0/1): onDataActivity: direction=0
09-23 23:38:21.289 18045 18078 D CscParser: OMC path : /optics/configs/carriers/single/SER/conf/customer.xml
09-23 23:38:21.290 18045 18078 I CscParser: getCustomerPath : omc customer file can read
09-23 23:38:21.290 18045 18078 E CscParser: update(): xml file exist
09-23 23:38:21.306 18045 18078 D NetworkController.MobileSignalController(0/1): notifyListener: enabled=true, connected=true, dataConnected=true, networkType=LTE (4G), emergencyOnly=false, roaming=false, isDefault=true, fiveGAvailable=false, mmWave=false, showDisabledDataIcon=false, voWifiConnected=false, dataActivity=, simState=null, cardOperator=OTHERS, simCardActivated=1
09-23 23:38:22.449 18045 18078 D MobileStatusTracker(0/1): onDataActivity: direction=3
09-23 23:38:22.450 18045 18078 D CscParser: OMC path : /optics/configs/carriers/single/SER/conf/customer.xml
09-23 23:38:22.450 18045 18078 I CscParser: getCustomerPath : omc customer file can read
09-23 23:38:22.450 18045 18078 E CscParser: update(): xml file exist
09-23 23:38:22.466 18045 18078 D NetworkController.MobileSignalController(0/1): notifyListener: enabled=true, connected=true, dataConnected=true, networkType=LTE (4G), emergencyOnly=false, roaming=false, isDefault=true, fiveGAvailable=false, mmWave=false, showDisabledDataIcon=false, voWifiConnected=false, dataActivity=inout, simState=null, cardOperator=OTHERS, simCardActivated=1
09-23 23:38:22.887  4428  4428 D io_stats: !@   8,0 r 11603998 289105312 w 6756652 121875136 d 0 0 f 0 0 iot 4050300 0 th 0 0 0 pt 0 inp 0 0 206871.054
09-23 23:38:23.600 18045 18078 D MobileStatusTracker(0/1): onDataActivity: direction=0
09-23 23:38:23.601 18045 18078 D CscParser: OMC path : /optics/configs/carriers/single/SER/conf/customer.xml
09-23 23:38:23.601 18045 18078 I CscParser: getCustomerPath : omc customer file can read
09-23 23:38:23.601 18045 18078 E CscParser: update(): xml file exist
09-23 23:38:23.617 18045 18078 D NetworkController.MobileSignalController(0/1): notifyListener: enabled=true, connected=true, dataConnected=true, networkType=LTE (4G), emergencyOnly=false, roaming=false, isDefault=true, fiveGAvailable=false, mmWave=false, showDisabledDataIcon=false, voWifiConnected=false, dataActivity=, simState=null, cardOperator=OTHERS, simCardActivated=1
09-23 23:38:27.054  5240  5442 D UsbStatsMonitor: 0 0 0 0 0 0 0 0 0 0 0 0 1 0 0 0 0 0 0 0 0 0 0 0 0 0 0 0 0 0 0 0 0 0 0 0 0 0 0 0 0 0 0 0 0 0 0 0 0
09-23 23:38:28.197  5520  5547 I System.out: Broadcasting: Intent { act=com.sec.intent.action.SARDEVICE_CP flg=0x10000000 (has extras) }
09-23 23:38:28.198  4818 19299 E power   : ISystemSuspend::getService() failed.
09-23 23:38:28.201 19127 19669 I RILClient: processUnsolicited(): resp_id (11090), len(119)
09-23 23:38:28.203  5240  5373 D MotionRecognitionService:   onReceive : SARDEVICE_CP, callAction = off deviceID = 3 slot = 0
09-23 23:38:28.203  5240  5373 W MotionRecognitionService: id : 0 cmd :off
09-23 23:38:28.203  5240  5373 I MotionRecognitionService: [SAR] Received request for MainGrip
09-23 23:38:28.203  5240  5373 D MotionRecognitionService: [SAR] disableGripSensor : Enabled true  slot 0 (true)
09-23 23:38:28.203  5240  5373 D SensorService: Calling activate off 33554443
09-23 23:38:28.204  4842  4842 I SensorsGrip: [grip_sensor] enable: GripSensor: enable handle = 11 en = 0
09-23 23:38:28.206  5240  5373 D SensorManager: unregisterListener :: com.samsung.android.gesture.MotionRecognitionSAR$SensorGripEventListener@b57d6cd
09-23 23:38:28.207  5240  5373 I MotionRecognitionService: [SAR] size 0
09-23 23:38:28.207  5240  5373 D MotionRecognitionService: [SAR] clear SAR_DEVICE_GRIP
09-23 23:38:28.207  5240  5373 D MotionRecognitionService: mSarGripSlot is 0
09-23 23:38:28.207  5240  5373 W MotionRecognitionService: id : 1 cmd :off
09-23 23:38:28.207  5240  5373 D MotionRecognitionService: [SAR] disableProxSensor : Enabled true  slot 0 (true)
09-23 23:38:28.207  5240  5373 D MotionRecognitionService: mSarProxSlot is 0
09-23 23:38:28.208  5520  6587 I System.out: Broadcast completed: result=0
09-23 23:38:28.212  5240  5373 E MotionRecognitionService: handleMessage: event 200 value : 1
09-23 23:38:28.221  5240  5373 D MotionRecognitionService: clear TransmitPower  value : 1
09-23 23:38:28.800  4818 19299 E power   : ISystemSuspend::getService() failed.
09-23 23:38:28.801  5520  5547 I System.out: Broadcasting: Intent { act=com.sec.intent.action.SARDEVICE_CP flg=0x10000000 (has extras) }
09-23 23:38:28.803 19127 19669 I RILClient: processUnsolicited(): resp_id (11090), len(118)
09-23 23:38:28.806  5240  5373 D MotionRecognitionService:   onReceive : SARDEVICE_CP, callAction = on deviceID = 3 slot = 0
09-23 23:38:28.806  5240  5373 W MotionRecognitionService: id : 0 cmd :on
09-23 23:38:28.806  5240  5373 I MotionRecognitionService: [SAR] Received request for MainGrip
09-23 23:38:28.809  5240  5373 D SensorService: [GripSensor] ++ setGripThdWithMCC  (65560)
09-23 23:38:28.809  5240  5373 D SensorService: GripSensor: MCC Path does not exist
09-23 23:38:28.809  5240  5373 D SensorService: Calling batch handle==33554443 flags=0 rate=200000000 timeout== 0
09-23 23:38:28.810  4842  4842 I SensorsGrip: [grip_sensor] enable: GripSensor: enable handle = 11 en = 1
09-23 23:38:28.814  4842  4905 I SensorsGrip: [grip_sensor] readEvents: GripSensor: grip data = TOUCH
09-23 23:38:28.815  5240  5373 D SensorManager: registerListener :: 33554443, A96T3X6 Grip sensor, 200000, 0, com.samsung.android.gesture.MotionRecognitionSAR$SensorGripEventListener@9861285
09-23 23:38:28.815  5240  5373 D MotionRecognitionService: [SAR] enableGripSensor
09-23 23:38:28.815  5240  5373 D MotionRecognitionService: mSarGripSlot is 1
09-23 23:38:28.815  5240  5373 W MotionRecognitionService: id : 1 cmd :on
09-23 23:38:28.815  5240  5373 D MotionRecognitionService: mSarProxSlot is 1
09-23 23:38:28.816  5520  6587 I System.out: Broadcast completed: result=0
09-23 23:38:28.817  4842  4905 I SensorsGrip: [grip_sensor] readEvents: GripSensor: grip data = RELEASE
09-23 23:38:28.818  4842  4905 I SensorsGrip: [grip_sensor] readEvents: GripSensor: grip data = TOUCH
09-23 23:38:28.821  5240  5373 D MotionRecognitionService: [SAR] == >> GripVal = 1
09-23 23:38:28.821  5240  5373 I MotionRecognitionService: [SAR] GripWifi disabled
09-23 23:38:28.821  5240  5373 D MotionRecognitionService: set SAR_DEVICE_GRIP
09-23 23:38:28.821  5240  5373 D MotionRecognitionService: [SAR] == >> GripVal = 0
09-23 23:38:28.821  5240  5373 I MotionRecognitionService: [SAR] GripWifi disabled
09-23 23:38:28.821  5240  5373 D MotionRecognitionService: clear SAR_DEVICE_GRIP
09-23 23:38:28.821  5240  5373 D MotionRecognitionService: [SAR] == >> GripVal = 1
09-23 23:38:28.822  5240  5373 I MotionRecognitionService: [SAR] GripWifi disabled
09-23 23:38:28.822  5240  5373 D MotionRecognitionService: set SAR_DEVICE_GRIP
09-23 23:38:28.822  5240  5373 E MotionRecognitionService: handleMessage: event 100 value : 1
09-23 23:38:28.832  5240  5373 D MotionRecognitionService: set TransmitPower  value : 1
09-23 23:38:28.832  5240  5373 E MotionRecognitionService: handleMessage: event 200 value : 1
09-23 23:38:28.846  5240  5373 D MotionRecognitionService: clear TransmitPower  value : 1
09-23 23:38:28.846  5240  5373 E MotionRecognitionService: handleMessage: event 100 value : 1
09-23 23:38:28.856  5240  5373 D MotionRecognitionService: set TransmitPower  value : 1
09-23 23:38:28.892  4428  4428 D io_stats: !@   8,0 r 11603998 289105312 w 6756666 121875212 d 0 0 f 0 0 iot 4050304 0 th 0 0 0 pt 0 inp 0 0 206877.059
09-23 23:38:29.096 31549 31549 I wpa_supplicant: Heartbeat 2553
09-23 23:38:29.404 18045 18078 D MobileStatusTracker(0/1): onDataActivity: direction=3
09-23 23:38:29.405 18045 18078 D CscParser: OMC path : /optics/configs/carriers/single/SER/conf/customer.xml
09-23 23:38:29.405 18045 18078 I CscParser: getCustomerPath : omc customer file can read
09-23 23:38:29.405 18045 18078 E CscParser: update(): xml file exist
09-23 23:38:29.422 18045 18078 D NetworkController.MobileSignalController(0/1): notifyListener: enabled=true, connected=true, dataConnected=true, networkType=LTE (4G), emergencyOnly=false, roaming=false, isDefault=true, fiveGAvailable=false, mmWave=false, showDisabledDataIcon=false, voWifiConnected=false, dataActivity=inout, simState=null, cardOperator=OTHERS, simCardActivated=1
09-23 23:38:30.567 18045 18078 D MobileStatusTracker(0/1): onDataActivity: direction=0
09-23 23:38:30.568 18045 18078 D CscParser: OMC path : /optics/configs/carriers/single/SER/conf/customer.xml
09-23 23:38:30.568 18045 18078 I CscParser: getCustomerPath : omc customer file can read
09-23 23:38:30.569 18045 18078 E CscParser: update(): xml file exist
09-23 23:38:30.585 18045 18078 D NetworkController.MobileSignalController(0/1): notifyListener: enabled=true, connected=true, dataConnected=true, networkType=LTE (4G), emergencyOnly=false, roaming=false, isDefault=true, fiveGAvailable=false, mmWave=false, showDisabledDataIcon=false, voWifiConnected=false, dataActivity=, simState=null, cardOperator=OTHERS, simCardActivated=1
09-23 23:38:30.618  4917  4917 I SurfaceFlinger: SFWD update time=206878786644066
09-23 23:38:30.893  4428  4428 D io_stats: !@   8,0 r 11604037 289105468 w 6756681 121875300 d 0 0 f 0 0 iot 4050312 0 th 0 0 0 pt 0 inp 0 0 206879.061
09-23 23:38:32.208  5240  5379 W ActivityManager: Foreground service started from background can not have location/camera/microphone access: service com.adguard.android/.AdguardService
09-23 23:38:32.210  5240  5273 D ApplicationPolicy: isStatusBarNotificationAllowedAsUser: packageName = com.adguard.android,userId = 0
09-23 23:38:32.210  5240  5273 D ApplicationPolicy: isStatusBarNotificationAllowedAsUser: packageName = com.adguard.android,userId = 0
09-23 23:38:32.895  4428  4428 D io_stats: !@   8,0 r 11604037 289105468 w 6756685 121875316 d 0 0 f 0 0 iot 4050316 0 th 0 0 0 pt 0 inp 0 0 206881.062
09-23 23:38:34.842  4818 19299 E power   : ISystemSuspend::getService() failed.
09-23 23:38:34.842  5520  5547 I System.out: Broadcasting: Intent { act=com.sec.intent.action.SARDEVICE_CP flg=0x10000000 (has extras) }
09-23 23:38:34.845 19127 19669 I RILClient: processUnsolicited(): resp_id (11090), len(119)
09-23 23:38:34.848  5240  5273 W ProcessStats: Tracking association SourceState{9eab899 system/1000 BTopFgs #821344} whose proc state 2 is better than process ProcessState{c224a70 com.adguard.android/10280 pkg=com.adguard.android} proc state 3 (6 skipped)
09-23 23:38:34.849  5240  5373 D MotionRecognitionService:   onReceive : SARDEVICE_CP, callAction = off deviceID = 3 slot = 0
09-23 23:38:34.849  5240  5373 W MotionRecognitionService: id : 0 cmd :off
09-23 23:38:34.849  5240  5373 I MotionRecognitionService: [SAR] Received request for MainGrip
09-23 23:38:34.849  5240  5373 D MotionRecognitionService: [SAR] disableGripSensor : Enabled true  slot 0 (true)
09-23 23:38:34.850  5240  5373 D SensorService: Calling activate off 33554443
09-23 23:38:34.850  4842  4842 I SensorsGrip: [grip_sensor] enable: GripSensor: enable handle = 11 en = 0
09-23 23:38:34.853  5240  5373 D SensorManager: unregisterListener :: com.samsung.android.gesture.MotionRecognitionSAR$SensorGripEventListener@9861285
09-23 23:38:34.853  5240  5373 I MotionRecognitionService: [SAR] size 0
09-23 23:38:34.853  5240  5373 D MotionRecognitionService: [SAR] clear SAR_DEVICE_GRIP
09-23 23:38:34.853  5240  5373 D MotionRecognitionService: mSarGripSlot is 0
09-23 23:38:34.853  5240  5373 W MotionRecognitionService: id : 1 cmd :off
09-23 23:38:34.853  5240  5373 D MotionRecognitionService: [SAR] disableProxSensor : Enabled true  slot 0 (true)
09-23 23:38:34.853  5240  5373 D MotionRecognitionService: mSarProxSlot is 0
09-23 23:38:34.854  5520  6587 I System.out: Broadcast completed: result=0
09-23 23:38:34.858  5240  5373 E MotionRecognitionService: handleMessage: event 200 value : 1
09-23 23:38:34.869  5240  5373 D MotionRecognitionService: clear TransmitPower  value : 1
09-23 23:38:35.120 11651 11651 D BoundBrokerSvc: onBind: Intent { act=com.google.android.gms.safetynet.service.START pkg=com.google.android.gms }
09-23 23:38:35.120 11651 11651 D BoundBrokerSvc: Loading bound service for intent: Intent { act=com.google.android.gms.safetynet.service.START pkg=com.google.android.gms }
09-23 23:38:38.449  4818 19299 E power   : ISystemSuspend::getService() failed.
09-23 23:38:38.449  5520  5547 I System.out: Broadcasting: Intent { act=com.sec.intent.action.SARDEVICE_CP flg=0x10000000 (has extras) }
09-23 23:38:38.451 19127 19669 I RILClient: processUnsolicited(): resp_id (11090), len(118)
09-23 23:38:38.457  5240  5373 D MotionRecognitionService:   onReceive : SARDEVICE_CP, callAction = on deviceID = 3 slot = 0
09-23 23:38:38.457  5240  5373 W MotionRecognitionService: id : 0 cmd :on
09-23 23:38:38.457  5240  5373 I MotionRecognitionService: [SAR] Received request for MainGrip
09-23 23:38:38.459  5240  5373 D SensorService: [GripSensor] ++ setGripThdWithMCC  (65560)
09-23 23:38:38.459  5240  5373 D SensorService: GripSensor: MCC Path does not exist
09-23 23:38:38.460  5240  5373 D SensorService: Calling batch handle==33554443 flags=0 rate=200000000 timeout== 0
09-23 23:38:38.460  4842  4842 I SensorsGrip: [grip_sensor] enable: GripSensor: enable handle = 11 en = 1
09-23 23:38:38.465  4842  4905 I SensorsGrip: [grip_sensor] readEvents: GripSensor: grip data = TOUCH
09-23 23:38:38.465  5240  5373 D SensorManager: registerListener :: 33554443, A96T3X6 Grip sensor, 200000, 0, com.samsung.android.gesture.MotionRecognitionSAR$SensorGripEventListener@7216932
09-23 23:38:38.465  5240  5373 D MotionRecognitionService: [SAR] enableGripSensor
09-23 23:38:38.465  5240  5373 D MotionRecognitionService: mSarGripSlot is 1
09-23 23:38:38.465  5240  5373 W MotionRecognitionService: id : 1 cmd :on
09-23 23:38:38.465  5240  5373 D MotionRecognitionService: mSarProxSlot is 1
09-23 23:38:38.466  4842  4905 I SensorsGrip: [grip_sensor] readEvents: GripSensor: grip data = TOUCH
09-23 23:38:38.468  5520  6587 I System.out: Broadcast completed: result=0
09-23 23:38:38.473  5240  5373 D MotionRecognitionService: [SAR] == >> GripVal = 1
09-23 23:38:38.473  5240  5373 I MotionRecognitionService: [SAR] GripWifi disabled
09-23 23:38:38.473  5240  5373 D MotionRecognitionService: set SAR_DEVICE_GRIP
09-23 23:38:38.474  5240  5373 D MotionRecognitionService: [SAR] == >> GripVal = 1
09-23 23:38:38.474  5240  5373 I MotionRecognitionService: [SAR] GripWifi disabled
09-23 23:38:38.474  5240  5373 D MotionRecognitionService: set SAR_DEVICE_GRIP
09-23 23:38:38.474  5240  5373 E MotionRecognitionService: handleMessage: event 100 value : 1
09-23 23:38:38.483  5240  5373 D MotionRecognitionService: set TransmitPower  value : 1
09-23 23:38:38.483  5240  5373 E MotionRecognitionService: handleMessage: event 100 value : 1
09-23 23:38:38.491  5240  5373 D MotionRecognitionService: set TransmitPower  value : 1
09-23 23:38:38.680 18045 18078 D MobileStatusTracker(0/1): onDataActivity: direction=3
09-23 23:38:38.681 18045 18078 D CscParser: OMC path : /optics/configs/carriers/single/SER/conf/customer.xml
09-23 23:38:38.681 18045 18078 I CscParser: getCustomerPath : omc customer file can read
09-23 23:38:38.681 18045 18078 E CscParser: update(): xml file exist
09-23 23:38:38.697 18045 18078 D NetworkController.MobileSignalController(0/1): notifyListener: enabled=true, connected=true, dataConnected=true, networkType=LTE (4G), emergencyOnly=false, roaming=false, isDefault=true, fiveGAvailable=false, mmWave=false, showDisabledDataIcon=false, voWifiConnected=false, dataActivity=inout, simState=null, cardOperator=OTHERS, simCardActivated=1
09-23 23:38:39.104 31549 31549 I wpa_supplicant: Heartbeat 2554
09-23 23:38:39.856 18045 18078 D MobileStatusTracker(0/1): onDataActivity: direction=0
09-23 23:38:39.857 18045 18078 D CscParser: OMC path : /optics/configs/carriers/single/SER/conf/customer.xml
09-23 23:38:39.857 18045 18078 I CscParser: getCustomerPath : omc customer file can read
09-23 23:38:39.858 18045 18078 E CscParser: update(): xml file exist
09-23 23:38:39.874 18045 18078 D NetworkController.MobileSignalController(0/1): notifyListener: enabled=true, connected=true, dataConnected=true, networkType=LTE (4G), emergencyOnly=false, roaming=false, isDefault=true, fiveGAvailable=false, mmWave=false, showDisabledDataIcon=false, voWifiConnected=false, dataActivity=, simState=null, cardOperator=OTHERS, simCardActivated=1
09-23 23:38:41.968  5240  5269 E Watchdog: !@Sync: 6887 heap: 82 / 99 [2022-09-23 23:38:41.967] sdogWay: softdog FD: 92609-23 23:38:42.902  4428  4428 D io_stats: !@   8,0 r 11604106 289106408 w 6756696 121875364 d 0 0 f 0 0 iot 4050324 0 th 0 0 0 pt 0 inp 0 0 206891.069
09-23 23:38:43.264  5240  5427 D DeviceStorageMonitorService: check() STORAGE TOTAL > 64G
09-23 23:38:43.264  5240  5427 W DeviceStorageMonitorService: updateBroadcasts(/data) oldLevel:0, newLevel:0, seq:1
09-23 23:38:43.265  5240  5427 D DeviceStorageMonitorService: Available File Node Number is [12998248]
09-23 23:38:43.266  5240  5427 W DeviceStorageMonitorService: updateBroadcasts_filenode(/data) fn_oldLevel:0, fn_newLevel:0, seq:1
09-23 23:38:43.293 18045 18078 D MobileStatusTracker(0/1): onDataActivity: direction=3
09-23 23:38:43.294 18045 18078 D CscParser: OMC path : /optics/configs/carriers/single/SER/conf/customer.xml
09-23 23:38:43.294 18045 18078 I CscParser: getCustomerPath : omc customer file can read
09-23 23:38:43.295 18045 18078 E CscParser: update(): xml file exist
09-23 23:38:43.312 18045 18078 D NetworkController.MobileSignalController(0/1): notifyListener: enabled=true, connected=true, dataConnected=true, networkType=LTE (4G), emergencyOnly=false, roaming=false, isDefault=true, fiveGAvailable=false, mmWave=false, showDisabledDataIcon=false, voWifiConnected=false, dataActivity=inout, simState=null, cardOperator=OTHERS, simCardActivated=1
09-23 23:38:44.428 18045 18078 D MobileStatusTracker(0/1): onDataActivity: direction=0
09-23 23:38:44.429 18045 18078 D CscParser: OMC path : /optics/configs/carriers/single/SER/conf/customer.xml
09-23 23:38:44.429 18045 18078 I CscParser: getCustomerPath : omc customer file can read
09-23 23:38:44.429 18045 18078 E CscParser: update(): xml file exist
09-23 23:38:44.445 18045 18078 D NetworkController.MobileSignalController(0/1): notifyListener: enabled=true, connected=true, dataConnected=true, networkType=LTE (4G), emergencyOnly=false, roaming=false, isDefault=true, fiveGAvailable=false, mmWave=false, showDisabledDataIcon=false, voWifiConnected=false, dataActivity=, simState=null, cardOperator=OTHERS, simCardActivated=1
09-23 23:38:44.903  4428  4428 D io_stats: !@   8,0 r 11604107 289106412 w 6756702 121875396 d 0 0 f 0 0 iot 4050384 0 th 0 0 0 pt 0 inp 0 0 206893.070
09-23 23:38:45.578 18045 18078 D MobileStatusTracker(0/1): onDataActivity: direction=3
09-23 23:38:45.579 18045 18078 D CscParser: OMC path : /optics/configs/carriers/single/SER/conf/customer.xml
09-23 23:38:45.579 18045 18078 I CscParser: getCustomerPath : omc customer file can read
09-23 23:38:45.579 18045 18078 E CscParser: update(): xml file exist
09-23 23:38:45.591  5240  6414 W ProcessStats: Tracking association SourceState{9eab899 system/1000 BTopFgs #821354} whose proc state 2 is better than process ProcessState{c224a70 com.adguard.android/10280 pkg=com.adguard.android} proc state 3 (9 skipped)
09-23 23:38:45.596 18045 18078 D NetworkController.MobileSignalController(0/1): notifyListener: enabled=true, connected=true, dataConnected=true, networkType=LTE (4G), emergencyOnly=false, roaming=false, isDefault=true, fiveGAvailable=false, mmWave=false, showDisabledDataIcon=false, voWifiConnected=false, dataActivity=inout, simState=null, cardOperator=OTHERS, simCardActivated=1
09-23 23:38:45.661 19147 19374 I SDHMS:C : SIOP:: AP:272(337,80) BAT:281(281,0) USB:0(0,0) CHG:340(340,0) WIFI:323(323,0) LRP:318(318,0) LRF:318(318) LRB:317(317)
09-23 23:38:46.556 22388 21930 W Nearby  : [MBleClient] Ignore outdated onLost runnable from cycle : 47, current cycle : 226 [CONTEXT service_id=49 ]
09-23 23:38:46.557 22388 21930 W Nearby  : [MBleClient] Ignore outdated onLost runnable from cycle : 48, current cycle : 226 [CONTEXT service_id=49 ]
09-23 23:38:46.746 18045 18078 D MobileStatusTracker(0/1): onDataActivity: direction=0
09-23 23:38:46.747 18045 18078 D CscParser: OMC path : /optics/configs/carriers/single/SER/conf/customer.xml
09-23 23:38:46.747 18045 18078 I CscParser: getCustomerPath : omc customer file can read
09-23 23:38:46.747 18045 18078 E CscParser: update(): xml file exist
09-23 23:38:46.764 18045 18078 D NetworkController.MobileSignalController(0/1): notifyListener: enabled=true, connected=true, dataConnected=true, networkType=LTE (4G), emergencyOnly=false, roaming=false, isDefault=true, fiveGAvailable=false, mmWave=false, showDisabledDataIcon=false, voWifiConnected=false, dataActivity=, simState=null, cardOperator=OTHERS, simCardActivated=1
09-23 23:38:46.904  4428  4428 D io_stats: !@   8,0 r 11604109 289106420 w 6756721 121875600 d 0 0 f 0 0 iot 4050388 0 th 0 0 0 pt 0 inp 0 0 206895.072
09-23 23:38:48.906  4428  4428 D io_stats: !@   8,0 r 11604110 289106424 w 6756726 121875624 d 0 0 f 0 0 iot 4050392 0 th 0 0 0 pt 0 inp 0 0 206897.073
09-23 23:38:48.988  4838  4874 D BatteryDump: wait_for_battery_event : occurred : change@/devices/platform/battery/power_supply/battery
09-23 23:38:49.000  4838  4838 E android.hardware.health@2.1-service-samsung: Could not open /sys/class/power_supply/battery/lrp
09-23 23:38:49.048 18045 18078 D MobileStatusTracker(0/1): onDataActivity: direction=3
09-23 23:38:49.048 18045 18078 D CscParser: OMC path : /optics/configs/carriers/single/SER/conf/customer.xml
09-23 23:38:49.048 18045 18078 I CscParser: getCustomerPath : omc customer file can read
09-23 23:38:49.049 18045 18078 E CscParser: update(): xml file exist
09-23 23:38:49.059 18045 18078 D NetworkController.MobileSignalController(0/1): notifyListener: enabled=true, connected=true, dataConnected=true, networkType=LTE (4G), emergencyOnly=false, roaming=false, isDefault=true, fiveGAvailable=false, mmWave=false, showDisabledDataIcon=false, voWifiConnected=false, dataActivity=inout, simState=null, cardOperator=OTHERS, simCardActivated=1
09-23 23:38:49.112 31549 31549 I wpa_supplicant: Heartbeat 2555
09-23 23:38:49.233 20502 20584 I ContactsProvider_EventLog: contents_sample_state: [CONTACT contacts(227) data(2130) accounts({com.google (2)=184, org.telegram.messenger (7)=106, vnd.sec.contact.sim (3)=15, com.whatsapp (6)=100, com.google.android.apps.tachyon (9)=24}) accounts deleted({}) in_trash(in_trash(0), in_trash_for_sync(0)) calls([logtype:100 cnt:276, logtype:300 cnt:500, logtype:1000 cnt:1724]) countryIso(RU) userId(0)  ]
09-23 23:38:49.233 20502 20584 I ContactsProvider_EventLog: contents_sample_state: [ agr({[7]=28, [2 ,7 ,6 ,9]=2, [3]=15, [2 ,7 ,6]=39, [2]=79, [2 ,7 ,6 ,6]=1, [2 ,6 ,9]=1, [2 ,7]=6, [2 ,6]=22, [2 ,9 ,6]=7, [2 ,6 ,7]=9, [2 ,7 ,6 ,6 ,7]=1, [2 ,6 ,7 ,9]=1, [2 ,6 ,9 ,7]=2, [2 ,7 ,9 ,6]=8, [2 ,7 ,7 ,6]=3, [2 ,9 ,7 ,6]=2, [2 ,9]=1})  ]
09-23 23:38:49.233 20502 20584 I ContactsProvider_EventLog: contents_sample_state: [ actCnt({android.process.acore(20502)=1})  ]
09-23 23:38:49.233 20502 20584 I ContactsProvider_EventLog: contents_sample_state: [PROFILE contacts(0) data(0) accounts({})  ] [SAPROFILE contacts(1) data(1) accounts({vnd.sec.contact.phone (1)=1})  ]
09-23 23:38:49.233 20502 20584 I ContactsProvider_EventLog: contents_sample_state: [STORAGE Contacts(CE) Profile(CE) SAProfile(CE) CallLog(CE)  ]
09-23 23:38:49.288  5240  5354 D SamsungAlarmManager: Expired : 8
09-23 23:38:49.290  5240  5354 V SamsungAlarmManager: Sending to uid : 1000 L=cafe1ed:DetectMovementSPListener alarm=Alarm{84e4039 type 3 origWhen 960371611 whenElapsed 960371611 android}
09-23 23:38:49.290  5240  5727 I SLocation: SPManager - need to Login samsung account.
09-23 23:38:49.293  5240  5354 V SamsungAlarmManager: setLocked to kernel - W:960373857, now=960371616
09-23 23:38:49.296  5240  5727 D SamsungAlarmManager: setExact (T:3/F:9/AC:false) 20220923T233949 now=960371619 - CU:1000/CP:5240/L:cafe1ed:DetectMovementSPListener
09-23 23:38:49.296  5240  5727 V SamsungAlarmManager: setLocked to kernel - W:960373857, now=960371619
09-23 23:38:50.199 11651 11651 D BoundBrokerSvc: onUnbind: Intent { act=com.google.android.gms.safetynet.service.START pkg=com.google.android.gms }
09-23 23:38:50.210 18045 18078 D MobileStatusTracker(0/1): onDataActivity: direction=0
09-23 23:38:50.211 18045 18078 D CscParser: OMC path : /optics/configs/carriers/single/SER/conf/customer.xml
09-23 23:38:50.211 18045 18078 I CscParser: getCustomerPath : omc customer file can read
09-23 23:38:50.211 18045 18078 E CscParser: update(): xml file exist
09-23 23:38:50.227 18045 18078 D NetworkController.MobileSignalController(0/1): notifyListener: enabled=true, connected=true, dataConnected=true, networkType=LTE (4G), emergencyOnly=false, roaming=false, isDefault=true, fiveGAvailable=false, mmWave=false, showDisabledDataIcon=false, voWifiConnected=false, dataActivity=, simState=null, cardOperator=OTHERS, simCardActivated=1
09-23 23:38:50.908  4428  4428 D io_stats: !@   8,0 r 11604110 289106424 w 6756732 121875664 d 0 0 f 0 0 iot 4050400 0 th 0 0 0 pt 0 inp 0 0 206899.075
09-23 23:38:51.534  5240  5354 D SamsungAlarmManager: Expired : 4
09-23 23:38:51.534  5240  5354 V SamsungAlarmManager: Sending to uid : 1000 L=5cb72ec:WifiConnectivityManager Schedule Periodic Scan Timer alarm=Alarm{5f8e67e type 2 origWhen 960343857 whenElapsed 960343857 android}
09-23 23:38:51.535  5240  5410 E WifiScoringParams: Invalid frequency(-1), using 5G as default rssi array
09-23 23:38:51.537  5240  5354 V SamsungAlarmManager: setLocked to kernel - W:960435303 / NW:960382323, now=960373860
09-23 23:38:51.538  5240  5410 D SamsungAlarmManager: setInexact (T:2/F:8/AC:false) 20220923T234011 now=960373861 - CU:1000/CP:5240/L:5cb72ec:WifiConnectivityManager Schedule Periodic Scan Timer
09-23 23:38:51.538  5240  5410 V SamsungAlarmManager: setLocked to kernel - W:960435303 / NW:960382323, now=960373861
09-23 23:38:51.556  5240  5414 D SamsungAlarmManager: setInexact (T:2/F:8/AC:false) 20220923T233906 now=960373879 - CU:1000/CP:5240/L:9566c2c:WificondScannerImpl Scan Timeout
09-23 23:38:51.557  5240  5414 V SamsungAlarmManager: setLocked to kernel - W:960400129 / NW:960382323, now=960373880
09-23 23:38:55.022  5557  1937 D NetlinkTracker/wlan0: interfaceLinkStateChanged: wlan0 down
09-23 23:38:55.023  5240  6414 D WifiNl80211Manager: Scan result ready event
09-23 23:38:55.023  5240  6414 D WifiNative: Scan result ready event
09-23 23:38:55.023  5240  5414 D SamsungAlarmManager: Cancel Alarm calling from uid:1000 pid :5240 / L:9566c2c
09-23 23:38:55.024  5240  5263 I EthernetTracker: interfaceLinkStateChanged, iface: wlan0, up: false
09-23 23:38:55.025  5240  5414 V SamsungAlarmManager: setLocked to kernel - W:960435303 / NW:960382323, now=960377348
09-23 23:38:55.056  5240  5460 V SemWifiScanPool: updateScanResult, scan:16 configKeys: 16 pool_bssid:28 pool_configKeys:29
09-23 23:38:55.528  4818 19299 E power   : ISystemSuspend::getService() failed.
09-23 23:38:55.529  5520  5547 I System.out: Broadcasting: Intent { act=com.sec.intent.action.SARDEVICE_CP flg=0x10000000 (has extras) }
09-23 23:38:55.530 19127 19669 I RILClient: processUnsolicited(): resp_id (11090), len(119)
09-23 23:38:55.536  5240  5373 D MotionRecognitionService:   onReceive : SARDEVICE_CP, callAction = off deviceID = 3 slot = 0
09-23 23:38:55.536  5240  5373 W MotionRecognitionService: id : 0 cmd :off
09-23 23:38:55.536  5240  5373 I MotionRecognitionService: [SAR] Received request for MainGrip
09-23 23:38:55.536  5240  5373 D MotionRecognitionService: [SAR] disableGripSensor : Enabled true  slot 0 (true)
09-23 23:38:55.537  5240  5373 D SensorService: Calling activate off 33554443
09-23 23:38:55.538  4842  4842 I SensorsGrip: [grip_sensor] enable: GripSensor: enable handle = 11 en = 0
09-23 23:38:55.541  5240  5373 D SensorManager: unregisterListener :: com.samsung.android.gesture.MotionRecognitionSAR$SensorGripEventListener@7216932
09-23 23:38:55.541  5240  5373 I MotionRecognitionService: [SAR] size 0
09-23 23:38:55.541  5240  5373 D MotionRecognitionService: [SAR] clear SAR_DEVICE_GRIP
09-23 23:38:55.541  5240  5373 D MotionRecognitionService: mSarGripSlot is 0
09-23 23:38:55.541  5240  5373 W MotionRecognitionService: id : 1 cmd :off
09-23 23:38:55.541  5240  5373 D MotionRecognitionService: [SAR] disableProxSensor : Enabled true  slot 0 (true)
09-23 23:38:55.541  5240  5373 D MotionRecognitionService: mSarProxSlot is 0
09-23 23:38:55.542  5520  6587 I System.out: Broadcast completed: result=0
09-23 23:38:55.546  5240  5373 E MotionRecognitionService: handleMessage: event 200 value : 1
09-23 23:38:55.558  5240  5373 D MotionRecognitionService: clear TransmitPower  value : 1
09-23 23:38:56.307 18045 18078 D MobileStatusTracker(0/1): onSignalStrengthsChanged signalStrength=SignalStrength:{mCdma=Invalid,mGsm=Invalid,mWcdma=Invalid,mTdscdma=Invalid,mLte=CellSignalStrengthLte: rssi=-101 rsrp=-101 rsrq=-9 rssnr=7 cqiTableIndex=2147483647 cqi=14 ta=2147483647 level=3 parametersUseForLevel=0,mNr=Invalid,SignalBarInfo{ lteLevel=2 },rat=14,primary=CellSignalStrengthLte} level=2
09-23 23:38:56.308 18045 18078 D CscParser: OMC path : /optics/configs/carriers/single/SER/conf/customer.xml
09-23 23:38:56.308 18045 18078 I CscParser: getCustomerPath : omc customer file can read
09-23 23:38:56.308 18045 18078 E CscParser: update(): xml file exist
09-23 23:38:56.328 18045 18078 D NetworkController: SignalStrength from intent slotId=0
09-23 23:38:58.936  4838  4874 D BatteryDump: wait_for_battery_event : occurred : change@/devices/virtual/xt_idletimer/timers
09-23 23:38:58.940  5240  5283 D BatteryExternalStatsWorker: update stats : modem-data (4)
09-23 23:38:58.953  5240  6418 D TelephonyManager: requestModemActivityInfo: Sending result to app: ModemActivityInfo{ mTimestamp=960381275 mSleepTimeMs=703227491 mIdleTimeMs=56192367 mTxTimeMs[]=[865047, 1260945, 7247441, 2932270, 3372418] mRxTimeMs=199601480}
09-23 23:38:58.953  5240  5283 D BatteryExternalStatsWorker: ModemActivityInfo was updated
09-23 23:38:58.953  5240  5283 D BatteryExternalStatsWorker: done updateExternalStatsLocked
09-23 23:38:58.973  4808  6814 D IptablesRestoreController: [iptables debug]iptables-restore execute *filter
09-23 23:38:58.973  4808  6814 D IptablesRestoreController: -nvx -L tetherctrl_counters
09-23 23:38:58.973  4808  6814 D IptablesRestoreController: COMMIT
09-23 23:38:58.976  4808  6814 D IptablesRestoreController: [iptables debug]iptables-restore execute done, res : 0
09-23 23:38:58.976  4808  6814 D IptablesRestoreController: [iptables debug]iptables-restore execute *filter
09-23 23:38:58.976  4808  6814 D IptablesRestoreController: -nvx -L tetherctrl_counters
09-23 23:38:58.976  4808  6814 D IptablesRestoreController: COMMIT
09-23 23:38:58.979  4808  6814 D IptablesRestoreController: [iptables debug]iptables-restore execute done, res : 0
09-23 23:38:59.116 31549 31549 I wpa_supplicant: Heartbeat 2556
09-23 23:38:59.126 17087 24346 I JobManager: Found pending job request{id=35322, tag=send_click_stream_events, transient=false}, canceling
09-23 23:38:59.141  5240  6414 D SamsungAlarmManager: Cancel Alarm calling from uid:10257 pid :17087 / OP:PendingIntent{138ec8a: PendingIntentRecord{a0af2fb com.avito.android broadcastIntent}}
09-23 23:38:59.143  5240  6414 D SamsungAlarmManager: Cancel Alarm calling from uid:10257 pid :17087 / OP:PendingIntent{5d41f18: PendingIntentRecord{15abd71 com.avito.android broadcastIntent}}
09-23 23:38:59.148  5240  6418 D SamsungAlarmManager: Cancel Alarm calling from uid:10257 pid :17087 / OP:PendingIntent{fc14756: PendingIntentRecord{a0af2fb com.avito.android broadcastIntent}}
09-23 23:38:59.150  5240  6418 D SamsungAlarmManager: Cancel Alarm calling from uid:10257 pid :17087 / OP:PendingIntent{b8bc3d7: PendingIntentRecord{15abd71 com.avito.android broadcastIntent}}
09-23 23:38:59.162  5240  6418 D PackageManager: setEnabledSetting : userId = 0 packageName = com.avito.android cmp = androidx.work.impl.background.systemalarm.RescheduleReceiver newState = 1 callingPackage = 10257/com.avito.android
09-23 23:39:00.000  5240  5354 D SamsungAlarmManager: Expired : 8
09-23 23:39:00.000  5240  5354 V SamsungAlarmManager: Sending to uid : 1000 L=8ad84b2:TIME_TICK alarm=Alarm{cbfad type 3 origWhen 960382323 whenElapsed 960382323 android}
09-23 23:39:00.001  5240  5354 D SamsungAlarmManager: setExact (T:3/F:9/AC:false) 20220923T234000 now=960382324 - CU:1000/CP:5240/L:8ad84b2:TIME_TICK
09-23 23:39:00.001  5240  5354 V SamsungAlarmManager: setLocked to kernel - W:960435303 / NW:960431614, now=960382324
09-23 23:39:00.003 18045 18045 D KeyguardUpdateMonitor: received broadcast android.intent.action.TIME_TICK
09-23 23:39:00.003 18045 18045 D KeyguardUpdateMonitor: handleTimeUpdate
09-23 23:39:00.004 18045 18045 D FaceWidgetPagesController: onTimeChanged()
09-23 23:39:00.004 18045 18127 D QSClockBellTower: onReceive(android.intent.action.TIME_TICK) mTimeZoneString:null
09-23 23:39:00.006 18045 18045 D QSClockBellTower: He is ready to ring the bell. (((QSClockBellSound - TimeText:23:39, TimeContentDescription:23:39, DateText:пт, 23 сентября, ShortDateText:пт, 23 сент., Demofalse)))
09-23 23:39:00.007  5240  5354 V SamsungAlarmManager: setLocked to kernel - W:960435303 / NW:960431614, now=960382330
09-23 23:39:00.008 18045 18045 D QSClockHomeIndicatorView: Home Indicator status_bar_clock notifyTimeChanged(QSClockBellSound - TimeText:23:39, TimeContentDescription:23:39, DateText:пт, 23 сентября, ShortDateText:пт, 23 сент., Demofalse) ClockVisibleByPolicy:true, ClockVisibleByUser:true, visible?true, parent:android.widget.LinearLayout{d01fcad V.E...... ......ID 0,0-97,83 #7f0b0472 app:id/left_clock_container}
09-23 23:39:00.008 18045 18045 D QSClockBellTower: Everyone heard the bell. run(currentTime:1663951140005,   getTime():Fri Sep 23 23:39:00 GMT+07:00 2022,   getTimeZone():libcore.util.ZoneInfo[mDstSavings=0,mUseDst=false,mDelegate=[id="Asia/Krasnoyarsk",mRawOffset=25200000,mEarliestRawOffset=22286000,transitions=66]])
09-23 23:39:00.018 18045 18045 D QS      : setQSExpansion 0.0 -116.024994
09-23 23:39:00.020 18045 18045 D QS      : setQSExpansion 0.0 -116.024994
09-23 23:39:00.020 18045 18045 V SecQSFragmentAnimatorBase: setQsExpansionPosition 0.0
09-23 23:39:00.021 18045 18045 V QsExpandAnimator: setQsExpansionPosition 0.0 0
09-23 23:39:00.021 18045 18045 D QS      : setQSExpansion 0.0 -116.024994
09-23 23:39:00.023 18045 18045 D IndicatorGardenInputProperty: updateRotation() prv:-1 >> new:0
09-23 23:39:00.023 18045 18045 D DeviceState: getDeviceResolutionPixelSize - currentDensity = 420 deviceDensity = 420 initialDisplaySizeFactor = 1080 currentDisplaySizeFactor = 1080 initialDisplayDensity = 420 proportionalDensity = 420 proportionalPixel = 0
09-23 23:39:00.023 18045 18045 D DeviceState: getDeviceResolutionPixelSize - currentDensity = 420 deviceDensity = 420 initialDisplaySizeFactor = 1080 currentDisplaySizeFactor = 1080 initialDisplayDensity = 420 proportionalDensity = 420 proportionalPixel = 0
09-23 23:39:00.023 18045 18045 D DeviceState: getDeviceResolutionPixelSize - currentDensity = 420 deviceDensity = 420 initialDisplaySizeFactor = 1080 currentDisplaySizeFactor = 1080 initialDisplayDensity = 420 proportionalDensity = 420 proportionalPixel = 0
09-23 23:39:00.023 18045 18045 E IndicatorGardenAlgorithmBasicCutout: NOT MATCH !!!! resourceHeight:78, cutoutHeight:83 ([IndicatorGardenInputProperty]  Rotation(0-0,90-1,180-2,270-3)0, Density:2.625, ScreenWidthSize:1080, CoverSidePadding:0, mIndicatorGardenCenterOffset:11, mCameraCutoutCropSize:80, mGardenPaddingStart:21, mIndicatorCornerPadding:0, mCameraSidePadding:0, mCameraTopMargin:0, DpCutout:DisplayCutout{insets=Rect(0, 83 - 0, 0) waterfall=Insets{left=0, top=0, right=0, bottom=0} boundingRect={Bounds=[Rect(0, 0 - 0, 0), Rect(443, 0 - 637, 83), Rect(0, 0 - 0, 0), Rect(0, 0 - 0, 0)]} cutoutPathParserInfo={CutoutPathParserInfo{displayWidth=1080 displayHeight=2340 density={2.625} cutoutSpec={M36.95,0C26.35,0,24.15,3.8,23.15,9.8 l-0.1,0.7c-1.7,9.6-9.3,17.2-18.9,18.9c-12.7,2.2-24.8-6.2-27-18.9 c0,0-0.1-0.7-0.1-0.7C-24.15,3.8,-26.25,0,-36.95,0Z @dp} rotation={0} scale={1.0}}}})
09-23 23:39:00.023 18045 18045 E IndicatorGardenAlgorithmBasicCutout: NOT MATCH !!!! resourceHeight:78, cutoutHeight:83 ([IndicatorGardenInputProperty]  Rotation(0-0,90-1,180-2,270-3)0, Density:2.625, ScreenWidthSize:1080, CoverSidePadding:0, mIndicatorGardenCenterOffset:11, mCameraCutoutCropSize:80, mGardenPaddingStart:21, mIndicatorCornerPadding:0, mCameraSidePadding:0, mCameraTopMargin:0, DpCutout:DisplayCutout{insets=Rect(0, 83 - 0, 0) waterfall=Insets{left=0, top=0, right=0, bottom=0} boundingRect={Bounds=[Rect(0, 0 - 0, 0), Rect(443, 0 - 637, 83), Rect(0, 0 - 0, 0), Rect(0, 0 - 0, 0)]} cutoutPathParserInfo={CutoutPathParserInfo{displayWidth=1080 displayHeight=2340 density={2.625} cutoutSpec={M36.95,0C26.35,0,24.15,3.8,23.15,9.8 l-0.1,0.7c-1.7,9.6-9.3,17.2-18.9,18.9c-12.7,2.2-24.8-6.2-27-18.9 c0,0-0.1-0.7-0.1-0.7C-24.15,3.8,-26.25,0,-36.95,0Z @dp} rotation={0} scale={1.0}}}})
09-23 23:39:00.025 18045 18045 W Looper  : Slow dispatch took 15ms main h=android.view.Choreographer$FrameHandler c=android.view.Choreographer$FrameDisplayEventReceiver@42c2551 m=0
09-23 23:39:00.025 18045 18045 V QsExpandAnimator: updateAnimators
09-23 23:39:00.025 18045 18045 V QsExpandAnimator: clearAnimationState
09-23 23:39:00.027 18045 18045 V QsExpandAnimator: setQsExpansionPosition 0.0 0
09-23 23:39:00.209  4818 19299 E power   : ISystemSuspend::getService() failed.
09-23 23:39:00.210  5520  5547 I System.out: Broadcasting: Intent { act=com.sec.intent.action.SARDEVICE_CP flg=0x10000000 (has extras) }
09-23 23:39:00.211 19127 19669 I RILClient: processUnsolicited(): resp_id (11090), len(118)
09-23 23:39:00.215  5240  5273 W ProcessStats: Tracking association SourceState{9eab899 system/1000 BTopFgs #821361} whose proc state 2 is better than process ProcessState{c224a70 com.adguard.android/10280 pkg=com.adguard.android} proc state 3 (6 skipped)
09-23 23:39:00.215  5240  5373 D MotionRecognitionService:   onReceive : SARDEVICE_CP, callAction = on deviceID = 3 slot = 0
09-23 23:39:00.215  5240  5373 W MotionRecognitionService: id : 0 cmd :on
09-23 23:39:00.215  5240  5373 I MotionRecognitionService: [SAR] Received request for MainGrip
09-23 23:39:00.218  5240  5373 D SensorService: [GripSensor] ++ setGripThdWithMCC  (65560)
09-23 23:39:00.219  5240  5373 D SensorService: GripSensor: MCC Path does not exist
09-23 23:39:00.219  5240  5373 D SensorService: Calling batch handle==33554443 flags=0 rate=200000000 timeout== 0
09-23 23:39:00.220  4842  4842 I SensorsGrip: [grip_sensor] enable: GripSensor: enable handle = 11 en = 1
09-23 23:39:00.224  4838  4874 D BatteryDump: wait_for_battery_event : occurred : change@/devices/virtual/xt_idletimer/timers
09-23 23:39:00.224  5240  5373 D SensorManager: registerListener :: 33554443, A96T3X6 Grip sensor, 200000, 0, com.samsung.android.gesture.MotionRecognitionSAR$SensorGripEventListener@9dec673
09-23 23:39:00.224  5240  5373 D MotionRecognitionService: [SAR] enableGripSensor
09-23 23:39:00.224  5240  5373 D MotionRecognitionService: mSarGripSlot is 1
09-23 23:39:00.225  5240  5373 W MotionRecognitionService: id : 1 cmd :on
09-23 23:39:00.225  5240  5373 D MotionRecognitionService: mSarProxSlot is 1
09-23 23:39:00.231  5240  5420 D ConnectivityService: reportNetworkActive, notify 0 listeners
09-23 23:39:00.236  4842  4905 I SensorsGrip: [grip_sensor] readEvents: GripSensor: grip data = TOUCH
09-23 23:39:00.236  4842  4905 I SensorsGrip: [grip_sensor] readEvents: GripSensor: grip data = TOUCH
09-23 23:39:00.239  5520  6480 I System.out: Broadcast completed: result=0
09-23 23:39:00.241  5240  5373 D MotionRecognitionService: [SAR] == >> GripVal = 1
09-23 23:39:00.242  5240  5373 I MotionRecognitionService: [SAR] GripWifi disabled
09-23 23:39:00.242  5240  5373 D MotionRecognitionService: set SAR_DEVICE_GRIP
09-23 23:39:00.242  5240  5373 D MotionRecognitionService: [SAR] == >> GripVal = 1
09-23 23:39:00.242  5240  5373 I MotionRecognitionService: [SAR] GripWifi disabled
09-23 23:39:00.242  5240  5373 D MotionRecognitionService: set SAR_DEVICE_GRIP
09-23 23:39:00.242  5240  5373 E MotionRecognitionService: handleMessage: event 100 value : 1
09-23 23:39:00.252  5240  5373 D MotionRecognitionService: set TransmitPower  value : 1
09-23 23:39:00.252  5240  5373 E MotionRecognitionService: handleMessage: event 100 value : 1
09-23 23:39:00.268  5240  5373 D MotionRecognitionService: set TransmitPower  value : 1
09-23 23:39:00.768 18045 18078 D MobileStatusTracker(0/1): onDataActivity: direction=3
09-23 23:39:00.769 18045 18078 D CscParser: OMC path : /optics/configs/carriers/single/SER/conf/customer.xml
09-23 23:39:00.769 18045 18078 I CscParser: getCustomerPath : omc customer file can read
09-23 23:39:00.769 18045 18078 E CscParser: update(): xml file exist
09-23 23:39:00.783 18045 18078 D NetworkController.MobileSignalController(0/1): notifyListener: enabled=true, connected=true, dataConnected=true, networkType=LTE (4G), emergencyOnly=false, roaming=false, isDefault=true, fiveGAvailable=false, mmWave=false, showDisabledDataIcon=false, voWifiConnected=false, dataActivity=inout, simState=null, cardOperator=OTHERS, simCardActivated=1
09-23 23:39:00.804  4917  4917 I SurfaceFlinger: SFWD update time=206908972407275
09-23 23:39:00.916  4428  4428 D io_stats: !@   8,0 r 11604128 289106496 w 6756760 121875796 d 0 0 f 0 0 iot 4050412 0 th 0 0 0 pt 0 inp 0 0 206909.083
09-23 23:39:01.971 18045 18078 D MobileStatusTracker(0/1): onDataActivity: direction=0
09-23 23:39:01.971 18045 18078 D CscParser: OMC path : /optics/configs/carriers/single/SER/conf/customer.xml
09-23 23:39:01.972 18045 18078 I CscParser: getCustomerPath : omc customer file can read
09-23 23:39:01.972 18045 18078 E CscParser: update(): xml file exist
09-23 23:39:01.987 18045 18078 D NetworkController.MobileSignalController(0/1): notifyListener: enabled=true, connected=true, dataConnected=true, networkType=LTE (4G), emergencyOnly=false, roaming=false, isDefault=true, fiveGAvailable=false, mmWave=false, showDisabledDataIcon=false, voWifiConnected=false, dataActivity=, simState=null, cardOperator=OTHERS, simCardActivated=1
09-23 23:39:02.207  5240  5379 W ActivityManager: Foreground service started from background can not have location/camera/microphone access: service com.adguard.android/.AdguardService
09-23 23:39:02.208  5240  5273 D ApplicationPolicy: isStatusBarNotificationAllowedAsUser: packageName = com.adguard.android,userId = 0
09-23 23:39:02.209  5240  5273 D ApplicationPolicy: isStatusBarNotificationAllowedAsUser: packageName = com.adguard.android,userId = 0
09-23 23:39:04.274 18045 18078 D MobileStatusTracker(0/1): onDataActivity: direction=3
09-23 23:39:04.275 18045 18078 D CscParser: OMC path : /optics/configs/carriers/single/SER/conf/customer.xml
09-23 23:39:04.275 18045 18078 I CscParser: getCustomerPath : omc customer file can read
09-23 23:39:04.275 18045 18078 E CscParser: update(): xml file exist
09-23 23:39:04.291 18045 18078 D NetworkController.MobileSignalController(0/1): notifyListener: enabled=true, connected=true, dataConnected=true, networkType=LTE (4G), emergencyOnly=false, roaming=false, isDefault=true, fiveGAvailable=false, mmWave=false, showDisabledDataIcon=false, voWifiConnected=false, dataActivity=inout, simState=null, cardOperator=OTHERS, simCardActivated=1
09-23 23:39:05.149 11651 11651 D BoundBrokerSvc: onBind: Intent { act=com.google.android.gms.safetynet.service.START pkg=com.google.android.gms }
09-23 23:39:05.149 11651 11651 D BoundBrokerSvc: Loading bound service for intent: Intent { act=com.google.android.gms.safetynet.service.START pkg=com.google.android.gms }
09-23 23:39:05.482 18045 18078 D MobileStatusTracker(0/1): onDataActivity: direction=0
09-23 23:39:05.483 18045 18078 D CscParser: OMC path : /optics/configs/carriers/single/SER/conf/customer.xml
09-23 23:39:05.483 18045 18078 I CscParser: getCustomerPath : omc customer file can read
09-23 23:39:05.483 18045 18078 E CscParser: update(): xml file exist
09-23 23:39:05.500 18045 18078 D NetworkController.MobileSignalController(0/1): notifyListener: enabled=true, connected=true, dataConnected=true, networkType=LTE (4G), emergencyOnly=false, roaming=false, isDefault=true, fiveGAvailable=false, mmWave=false, showDisabledDataIcon=false, voWifiConnected=false, dataActivity=, simState=null, cardOperator=OTHERS, simCardActivated=1
09-23 23:39:07.781 18045 18078 D MobileStatusTracker(0/1): onDataActivity: direction=3
09-23 23:39:07.782 18045 18078 D CscParser: OMC path : /optics/configs/carriers/single/SER/conf/customer.xml
09-23 23:39:07.782 18045 18078 I CscParser: getCustomerPath : omc customer file can read
09-23 23:39:07.782 18045 18078 E CscParser: update(): xml file exist
09-23 23:39:07.798 18045 18078 D NetworkController.MobileSignalController(0/1): notifyListener: enabled=true, connected=true, dataConnected=true, networkType=LTE (4G), emergencyOnly=false, roaming=false, isDefault=true, fiveGAvailable=false, mmWave=false, showDisabledDataIcon=false, voWifiConnected=false, dataActivity=inout, simState=null, cardOperator=OTHERS, simCardActivated=1
09-23 23:39:08.922  4428  4428 D io_stats: !@   8,0 r 11604129 289106500 w 6756785 121875996 d 0 0 f 0 0 iot 4050420 0 th 0 0 0 pt 0 inp 0 0 206917.089
09-23 23:39:08.929 18045 18078 D MobileStatusTracker(0/1): onDataActivity: direction=1
09-23 23:39:08.930 18045 18078 D CscParser: OMC path : /optics/configs/carriers/single/SER/conf/customer.xml
09-23 23:39:08.930 18045 18078 I CscParser: getCustomerPath : omc customer file can read
09-23 23:39:08.930 18045 18078 E CscParser: update(): xml file exist
09-23 23:39:08.946 18045 18078 D NetworkController.MobileSignalController(0/1): notifyListener: enabled=true, connected=true, dataConnected=true, networkType=LTE (4G), emergencyOnly=false, roaming=false, isDefault=true, fiveGAvailable=false, mmWave=false, showDisabledDataIcon=false, voWifiConnected=false, dataActivity=in, simState=null, cardOperator=OTHERS, simCardActivated=1
09-23 23:39:09.124 31549 31549 I wpa_supplicant: Heartbeat 2557
09-23 23:39:10.075 18045 18078 D MobileStatusTracker(0/1): onDataActivity: direction=3
09-23 23:39:10.075 18045 18078 D CscParser: OMC path : /optics/configs/carriers/single/SER/conf/customer.xml
09-23 23:39:10.075 18045 18078 I CscParser: getCustomerPath : omc customer file can read
09-23 23:39:10.076 18045 18078 E CscParser: update(): xml file exist
09-23 23:39:10.092 18045 18078 D NetworkController.MobileSignalController(0/1): notifyListener: enabled=true, connected=true, dataConnected=true, networkType=LTE (4G), emergencyOnly=false, roaming=false, isDefault=true, fiveGAvailable=false, mmWave=false, showDisabledDataIcon=false, voWifiConnected=false, dataActivity=inout, simState=null, cardOperator=OTHERS, simCardActivated=1
09-23 23:39:10.923  4428  4428 D io_stats: !@   8,0 r 11604305 289110288 w 6756804 121876188 d 0 0 f 0 0 iot 4050460 0 th 0 0 0 pt 0 inp 0 0 206919.090
09-23 23:39:11.989  5240  5269 E Watchdog: !@Sync: 6888 heap: 84 / 99 [2022-09-23 23:39:11.989] sdogWay: softdog FD: 93909-23 23:39:12.356 18045 18078 D MobileStatusTracker(0/1): onDataActivity: direction=0
09-23 23:39:12.357 18045 18078 D CscParser: OMC path : /optics/configs/carriers/single/SER/conf/customer.xml
09-23 23:39:12.357 18045 18078 I CscParser: getCustomerPath : omc customer file can read
09-23 23:39:12.358 18045 18078 E CscParser: update(): xml file exist
